Archive member included to satisfy reference by file (symbol)

/home/wihler/labs/micro/project_workspace/myLab2_blackjack/src/libs/libMyLab_lib.a(I2C.o)
                              ./src/liblcp/inputs/touch_screen/touch_screen.o (init_i2c)
/home/wihler/labs/micro/project_workspace/myLab2_blackjack/src/libs/libMyLab_lib.a(ledrgb.o)
                              ./src/main.o (init_rgb)
/usr/local/mcuxpressoide-24.9.25/ide/plugins/com.nxp.mcuxpresso.tools.linux_24.9.0.202407110857/tools/bin/../lib/gcc/arm-none-eabi/13.2.1/../../../../arm-none-eabi/lib/thumb/v7-m/nofp/libcr_semihost.a(_cr__main.o)
                              ./src/cr_startup_lpc175x_6x.o (__main)
/usr/local/mcuxpressoide-24.9.25/ide/plugins/com.nxp.mcuxpresso.tools.linux_24.9.0.202407110857/tools/bin/../lib/gcc/arm-none-eabi/13.2.1/../../../../arm-none-eabi/lib/thumb/v7-m/nofp/libcr_c.a(fabsf.o)
                              ./src/liblcp/rendering/utils/color_utils.o (fabsf)
/usr/local/mcuxpressoide-24.9.25/ide/plugins/com.nxp.mcuxpresso.tools.linux_24.9.0.202407110857/tools/bin/../lib/gcc/arm-none-eabi/13.2.1/../../../../arm-none-eabi/lib/thumb/v7-m/nofp/libcr_c.a(fmodf.o)
                              ./src/liblcp/rendering/utils/color_utils.o (fmodf)
/usr/local/mcuxpressoide-24.9.25/ide/plugins/com.nxp.mcuxpresso.tools.linux_24.9.0.202407110857/tools/bin/../lib/gcc/arm-none-eabi/13.2.1/../../../../arm-none-eabi/lib/thumb/v7-m/nofp/libcr_c.a(modff.o)
                              /usr/local/mcuxpressoide-24.9.25/ide/plugins/com.nxp.mcuxpresso.tools.linux_24.9.0.202407110857/tools/bin/../lib/gcc/arm-none-eabi/13.2.1/../../../../arm-none-eabi/lib/thumb/v7-m/nofp/libcr_c.a(fmodf.o) (modff)
/usr/local/mcuxpressoide-24.9.25/ide/plugins/com.nxp.mcuxpresso.tools.linux_24.9.0.202407110857/tools/bin/../lib/gcc/arm-none-eabi/13.2.1/../../../../arm-none-eabi/lib/thumb/v7-m/nofp/libcr_c.a(memcpy.o)
                              ./src/liblcp/utils/dyn_array/dyn_array.o (memcpy)
/usr/local/mcuxpressoide-24.9.25/ide/plugins/com.nxp.mcuxpresso.tools.linux_24.9.0.202407110857/tools/bin/../lib/gcc/arm-none-eabi/13.2.1/../../../../arm-none-eabi/lib/thumb/v7-m/nofp/libcr_c.a(memmove.o)
                              ./src/liblcp/utils/dyn_array/dyn_array.o (memmove)
/usr/local/mcuxpressoide-24.9.25/ide/plugins/com.nxp.mcuxpresso.tools.linux_24.9.0.202407110857/tools/bin/../lib/gcc/arm-none-eabi/13.2.1/../../../../arm-none-eabi/lib/thumb/v7-m/nofp/libcr_c.a(memset.o)
                              ./src/liblcp/gpio/gpio_interrupts.o (memset)
/usr/local/mcuxpressoide-24.9.25/ide/plugins/com.nxp.mcuxpresso.tools.linux_24.9.0.202407110857/tools/bin/../lib/gcc/arm-none-eabi/13.2.1/../../../../arm-none-eabi/lib/thumb/v7-m/nofp/libcr_c.a(alloc.o)
                              ./src/liblcp/utils/string_utils/string_utils.o (malloc)
/usr/local/mcuxpressoide-24.9.25/ide/plugins/com.nxp.mcuxpresso.tools.linux_24.9.0.202407110857/tools/bin/../lib/gcc/arm-none-eabi/13.2.1/../../../../arm-none-eabi/lib/thumb/v7-m/nofp/libcr_c.a(cr_time.o)
                              ./src/main.o (time)
/usr/local/mcuxpressoide-24.9.25/ide/plugins/com.nxp.mcuxpresso.tools.linux_24.9.0.202407110857/tools/bin/../lib/gcc/arm-none-eabi/13.2.1/../../../../arm-none-eabi/lib/thumb/v7-m/nofp/libcr_c.a(errno.o)
                              /usr/local/mcuxpressoide-24.9.25/ide/plugins/com.nxp.mcuxpresso.tools.linux_24.9.0.202407110857/tools/bin/../lib/gcc/arm-none-eabi/13.2.1/../../../../arm-none-eabi/lib/thumb/v7-m/nofp/libcr_c.a(fmodf.o) (errno)
/usr/local/mcuxpressoide-24.9.25/ide/plugins/com.nxp.mcuxpresso.tools.linux_24.9.0.202407110857/tools/bin/../lib/gcc/arm-none-eabi/13.2.1/../../../../arm-none-eabi/lib/thumb/v7-m/nofp/libcr_c.a(initio.o)
                              /usr/local/mcuxpressoide-24.9.25/ide/plugins/com.nxp.mcuxpresso.tools.linux_24.9.0.202407110857/tools/bin/../lib/gcc/arm-none-eabi/13.2.1/../../../../arm-none-eabi/lib/thumb/v7-m/nofp/libcr_semihost.a(_cr__main.o) (_initio)
/usr/local/mcuxpressoide-24.9.25/ide/plugins/com.nxp.mcuxpresso.tools.linux_24.9.0.202407110857/tools/bin/../lib/gcc/arm-none-eabi/13.2.1/../../../../arm-none-eabi/lib/thumb/v7-m/nofp/libcr_c.a(setvbuf.o)
                              /usr/local/mcuxpressoide-24.9.25/ide/plugins/com.nxp.mcuxpresso.tools.linux_24.9.0.202407110857/tools/bin/../lib/gcc/arm-none-eabi/13.2.1/../../../../arm-none-eabi/lib/thumb/v7-m/nofp/libcr_c.a(initio.o) (setvbuf)
/usr/local/mcuxpressoide-24.9.25/ide/plugins/com.nxp.mcuxpresso.tools.linux_24.9.0.202407110857/tools/bin/../lib/gcc/arm-none-eabi/13.2.1/../../../../arm-none-eabi/lib/thumb/v7-m/nofp/libcr_c.a(stdlib.o)
                              ./src/game/scene/scenes/credit_scene.o (rand)
/usr/local/mcuxpressoide-24.9.25/ide/plugins/com.nxp.mcuxpresso.tools.linux_24.9.0.202407110857/tools/bin/../lib/gcc/arm-none-eabi/13.2.1/../../../../arm-none-eabi/lib/thumb/v7-m/nofp/libcr_c.a(strcpy.o)
                              ./src/game/blackjack/render/blackjack_render.o (strcpy)
[...]
Memory Configuration

Name             Origin             Length             Attributes
MFlash512        0x00000000         0x00080000         xr
RamLoc32         0x10000000         0x00008000         xrw
RamAHB32         0x2007c000         0x00008000         xrw
*default*        0x00000000         0xffffffff

Linker script and memory map

LOAD ./src/liblcp/utils/string_utils/string_utils.o
LOAD ./src/liblcp/utils/dyn_array/dyn_array.o
LOAD ./src/liblcp/utils/utils.o
LOAD ./src/liblcp/time/time.o
LOAD ./src/liblcp/spi/spi.o
LOAD ./src/liblcp/rendering/utils/color_utils.o
LOAD ./src/liblcp/rendering/utils/lerp.o
LOAD ./src/liblcp/rendering/utils/rect.o
LOAD ./src/liblcp/rendering/ui/fonts/fonts.o
LOAD ./src/liblcp/rendering/ui/elements/trigger_zone/trigger_zone.o
LOAD ./src/liblcp/rendering/ui/elements/textbox/textbox.o
LOAD ./src/liblcp/rendering/sprite/sprite.o
LOAD ./src/liblcp/rendering/screen/screen.o
LOAD ./src/liblcp/rendering/drawing/draw_utils.o
LOAD ./src/liblcp/log/log.o
LOAD ./src/liblcp/ledrgb/ledrgb.o
LOAD ./src/liblcp/inputs/touch_screen/touch_screen.o
LOAD ./src/liblcp/inputs/input_manager.o
LOAD ./src/liblcp/gpio/gpio.o
LOAD ./src/liblcp/gpio/gpio_interrupts.o
LOAD ./src/game/scene/scenes/credit_scene.o
LOAD ./src/game/scene/scenes/game_scene.o
LOAD ./src/game/scene/scenes/new_game_scene.o
LOAD ./src/game/scene/scenes/title_screen_scene.o
LOAD ./src/game/scene/scene.o
LOAD ./src/game/blackjack/render/blackjack_render.o
LOAD ./src/game/blackjack/popup/player_action_popup/player_action_popup.o
LOAD ./src/game/blackjack/popup/bet_popup/bet_popup.o
LOAD ./src/game/blackjack/card/card.o
LOAD ./src/game/blackjack/blackjack.o
LOAD ./src/game/game.o
LOAD ./src/cr_startup_lpc175x_6x.o
LOAD ./src/crp.o
LOAD ./src/main.o
LOAD /home/wihler/labs/micro/project_workspace/myLab2_blackjack/src/libs/libMyLab_lib.a
START GROUP
LOAD /usr/local/mcuxpressoide-24.9.25/ide/plugins/com.nxp.mcuxpresso.tools.linux_24.9.0.202407110857/tools/bin/../lib/gcc/arm-none-eabi/13.2.1/../../../../arm-none-eabi/lib/thumb/v7-m/nofp/libcr_semihost.a
LOAD /usr/local/mcuxpressoide-24.9.25/ide/plugins/com.nxp.mcuxpresso.tools.linux_24.9.0.202407110857/tools/bin/../lib/gcc/arm-none-eabi/13.2.1/../../../../arm-none-eabi/lib/thumb/v7-m/nofp/libcr_c.a
LOAD /usr/local/mcuxpressoide-24.9.25/ide/plugins/com.nxp.mcuxpresso.tools.linux_24.9.0.202407110857/tools/bin/../lib/gcc/arm-none-eabi/13.2.1/thumb/v7-m/nofp/libcr_eabihelpers.a
LOAD /usr/local/mcuxpressoide-24.9.25/ide/plugins/com.nxp.mcuxpresso.tools.linux_24.9.0.202407110857/tools/bin/../lib/gcc/arm-none-eabi/13.2.1/thumb/v7-m/nofp/libgcc.a
END GROUP
                0x00000000                        __base_MFlash512 = 0x0
                0x00000000                        __base_Flash = 0x0
                0x00080000                        __top_MFlash512 = 0x80000
                0x00080000                        __top_Flash = 0x80000
                0x10000000                        __base_RamLoc32 = 0x10000000
                0x10000000                        __base_RAM = 0x10000000
                0x10008000                        __top_RamLoc32 = 0x10008000
                0x10008000                        __top_RAM = 0x10008000
                0x2007c000                        __base_RamAHB32 = 0x2007c000
                0x2007c000                        __base_RAM2 = 0x2007c000
                0x20084000                        __top_RamAHB32 = 0x20084000
                0x20084000                        __top_RAM2 = 0x20084000

.text           0x00000000    0x74b78
 FILL mask 0xff
                0x00000000                        __vectors_start__ = ABSOLUTE (.)
 *(.isr_vector)
 .isr_vector    0x00000000       0xcc ./src/cr_startup_lpc175x_6x.o
                0x00000000                g_pfnVectors
                0x000000cc                        . = ALIGN (0x4)
                0x000000cc                        __section_table_start = .
                0x000000cc                        __data_section_table = .
                0x000000cc        0x4 LONG 0x74b78 LOADADDR (.data)
                0x000000d0        0x4 LONG 0x10000000 ADDR (.data)
                0x000000d4        0x4 LONG 0x124 SIZEOF (.data)
                0x000000d8        0x4 LONG 0x74b78 LOADADDR (.data_RAM2)
                0x000000dc        0x4 LONG 0x2007c000 ADDR (.data_RAM2)
                0x000000e0        0x4 LONG 0x0 SIZEOF (.data_RAM2)
                0x000000e4                        __data_section_table_end = .
                0x000000e4                        __bss_section_table = .
                0x000000e4        0x4 LONG 0x10000128 ADDR (.bss)
                0x000000e8        0x4 LONG 0x230 SIZEOF (.bss)
                0x000000ec        0x4 LONG 0x2007c000 ADDR (.bss_RAM2)
                0x000000f0        0x4 LONG 0x0 SIZEOF (.bss_RAM2)
                0x000000f4                        __bss_section_table_end = .
                0x000000f4                        __section_table_end = .
 *(.after_vectors*)
 .after_vectors
                0x000000f4      0x144 ./src/cr_startup_lpc175x_6x.o
                0x000000f4                data_init
                0x00000138                bss_init
                0x00000170                ResetISR
                0x000001e8                NMI_Handler
                0x000001f0                HardFault_Handler
                0x000001f8                MemManage_Handler
                0x00000200                BusFault_Handler
                0x00000208                UsageFault_Handler
                0x00000210                SVC_Handler
                0x00000218                DebugMon_Handler
                0x00000220                PendSV_Handler
                0x00000230                TIMER2_IRQHandler
                0x00000230                RIT_IRQHandler
                0x00000230                I2C0_IRQHandler
                0x00000230                USBActivity_IRQHandler
                0x00000230                PWM1_IRQHandler
                0x00000230                I2C1_IRQHandler
                0x00000230                EINT2_IRQHandler
                0x00000230                UART1_IRQHandler
                0x00000230                CANActivity_IRQHandler
                0x00000230                TIMER3_IRQHandler
                0x00000230                UART0_IRQHandler
                0x00000230                IntDefaultHandler
                0x00000230                PLL0_IRQHandler
                0x00000230                CAN_IRQHandler
                0x00000230                PLL1_IRQHandler
                0x00000230                SSP0_IRQHandler
                0x00000230                I2S_IRQHandler
                0x00000230                I2C2_IRQHandler
                0x00000230                RTC_IRQHandler
                0x00000230                TIMER0_IRQHandler
                0x00000230                SPI_IRQHandler
                0x00000230                EINT1_IRQHandler
                0x00000230                TIMER1_IRQHandler
                0x00000230                UART2_IRQHandler
                0x00000230                ADC_IRQHandler
                0x00000230                SSP1_IRQHandler
                0x00000230                USB_IRQHandler
                0x00000230                BOD_IRQHandler
                0x00000230                WDT_IRQHandler
                0x00000230                QEI_IRQHandler
                0x00000230                EINT0_IRQHandler
                0x00000230                UART3_IRQHandler
                0x00000230                MCPWM_IRQHandler
                0x00000230                ENET_IRQHandler
                0x000002fc                        . = 0x2fc
 *fill*         0x00000238       0xc4 ff
                0x000002fc                        PROVIDE (__CRP_WORD_START__ = .)
 *(.crp)
 .crp           0x000002fc        0x4 ./src/crp.o
                0x000002fc                CRP_WORD
                0x00000300                        PROVIDE (__CRP_WORD_END__ = .)
                0x00000001                        ASSERT (! ((__CRP_WORD_START__ == __CRP_WORD_END__)), Linker CRP Enabled, but no CRP_WORD provided within application)
 *(.text*)
 .text.str_from_uint16
                0x00000300      0x104 ./src/liblcp/utils/string_utils/string_utils.o
                0x00000300                str_from_uint16
 .text.str_from_uint64
                0x00000404      0x106 ./src/liblcp/utils/string_utils/string_utils.o
                0x00000404                str_from_uint64
 .text.auto_growth_condition
                0x0000050a       0x24 ./src/liblcp/utils/dyn_array/dyn_array.o
 .text.dyn_array_create
                0x0000052e       0x70 ./src/liblcp/utils/dyn_array/dyn_array.o
                0x0000052e                dyn_array_create
 .text.dyn_array_destroy
                0x0000059e       0x30 ./src/liblcp/utils/dyn_array/dyn_array.o
                0x0000059e                dyn_array_destroy
 .text.dyn_array_count
                0x000005ce       0x16 ./src/liblcp/utils/dyn_array/dyn_array.o
                0x000005ce                dyn_array_count
 .text.dyn_array_get
                0x000005e4       0x48 ./src/liblcp/utils/dyn_array/dyn_array.o
                0x000005e4                dyn_array_get
 .text.dyn_array_push_back
                0x0000062c       0x3e ./src/liblcp/utils/dyn_array/dyn_array.o
                0x0000062c                dyn_array_push_back
 .text.dyn_array_clear
                0x0000066a       0x26 ./src/liblcp/utils/dyn_array/dyn_array.o
                0x0000066a                dyn_array_clear
 .text.get_at   0x00000690       0x24 ./src/liblcp/utils/dyn_array/dyn_array.o
 .text.destroy_elements
                0x000006b4       0x4a ./src/liblcp/utils/dyn_array/dyn_array.o
 .text.resize   0x000006fe       0x5a ./src/liblcp/utils/dyn_array/dyn_array.o
 .text.auto_growth
                0x00000758       0x2e ./src/liblcp/utils/dyn_array/dyn_array.o
 *fill*         0x00000786        0x2 ff
 .text.SystemInit
                0x00000788      0x144 ./src/liblcp/utils/utils.o
                0x00000788                SystemInit
 .text.SysTick_Handler
                0x000008cc       0x1c ./src/liblcp/time/time.o
                0x000008cc                SysTick_Handler
 .text.time_init_system_clock
                0x000008e8       0x34 ./src/liblcp/time/time.o
                0x000008e8                time_init_system_clock
 .text.time_wait_ms
                0x0000091c       0x30 ./src/liblcp/time/time.o
                0x0000091c                time_wait_ms
 .text.spi_send
                0x0000094c       0x34 ./src/liblcp/spi/spi.o
                0x0000094c                spi_send
 .text.hsv_to_rgb
                0x00000980      0x194 ./src/liblcp/rendering/utils/color_utils.o
                0x00000980                hsv_to_rgb
 .text.in_rect  0x00000b14       0x5c ./src/liblcp/rendering/utils/rect.o
                0x00000b14                in_rect
 .text.trigger_zone_init
                0x00000b70       0x58 ./src/liblcp/rendering/ui/elements/trigger_zone/trigger_zone.o
                0x00000b70                trigger_zone_init
 .text.trigger_zone_add
                0x00000bc8       0x28 ./src/liblcp/rendering/ui/elements/trigger_zone/trigger_zone.o
                0x00000bc8                trigger_zone_add
 .text.trigger_zone_clear
                0x00000bf0       0x18 ./src/liblcp/rendering/ui/elements/trigger_zone/trigger_zone.o
                0x00000bf0                trigger_zone_clear
 .text.trigger_zone_test
                0x00000c08       0x6c ./src/liblcp/rendering/ui/elements/trigger_zone/trigger_zone.o
                0x00000c08                trigger_zone_test
 .text.tbox_draw
                0x00000c74      0x1aa ./src/liblcp/rendering/ui/elements/textbox/textbox.o
                0x00000c74                tbox_draw
 .text.draw_char
                0x00000e1e       0x9e ./src/liblcp/rendering/ui/elements/textbox/textbox.o
 .text.sprite_render
                0x00000ebc       0x90 ./src/liblcp/rendering/sprite/sprite.o
                0x00000ebc                sprite_render
 .text.screen_init
                0x00000f4c       0xe4 ./src/liblcp/rendering/screen/screen.o
                0x00000f4c                screen_init
 .text.screen_write_start
                0x00001030       0x40 ./src/liblcp/rendering/screen/screen.o
                0x00001030                screen_write_start
 .text.screen_write
                0x00001070       0x1a ./src/liblcp/rendering/screen/screen.o
                0x00001070                screen_write
 *fill*         0x0000108a        0x2 ff
 .text.screen_write_end
                0x0000108c       0x18 ./src/liblcp/rendering/screen/screen.o
                0x0000108c                screen_write_end
 .text.screen_write_16b
                0x000010a4       0x2a ./src/liblcp/rendering/screen/screen.o
                0x000010a4                screen_write_16b
 .text.screen_write_command
                0x000010ce       0x24 ./src/liblcp/rendering/screen/screen.o
                0x000010ce                screen_write_command
 .text.screen_write_data
                0x000010f2       0x24 ./src/liblcp/rendering/screen/screen.o
                0x000010f2                screen_write_data
 .text.screen_set_vzone
                0x00001116       0x64 ./src/liblcp/rendering/screen/screen.o
                0x00001116                screen_set_vzone
 .text.ILI9341_Initial
                0x0000117a      0x21e ./src/liblcp/rendering/screen/screen.o
 .text.draw_rect
                0x00001398       0x6a ./src/liblcp/rendering/drawing/draw_utils.o
                0x00001398                draw_rect
 *fill*         0x00001402        0x2 ff
 .text.log_error
                0x00001404      0x1c4 ./src/liblcp/log/log.o
                0x00001404                log_error
 .text.create_error_message
                0x000015c8      0x188 ./src/liblcp/log/log.o
 .text.set_rgb_leds
                0x00001750       0xc8 ./src/liblcp/ledrgb/ledrgb.o
                0x00001750                set_rgb_leds
 .text.encode   0x00001818       0x5a ./src/liblcp/ledrgb/ledrgb.o
 *fill*         0x00001872        0x2 ff
 .text.touch_screen_init
                0x00001874       0x38 ./src/liblcp/inputs/touch_screen/touch_screen.o
                0x00001874                touch_screen_init
 .text.touch_screen_get_position
                0x000018ac       0xd8 ./src/liblcp/inputs/touch_screen/touch_screen.o
                0x000018ac                touch_screen_get_position
 .text.input_manager_get_instance
                0x00001984       0x3c ./src/liblcp/inputs/input_manager.o
                0x00001984                input_manager_get_instance
 .text.input_manager_init
                0x000019c0      0x10c ./src/liblcp/inputs/input_manager.o
                0x000019c0                input_manager_init
 .text.input_manager_destroy
                0x00001acc       0x5c ./src/liblcp/inputs/input_manager.o
                0x00001acc                input_manager_destroy
 .text.input_manager_add_listener
                0x00001b28       0x50 ./src/liblcp/inputs/input_manager.o
                0x00001b28                input_manager_add_listener
 .text.enable_handling
                0x00001b78       0x9c ./src/liblcp/inputs/input_manager.o
 .text.handle_button_a
                0x00001c14       0x54 ./src/liblcp/inputs/input_manager.o
 .text.handle_button_b
                0x00001c68       0x58 ./src/liblcp/inputs/input_manager.o
 .text.handle_touch_screen
                0x00001cc0       0x88 ./src/liblcp/inputs/input_manager.o
 .text.get_inst
                0x00001d48       0x3c ./src/liblcp/gpio/gpio_interrupts.o
 .text.gpio_int_init
                0x00001d84       0x8c ./src/liblcp/gpio/gpio_interrupts.o
                0x00001d84                gpio_int_init
 .text.gpio_int_free
                0x00001e10       0x34 ./src/liblcp/gpio/gpio_interrupts.o
                0x00001e10                gpio_int_free
 .text.gpio_int_enable
                0x00001e44       0x1c ./src/liblcp/gpio/gpio_interrupts.o
                0x00001e44                gpio_int_enable
 .text.gpio_int_set_fn
                0x00001e60       0xe8 ./src/liblcp/gpio/gpio_interrupts.o
                0x00001e60                gpio_int_set_fn
 .text.gpio_int_handle
                0x00001f48       0x86 ./src/liblcp/gpio/gpio_interrupts.o
                0x00001f48                gpio_int_handle
 .text.GPIO_IRQHandler
                0x00001fce       0x98 ./src/liblcp/gpio/gpio_interrupts.o
                0x00001fce                GPIO_IRQHandler
 *fill*         0x00002066        0x2 ff
 .text.get_int_reg
                0x00002068       0xc8 ./src/liblcp/gpio/gpio_interrupts.o
 .text.credit_load
                0x00002130       0x78 ./src/game/scene/scenes/credit_scene.o
 .text.credit_unload
                0x000021a8        0xc ./src/game/scene/scenes/credit_scene.o
 .text.credit_update
                0x000021b4       0xc8 ./src/game/scene/scenes/credit_scene.o
 .text.on_back_click
                0x0000227c        0xe ./src/game/scene/scenes/credit_scene.o
 *fill*         0x0000228a        0x2 ff
 .text.game_load
                0x0000228c       0x3c ./src/game/scene/scenes/game_scene.o
 .text.game_unload
                0x000022c8        0xc ./src/game/scene/scenes/game_scene.o
 .text.game_update
                0x000022d4        0xc ./src/game/scene/scenes/game_scene.o
 .text.play_round
                0x000022e0       0x78 ./src/game/scene/scenes/game_scene.o
 .text.new_game_load
                0x00002358       0x98 ./src/game/scene/scenes/new_game_scene.o
 .text.new_game_unload
                0x000023f0        0xc ./src/game/scene/scenes/new_game_scene.o
 .text.new_game_update
                0x000023fc        0xc ./src/game/scene/scenes/new_game_scene.o
 .text.on_start_click
                0x00002408        0xe ./src/game/scene/scenes/new_game_scene.o
 .text.on_back_click
                0x00002416        0xe ./src/game/scene/scenes/new_game_scene.o
 .text.on_character_arrow_left_click
                0x00002424       0x34 ./src/game/scene/scenes/new_game_scene.o
 .text.on_character_arrow_right_click
                0x00002458       0x2c ./src/game/scene/scenes/new_game_scene.o
 .text.draw_character_name
                0x00002484       0x70 ./src/game/scene/scenes/new_game_scene.o
 .text.title_screen_load
                0x000024f4       0xe8 ./src/game/scene/scenes/title_screen_scene.o
 .text.title_screen_unload
                0x000025dc        0xc ./src/game/scene/scenes/title_screen_scene.o
 .text.title_screen_update
                0x000025e8       0xa0 ./src/game/scene/scenes/title_screen_scene.o
 .text.on_new_game_click
                0x00002688       0x18 ./src/game/scene/scenes/title_screen_scene.o
 .text.on_credit_click
                0x000026a0        0xe ./src/game/scene/scenes/title_screen_scene.o
 .text.scene_init
                0x000026ae       0x34 ./src/game/scene/scene.o
                0x000026ae                scene_init
 .text.scene_load
                0x000026e2       0x16 ./src/game/scene/scene.o
                0x000026e2                scene_load
 .text.scene_unload
                0x000026f8       0x16 ./src/game/scene/scene.o
                0x000026f8                scene_unload
 .text.scene_update
                0x0000270e       0x16 ./src/game/scene/scene.o
                0x0000270e                scene_update
 .text.get_scene_api
                0x00002724       0x98 ./src/game/scene/scene.o
 .text.draw_cards
                0x000027bc       0xa0 ./src/game/blackjack/render/blackjack_render.o
                0x000027bc                draw_cards
 .text.draw_total
                0x0000285c       0xd4 ./src/game/blackjack/render/blackjack_render.o
                0x0000285c                draw_total
 .text.draw_bet
                0x00002930       0xc4 ./src/game/blackjack/render/blackjack_render.o
                0x00002930                draw_bet
 .text.draw_money
                0x000029f4       0xc4 ./src/game/blackjack/render/blackjack_render.o
                0x000029f4                draw_money
 .text.draw_big_text
                0x00002ab8      0x118 ./src/game/blackjack/render/blackjack_render.o
                0x00002ab8                draw_big_text
 .text.draw_bg  0x00002bd0       0x3c ./src/game/blackjack/render/blackjack_render.o
                0x00002bd0                draw_bg
 .text.draw_card
                0x00002c0c       0x6a ./src/game/blackjack/render/blackjack_render.o
 .text.draw_card_icon
                0x00002c76       0x62 ./src/game/blackjack/render/blackjack_render.o
 .text.draw_card_value
                0x00002cd8       0xa0 ./src/game/blackjack/render/blackjack_render.o
 .text.get_card_value_str
                0x00002d78       0x74 ./src/game/blackjack/render/blackjack_render.o
 .text.get_card_icon_sprite
                0x00002dec       0x7c ./src/game/blackjack/render/blackjack_render.o
 .text.get_big_text_text
                0x00002e68       0x60 ./src/game/blackjack/render/blackjack_render.o
 .text.player_action_popup_show
                0x00002ec8       0x68 ./src/game/blackjack/popup/player_action_popup/player_action_popup.o
                0x00002ec8                player_action_popup_show
 .text.draw_popup
                0x00002f30       0x28 ./src/game/blackjack/popup/player_action_popup/player_action_popup.o
 .text.clear_popup
                0x00002f58       0x34 ./src/game/blackjack/popup/player_action_popup/player_action_popup.o
 .text.enable_btn
                0x00002f8c       0x48 ./src/game/blackjack/popup/player_action_popup/player_action_popup.o
 .text.on_hit_click
                0x00002fd4       0x20 ./src/game/blackjack/popup/player_action_popup/player_action_popup.o
 .text.on_stand_click
                0x00002ff4       0x20 ./src/game/blackjack/popup/player_action_popup/player_action_popup.o
 .text.bet_popop_show
                0x00003014       0x78 ./src/game/blackjack/popup/bet_popup/bet_popup.o
                0x00003014                bet_popop_show
 .text.draw_popup
                0x0000308c       0x18 ./src/game/blackjack/popup/bet_popup/bet_popup.o
 .text.clear_popup
                0x000030a4       0x34 ./src/game/blackjack/popup/bet_popup/bet_popup.o
 .text.enable_btn
                0x000030d8       0xd4 ./src/game/blackjack/popup/bet_popup/bet_popup.o
 .text.update_bet_tbox
                0x000031ac       0x7c ./src/game/blackjack/popup/bet_popup/bet_popup.o
 .text.on_increment_click
                0x00003228       0x40 ./src/game/blackjack/popup/bet_popup/bet_popup.o
 .text.on_decrement_click
                0x00003268       0x30 ./src/game/blackjack/popup/bet_popup/bet_popup.o
 .text.on_25_percent_click
                0x00003298       0x34 ./src/game/blackjack/popup/bet_popup/bet_popup.o
 .text.on_50_percent_click
                0x000032cc       0x34 ./src/game/blackjack/popup/bet_popup/bet_popup.o
 .text.on_75_percent_click
                0x00003300       0x4c ./src/game/blackjack/popup/bet_popup/bet_popup.o
 .text.on_100_percent_click
                0x0000334c       0x24 ./src/game/blackjack/popup/bet_popup/bet_popup.o
 .text.on_ok_click
                0x00003370       0x18 ./src/game/blackjack/popup/bet_popup/bet_popup.o
 .text.card_create
                0x00003388       0x48 ./src/game/blackjack/card/card.o
                0x00003388                card_create
 .text.card_get_suit
                0x000033d0       0x20 ./src/game/blackjack/card/card.o
                0x000033d0                card_get_suit
 .text.card_get_value
                0x000033f0       0x1c ./src/game/blackjack/card/card.o
                0x000033f0                card_get_value
 .text.bj_init  0x0000340c       0xdc ./src/game/blackjack/blackjack.o
                0x0000340c                bj_init
 .text.bj_start
                0x000034e8      0x2d8 ./src/game/blackjack/blackjack.o
                0x000034e8                bj_start
 .text.draw_state
                0x000037c0       0x7c ./src/game/blackjack/blackjack.o
 .text.draw     0x0000383c       0x28 ./src/game/blackjack/blackjack.o
 .text.get_total
                0x00003864       0x88 ./src/game/blackjack/blackjack.o
 .text.game_instance
                0x000038ec       0x3c ./src/game/game.o
                0x000038ec                game_instance
 .text.game_init
                0x00003928       0x88 ./src/game/game.o
                0x00003928                game_init
 .text.game_start
                0x000039b0       0x28 ./src/game/game.o
                0x000039b0                game_start
 .text.game_stop
                0x000039d8       0x22 ./src/game/game.o
                0x000039d8                game_stop
 *fill*         0x000039fa        0x2 ff
 .text.game_destroy
                0x000039fc       0x2c ./src/game/game.o
                0x000039fc                game_destroy
 .text.game_load_scene
                0x00003a28       0x68 ./src/game/game.o
                0x00003a28                game_load_scene
 .text.game_loop
                0x00003a90       0x22 ./src/game/game.o
 .text.on_touch_screen
                0x00003ab2       0x32 ./src/main.o
                0x00003ab2                on_touch_screen
 .text.main     0x00003ae4       0x38 ./src/main.o
                0x00003ae4                main
 .text.init     0x00003b1c       0x6c ./src/main.o
 .text.init_i2c
                0x00003b88      0x1a0 /home/wihler/labs/micro/project_workspace/myLab2_blackjack/src/libs/libMyLab_lib.a(I2C.o)
                0x00003b88                init_i2c
 .text.wait_SI  0x00003d28       0x44 /home/wihler/labs/micro/project_workspace/myLab2_blackjack/src/libs/libMyLab_lib.a(I2C.o)
                0x00003d28                wait_SI
 .text.I2C_master_write
                0x00003d6c      0x108 /home/wihler/labs/micro/project_workspace/myLab2_blackjack/src/libs/libMyLab_lib.a(I2C.o)
                0x00003d6c                I2C_master_write
 .text.I2C_master_read
                0x00003e74      0x148 /home/wihler/labs/micro/project_workspace/myLab2_blackjack/src/libs/libMyLab_lib.a(I2C.o)
                0x00003e74                I2C_master_read
 .text.NVIC_EnableIRQ
                0x00003fbc       0x30 /home/wihler/labs/micro/project_workspace/myLab2_blackjack/src/libs/libMyLab_lib.a(ledrgb.o)
 .text.NVIC_DisableIRQ
                0x00003fec       0x34 /home/wihler/labs/micro/project_workspace/myLab2_blackjack/src/libs/libMyLab_lib.a(ledrgb.o)
 .text.DMA_IRQHandler
                0x00004020       0x28 /home/wihler/labs/micro/project_workspace/myLab2_blackjack/src/libs/libMyLab_lib.a(ledrgb.o)
                0x00004020                DMA_IRQHandler
 .text.init_rgb
                0x00004048       0x78 /home/wihler/labs/micro/project_workspace/myLab2_blackjack/src/libs/libMyLab_lib.a(ledrgb.o)
                0x00004048                init_rgb
 .text.set_rgb_leds_color
                0x000040c0       0xc8 /home/wihler/labs/micro/project_workspace/myLab2_blackjack/src/libs/libMyLab_lib.a(ledrgb.o)
                0x000040c0                set_rgb_leds_color
 .text.__main   0x00004188        0xe /usr/local/mcuxpressoide-24.9.25/ide/plugins/com.nxp.mcuxpresso.tools.linux_24.9.0.202407110857/tools/bin/../lib/gcc/arm-none-eabi/13.2.1/../../../../arm-none-eabi/lib/thumb/v7-m/nofp/libcr_semihost.a(_cr__main.o)
                0x00004188                __main
                0x00004188                __CR_SEMIHOST
 .text.fabsf    0x00004196       0x14 /usr/local/mcuxpressoide-24.9.25/ide/plugins/com.nxp.mcuxpresso.tools.linux_24.9.0.202407110857/tools/bin/../lib/gcc/arm-none-eabi/13.2.1/../../../../arm-none-eabi/lib/thumb/v7-m/nofp/libcr_c.a(fabsf.o)
                0x00004196                fabsf
 *fill*         0x000041aa        0x2 ff
 .text.fmodf    0x000041ac       0xd4 /usr/local/mcuxpressoide-24.9.25/ide/plugins/com.nxp.mcuxpresso.tools.linux_24.9.0.202407110857/tools/bin/../lib/gcc/arm-none-eabi/13.2.1/../../../../arm-none-eabi/lib/thumb/v7-m/nofp/libcr_c.a(fmodf.o)
                0x000041ac                fmodf
 .text.modff    0x00004280       0x44 /usr/local/mcuxpressoide-24.9.25/ide/plugins/com.nxp.mcuxpresso.tools.linux_24.9.0.202407110857/tools/bin/../lib/gcc/arm-none-eabi/13.2.1/../../../../arm-none-eabi/lib/thumb/v7-m/nofp/libcr_c.a(modff.o)
                0x00004280                modff
 .text.memcpy   0x000042c4        0x4 /usr/local/mcuxpressoide-24.9.25/ide/plugins/com.nxp.mcuxpresso.tools.linux_24.9.0.202407110857/tools/bin/../lib/gcc/arm-none-eabi/13.2.1/../../../../arm-none-eabi/lib/thumb/v7-m/nofp/libcr_c.a(memcpy.o)
                0x000042c4                memcpy
 .text.memset   0x000042c8        0x4 /usr/local/mcuxpressoide-24.9.25/ide/plugins/com.nxp.mcuxpresso.tools.linux_24.9.0.202407110857/tools/bin/../lib/gcc/arm-none-eabi/13.2.1/../../../../arm-none-eabi/lib/thumb/v7-m/nofp/libcr_c.a(memset.o)
                0x000042c8                memset
 .text.malloc   0x000042cc       0xc8 /usr/local/mcuxpressoide-24.9.25/ide/plugins/com.nxp.mcuxpresso.tools.linux_24.9.0.202407110857/tools/bin/../lib/gcc/arm-none-eabi/13.2.1/../../../../arm-none-eabi/lib/thumb/v7-m/nofp/libcr_c.a(alloc.o)
                0x000042cc                malloc
 .text.free     0x00004394       0x30 /usr/local/mcuxpressoide-24.9.25/ide/plugins/com.nxp.mcuxpresso.tools.linux_24.9.0.202407110857/tools/bin/../lib/gcc/arm-none-eabi/13.2.1/../../../../arm-none-eabi/lib/thumb/v7-m/nofp/libcr_c.a(alloc.o)
                0x00004394                free
 .text.calloc   0x000043c4       0x50 /usr/local/mcuxpressoide-24.9.25/ide/plugins/com.nxp.mcuxpresso.tools.linux_24.9.0.202407110857/tools/bin/../lib/gcc/arm-none-eabi/13.2.1/../../../../arm-none-eabi/lib/thumb/v7-m/nofp/libcr_c.a(alloc.o)
                0x000043c4                calloc
 .text.realloc  0x00004414       0x24 /usr/local/mcuxpressoide-24.9.25/ide/plugins/com.nxp.mcuxpresso.tools.linux_24.9.0.202407110857/tools/bin/../lib/gcc/arm-none-eabi/13.2.1/../../../../arm-none-eabi/lib/thumb/v7-m/nofp/libcr_c.a(alloc.o)
                0x00004414                realloc
 .text.time     0x00004438        0xe /usr/local/mcuxpressoide-24.9.25/ide/plugins/com.nxp.mcuxpresso.tools.linux_24.9.0.202407110857/tools/bin/../lib/gcc/arm-none-eabi/13.2.1/../../../../arm-none-eabi/lib/thumb/v7-m/nofp/libcr_c.a(cr_time.o)
                0x00004438                time
 *fill*         0x00004446        0x2 ff
 .text._initio  0x00004448       0x78 /usr/local/mcuxpressoide-24.9.25/ide/plugins/com.nxp.mcuxpresso.tools.linux_24.9.0.202407110857/tools/bin/../lib/gcc/arm-none-eabi/13.2.1/../../../../arm-none-eabi/lib/thumb/v7-m/nofp/libcr_c.a(initio.o)
                0x00004448                _initio
 .text.setvbuf  0x000044c0       0x3e /usr/local/mcuxpressoide-24.9.25/ide/plugins/com.nxp.mcuxpresso.tools.linux_24.9.0.202407110857/tools/bin/../lib/gcc/arm-none-eabi/13.2.1/../../../../arm-none-eabi/lib/thumb/v7-m/nofp/libcr_c.a(setvbuf.o)
                0x000044c0                setvbuf
 *fill*         0x000044fe        0x2 ff
 .text.rand     0x00004500       0x48 /usr/local/mcuxpressoide-24.9.25/ide/plugins/com.nxp.mcuxpresso.tools.linux_24.9.0.202407110857/tools/bin/../lib/gcc/arm-none-eabi/13.2.1/../../../../arm-none-eabi/lib/thumb/v7-m/nofp/libcr_c.a(stdlib.o)
                0x00004500                rand
 .text.srand    0x00004548       0x40 /usr/local/mcuxpressoide-24.9.25/ide/plugins/com.nxp.mcuxpresso.tools.linux_24.9.0.202407110857/tools/bin/../lib/gcc/arm-none-eabi/13.2.1/../../../../arm-none-eabi/lib/thumb/v7-m/nofp/libcr_c.a(stdlib.o)
                0x00004548                srand
 .text.strcpy   0x00004588       0x42 /usr/local/mcuxpressoide-24.9.25/ide/plugins/com.nxp.mcuxpresso.tools.linux_24.9.0.202407110857/tools/bin/../lib/gcc/arm-none-eabi/13.2.1/../../../../arm-none-eabi/lib/thumb/v7-m/nofp/libcr_c.a(strcpy.o)
                0x00004588                strcpy
 .text.strlen   0x000045ca       0x4e /usr/local/mcuxpressoide-24.9.25/ide/plugins/com.nxp.mcuxpresso.tools.linux_24.9.0.202407110857/tools/bin/../lib/gcc/arm-none-eabi/13.2.1/../../../../arm-none-eabi/lib/thumb/v7-m/nofp/libcr_c.a(strlen.o)
                0x000045ca                strlen
 .text._sbrk    0x00004618       0x3c /usr/local/mcuxpressoide-24.9.25/ide/plugins/com.nxp.mcuxpresso.tools.linux_24.9.0.202407110857/tools/bin/../lib/gcc/arm-none-eabi/13.2.1/../../../../arm-none-eabi/lib/thumb/v7-m/nofp/libcr_c.a(_cr_sbrk.o)
                0x00004618                _sbrk
 .text._fdopen  0x00004654       0x68 /usr/local/mcuxpressoide-24.9.25/ide/plugins/com.nxp.mcuxpresso.tools.linux_24.9.0.202407110857/tools/bin/../lib/gcc/arm-none-eabi/13.2.1/../../../../arm-none-eabi/lib/thumb/v7-m/nofp/libcr_c.a(_fdopen.o)
                0x00004654                _fdopen
 .text.fclose   0x000046bc       0x58 /usr/local/mcuxpressoide-24.9.25/ide/plugins/com.nxp.mcuxpresso.tools.linux_24.9.0.202407110857/tools/bin/../lib/gcc/arm-none-eabi/13.2.1/../../../../arm-none-eabi/lib/thumb/v7-m/nofp/libcr_c.a(fclose.o)
                0x000046bc                fclose
 .text.fflush   0x00004714       0x3c /usr/local/mcuxpressoide-24.9.25/ide/plugins/com.nxp.mcuxpresso.tools.linux_24.9.0.202407110857/tools/bin/../lib/gcc/arm-none-eabi/13.2.1/../../../../arm-none-eabi/lib/thumb/v7-m/nofp/libcr_c.a(fflush.o)
                0x00004714                fflush
 .text.fseek    0x00004750       0xf8 /usr/local/mcuxpressoide-24.9.25/ide/plugins/com.nxp.mcuxpresso.tools.linux_24.9.0.202407110857/tools/bin/../lib/gcc/arm-none-eabi/13.2.1/../../../../arm-none-eabi/lib/thumb/v7-m/nofp/libcr_c.a(fseek.o)
                0x00004750                fseek
 .text.ftell    0x00004848       0x44 /usr/local/mcuxpressoide-24.9.25/ide/plugins/com.nxp.mcuxpresso.tools.linux_24.9.0.202407110857/tools/bin/../lib/gcc/arm-none-eabi/13.2.1/../../../../arm-none-eabi/lib/thumb/v7-m/nofp/libcr_c.a(ftell.o)
                0x00004848                ftell
 .text.remove   0x0000488c       0x14 /usr/local/mcuxpressoide-24.9.25/ide/plugins/com.nxp.mcuxpresso.tools.linux_24.9.0.202407110857/tools/bin/../lib/gcc/arm-none-eabi/13.2.1/../../../../arm-none-eabi/lib/thumb/v7-m/nofp/libcr_c.a(remove.o)
                0x0000488c                remove
 .text.__check_heap_overflow
                0x000048a0       0x18 /usr/local/mcuxpressoide-24.9.25/ide/plugins/com.nxp.mcuxpresso.tools.linux_24.9.0.202407110857/tools/bin/../lib/gcc/arm-none-eabi/13.2.1/../../../../arm-none-eabi/lib/thumb/v7-m/nofp/libcr_c.a(_cr_check_heap.o)
                0x000048a0                __check_heap_overflow
 .text._do_fflush
                0x000048b8       0x40 /usr/local/mcuxpressoide-24.9.25/ide/plugins/com.nxp.mcuxpresso.tools.linux_24.9.0.202407110857/tools/bin/../lib/gcc/arm-none-eabi/13.2.1/../../../../arm-none-eabi/lib/thumb/v7-m/nofp/libcr_c.a(_do_fflush.o)
                0x000048b8                _do_fflush
 .text._fflush  0x000048f8       0x52 /usr/local/mcuxpressoide-24.9.25/ide/plugins/com.nxp.mcuxpresso.tools.linux_24.9.0.202407110857/tools/bin/../lib/gcc/arm-none-eabi/13.2.1/../../../../arm-none-eabi/lib/thumb/v7-m/nofp/libcr_c.a(_fflush.o)
                0x000048f8                _fflush
 *fill*         0x0000494a        0x2 ff
 .text._Cwritebuf
                0x0000494c       0x6c /usr/local/mcuxpressoide-24.9.25/ide/plugins/com.nxp.mcuxpresso.tools.linux_24.9.0.202407110857/tools/bin/../lib/gcc/arm-none-eabi/13.2.1/../../../../arm-none-eabi/lib/thumb/v7-m/nofp/libcr_c.a(_writebuf.o)
                0x0000494c                _Cwritebuf
 .text._deferredlazyseek
                0x000049b8       0x40 /usr/local/mcuxpressoide-24.9.25/ide/plugins/com.nxp.mcuxpresso.tools.linux_24.9.0.202407110857/tools/bin/../lib/gcc/arm-none-eabi/13.2.1/../../../../arm-none-eabi/lib/thumb/v7-m/nofp/libcr_c.a(_deferredlazyseek.o)
                0x000049b8                _deferredlazyseek
 .text.__aeabi_division_uldivmod
                0x000049f8      0x174 /usr/local/mcuxpressoide-24.9.25/ide/plugins/com.nxp.mcuxpresso.tools.linux_24.9.0.202407110857/tools/bin/../lib/gcc/arm-none-eabi/13.2.1/thumb/v7-m/nofp/libcr_eabihelpers.a(division_64.o)
                0x000049f8                __aeabi_uldivmod
                0x000049fc                __bhs_ldivmod1
 .text.__aeabi_division_idiv0
                0x00004b6c        0x2 /usr/local/mcuxpressoide-24.9.25/ide/plugins/com.nxp.mcuxpresso.tools.linux_24.9.0.202407110857/tools/bin/../lib/gcc/arm-none-eabi/13.2.1/thumb/v7-m/nofp/libcr_eabihelpers.a(division_idiv0.o)
                0x00004b6c                __aeabi_idiv0
 *fill*         0x00004b6e        0x2 ff
 .text.__aeabi_dmul
                0x00004b70       0xfc /usr/local/mcuxpressoide-24.9.25/ide/plugins/com.nxp.mcuxpresso.tools.linux_24.9.0.202407110857/tools/bin/../lib/gcc/arm-none-eabi/13.2.1/thumb/v7-m/nofp/libcr_eabihelpers.a(double.o)
                0x00004b70                __aeabi_dmul
 .text.__aeabi_d2ulz
                0x00004c6c       0x54 /usr/local/mcuxpressoide-24.9.25/ide/plugins/com.nxp.mcuxpresso.tools.linux_24.9.0.202407110857/tools/bin/../lib/gcc/arm-none-eabi/13.2.1/thumb/v7-m/nofp/libcr_eabihelpers.a(double.o)
                0x00004c6c                __aeabi_d2ulz
 .text.__bhs_ul2d
                0x00004cc0       0x8a /usr/local/mcuxpressoide-24.9.25/ide/plugins/com.nxp.mcuxpresso.tools.linux_24.9.0.202407110857/tools/bin/../lib/gcc/arm-none-eabi/13.2.1/thumb/v7-m/nofp/libcr_eabihelpers.a(double.o)
                0x00004cc0                __bhs_ul2d
 .text.__aeabi_ul2d
                0x00004d4a        0x8 /usr/local/mcuxpressoide-24.9.25/ide/plugins/com.nxp.mcuxpresso.tools.linux_24.9.0.202407110857/tools/bin/../lib/gcc/arm-none-eabi/13.2.1/thumb/v7-m/nofp/libcr_eabihelpers.a(double.o)
                0x00004d4a                __aeabi_ul2d
 *fill*         0x00004d52        0x2 ff
 .text.__aeabi_fmul
                0x00004d54       0xac /usr/local/mcuxpressoide-24.9.25/ide/plugins/com.nxp.mcuxpresso.tools.linux_24.9.0.202407110857/tools/bin/../lib/gcc/arm-none-eabi/13.2.1/thumb/v7-m/nofp/libcr_eabihelpers.a(float.o)
                0x00004d54                __aeabi_fmul
 .text.__aeabi_fdiv
                0x00004e00       0xbc /usr/local/mcuxpressoide-24.9.25/ide/plugins/com.nxp.mcuxpresso.tools.linux_24.9.0.202407110857/tools/bin/../lib/gcc/arm-none-eabi/13.2.1/thumb/v7-m/nofp/libcr_eabihelpers.a(float.o)
                0x00004e00                __aeabi_fdiv
 .text.__aeabi_fsub
                0x00004ebc       0xe4 /usr/local/mcuxpressoide-24.9.25/ide/plugins/com.nxp.mcuxpresso.tools.linux_24.9.0.202407110857/tools/bin/../lib/gcc/arm-none-eabi/13.2.1/thumb/v7-m/nofp/libcr_eabihelpers.a(float.o)
                0x00004ebc                __aeabi_fsub
 .text.__aeabi_fadd
                0x00004fa0       0xb8 /usr/local/mcuxpressoide-24.9.25/ide/plugins/com.nxp.mcuxpresso.tools.linux_24.9.0.202407110857/tools/bin/../lib/gcc/arm-none-eabi/13.2.1/thumb/v7-m/nofp/libcr_eabihelpers.a(float.o)
                0x00004fa0                __aeabi_fadd
 .text.__aeabi_f2uiz
                0x00005058       0x26 /usr/local/mcuxpressoide-24.9.25/ide/plugins/com.nxp.mcuxpresso.tools.linux_24.9.0.202407110857/tools/bin/../lib/gcc/arm-none-eabi/13.2.1/thumb/v7-m/nofp/libcr_eabihelpers.a(float.o)
                0x00005058                __aeabi_f2uiz
 .text.__aeabi_f2ulz
                0x0000507e       0x3e /usr/local/mcuxpressoide-24.9.25/ide/plugins/com.nxp.mcuxpresso.tools.linux_24.9.0.202407110857/tools/bin/../lib/gcc/arm-none-eabi/13.2.1/thumb/v7-m/nofp/libcr_eabihelpers.a(float.o)
                0x0000507e                __aeabi_f2ulz
 .text.__bhs_ui2f
                0x000050bc       0x26 /usr/local/mcuxpressoide-24.9.25/ide/plugins/com.nxp.mcuxpresso.tools.linux_24.9.0.202407110857/tools/bin/../lib/gcc/arm-none-eabi/13.2.1/thumb/v7-m/nofp/libcr_eabihelpers.a(float.o)
                0x000050bc                __bhs_ui2f
 .text.__bhs_ul2f
                0x000050e2       0x46 /usr/local/mcuxpressoide-24.9.25/ide/plugins/com.nxp.mcuxpresso.tools.linux_24.9.0.202407110857/tools/bin/../lib/gcc/arm-none-eabi/13.2.1/thumb/v7-m/nofp/libcr_eabihelpers.a(float.o)
                0x000050e2                __bhs_ul2f
 .text.__aeabi_i2f
                0x00005128       0x10 /usr/local/mcuxpressoide-24.9.25/ide/plugins/com.nxp.mcuxpresso.tools.linux_24.9.0.202407110857/tools/bin/../lib/gcc/arm-none-eabi/13.2.1/thumb/v7-m/nofp/libcr_eabihelpers.a(float.o)
                0x00005128                __aeabi_i2f
 .text.__aeabi_ul2f
                0x00005138        0x8 /usr/local/mcuxpressoide-24.9.25/ide/plugins/com.nxp.mcuxpresso.tools.linux_24.9.0.202407110857/tools/bin/../lib/gcc/arm-none-eabi/13.2.1/thumb/v7-m/nofp/libcr_eabihelpers.a(float.o)
                0x00005138                __aeabi_ul2f
 .text.__aeabi_fcmpeq
                0x00005140       0x1e /usr/local/mcuxpressoide-24.9.25/ide/plugins/com.nxp.mcuxpresso.tools.linux_24.9.0.202407110857/tools/bin/../lib/gcc/arm-none-eabi/13.2.1/thumb/v7-m/nofp/libcr_eabihelpers.a(float.o)
                0x00005140                __aeabi_fcmpeq
 .text.__aeabi_fcmplt
                0x0000515e       0x3a /usr/local/mcuxpressoide-24.9.25/ide/plugins/com.nxp.mcuxpresso.tools.linux_24.9.0.202407110857/tools/bin/../lib/gcc/arm-none-eabi/13.2.1/thumb/v7-m/nofp/libcr_eabihelpers.a(float.o)
                0x0000515e                __aeabi_fcmplt
 .text.__aeabi_fcmpgt
                0x00005198       0x3a /usr/local/mcuxpressoide-24.9.25/ide/plugins/com.nxp.mcuxpresso.tools.linux_24.9.0.202407110857/tools/bin/../lib/gcc/arm-none-eabi/13.2.1/thumb/v7-m/nofp/libcr_eabihelpers.a(float.o)
                0x00005198                __aeabi_fcmpgt
 .text.__aeabi_fcmple
                0x000051d2       0x3e /usr/local/mcuxpressoide-24.9.25/ide/plugins/com.nxp.mcuxpresso.tools.linux_24.9.0.202407110857/tools/bin/../lib/gcc/arm-none-eabi/13.2.1/thumb/v7-m/nofp/libcr_eabihelpers.a(float.o)
                0x000051d2                __aeabi_fcmple
 .text.__aeabi_fcmpge
                0x00005210       0x3e /usr/local/mcuxpressoide-24.9.25/ide/plugins/com.nxp.mcuxpresso.tools.linux_24.9.0.202407110857/tools/bin/../lib/gcc/arm-none-eabi/13.2.1/thumb/v7-m/nofp/libcr_eabihelpers.a(float.o)
                0x00005210                __aeabi_fcmpge
 .text.__aeabi_memcpy
                0x0000524e       0x34 /usr/local/mcuxpressoide-24.9.25/ide/plugins/com.nxp.mcuxpresso.tools.linux_24.9.0.202407110857/tools/bin/../lib/gcc/arm-none-eabi/13.2.1/thumb/v7-m/nofp/libcr_eabihelpers.a(memcpy.o)
                0x0000524e                __aeabi_memcpy
                0x00005258                __aeabi_memcpy4
                0x00005258                __aeabi_memcpy8
 .text.__aeabi_memset_lowlevel
                0x00005282       0x32 /usr/local/mcuxpressoide-24.9.25/ide/plugins/com.nxp.mcuxpresso.tools.linux_24.9.0.202407110857/tools/bin/../lib/gcc/arm-none-eabi/13.2.1/thumb/v7-m/nofp/libcr_eabihelpers.a(memcpy.o)
                0x00005282                __aeabi_lowlevel_memset
 .text.__sys_close
                0x000052b4        0xc /usr/local/mcuxpressoide-24.9.25/ide/plugins/com.nxp.mcuxpresso.tools.linux_24.9.0.202407110857/tools/bin/../lib/gcc/arm-none-eabi/13.2.1/../../../../arm-none-eabi/lib/thumb/v7-m/nofp/libcr_semihost.a(__sys_close.o)
                0x000052b4                __sys_close
 .text.__sys_flen
                0x000052c0        0xc /usr/local/mcuxpressoide-24.9.25/ide/plugins/com.nxp.mcuxpresso.tools.linux_24.9.0.202407110857/tools/bin/../lib/gcc/arm-none-eabi/13.2.1/../../../../arm-none-eabi/lib/thumb/v7-m/nofp/libcr_semihost.a(__sys_flen.o)
                0x000052c0                __sys_flen
 .text.__sys_istty
                0x000052cc        0xc /usr/local/mcuxpressoide-24.9.25/ide/plugins/com.nxp.mcuxpresso.tools.linux_24.9.0.202407110857/tools/bin/../lib/gcc/arm-none-eabi/13.2.1/../../../../arm-none-eabi/lib/thumb/v7-m/nofp/libcr_semihost.a(__sys_istty.o)
                0x000052cc                __sys_istty
 .text.__sys_remove
                0x000052d8        0xc /usr/local/mcuxpressoide-24.9.25/ide/plugins/com.nxp.mcuxpresso.tools.linux_24.9.0.202407110857/tools/bin/../lib/gcc/arm-none-eabi/13.2.1/../../../../arm-none-eabi/lib/thumb/v7-m/nofp/libcr_semihost.a(__sys_remove.o)
                0x000052d8                __sys_remove
 .text.__sys_seek
                0x000052e4        0xc /usr/local/mcuxpressoide-24.9.25/ide/plugins/com.nxp.mcuxpresso.tools.linux_24.9.0.202407110857/tools/bin/../lib/gcc/arm-none-eabi/13.2.1/../../../../arm-none-eabi/lib/thumb/v7-m/nofp/libcr_semihost.a(__sys_seek.o)
                0x000052e4                __sys_seek
 .text.__sys_time
                0x000052f0        0x6 /usr/local/mcuxpressoide-24.9.25/ide/plugins/com.nxp.mcuxpresso.tools.linux_24.9.0.202407110857/tools/bin/../lib/gcc/arm-none-eabi/13.2.1/../../../../arm-none-eabi/lib/thumb/v7-m/nofp/libcr_semihost.a(__sys_time.o)
                0x000052f0                __sys_time
 .text.__sys_tmpnam
                0x000052f6        0xc /usr/local/mcuxpressoide-24.9.25/ide/plugins/com.nxp.mcuxpresso.tools.linux_24.9.0.202407110857/tools/bin/../lib/gcc/arm-none-eabi/13.2.1/../../../../arm-none-eabi/lib/thumb/v7-m/nofp/libcr_semihost.a(__sys_tmpnam.o)
                0x000052f6                __sys_tmpnam
 .text.__sys_write
                0x00005302        0xc /usr/local/mcuxpressoide-24.9.25/ide/plugins/com.nxp.mcuxpresso.tools.linux_24.9.0.202407110857/tools/bin/../lib/gcc/arm-none-eabi/13.2.1/../../../../arm-none-eabi/lib/thumb/v7-m/nofp/libcr_semihost.a(__sys_write.o)
                0x00005302                __sys_write
 *(.rodata .rodata.* .constdata .constdata.*)
 *fill*         0x0000530e        0x2 ff
 .rodata.dyn_array_get.str1.4
                0x00005310      0x396 ./src/liblcp/utils/dyn_array/dyn_array.o
                                 0x31 (size before relaxing)
 *fill*         0x000056a6        0x2 ff
 .rodata.__func__.3
                0x000056a8        0xe ./src/liblcp/utils/dyn_array/dyn_array.o
 *fill*         0x000056b6        0x2 ff
 .rodata.font_small
                0x000056b8      0x478 ./src/liblcp/rendering/ui/fonts/fonts.o
                0x000056b8                font_small
 .rodata.font_large
                0x00005b30      0xbe4 ./src/liblcp/rendering/ui/fonts/fonts.o
                0x00005b30                font_large
 .rodata.trigger_zone_init.str1.4
                0x00006714       0x42 ./src/liblcp/rendering/ui/elements/trigger_zone/trigger_zone.o
 .rodata.__func__.0
                0x00006714       0x12 ./src/liblcp/rendering/ui/elements/trigger_zone/trigger_zone.o
 .rodata.screen_width
                0x00006726        0x2 ./src/liblcp/rendering/screen/screen.o
                0x00006726                screen_width
 .rodata.screen_height
                0x00006728        0x2 ./src/liblcp/rendering/screen/screen.o
                0x00006728                screen_height
 .rodata.log_error.str1.4
                0x0000672a       0x10 ./src/liblcp/log/log.o
 *fill*         0x0000672a        0x2 ff
 .rodata        0x0000672c       0x20 ./src/liblcp/log/log.o
 .rodata.create_error_message.str1.4
                0x0000674c       0x1f ./src/liblcp/log/log.o
 .rodata.input_manager_get_instance.str1.4
                0x0000674c       0x58 ./src/liblcp/inputs/input_manager.o
 .rodata.input_manager_init.str1.4
                0x0000674c       0x85 ./src/liblcp/inputs/input_manager.o
 .rodata.enable_handling.str1.4
                0x0000674c       0x3b ./src/liblcp/inputs/input_manager.o
 .rodata.__func__.2
                0x0000674c       0x1b ./src/liblcp/inputs/input_manager.o
 *fill*         0x00006767        0x1 ff
 .rodata.__func__.1
                0x00006768       0x13 ./src/liblcp/inputs/input_manager.o
 *fill*         0x0000677b        0x1 ff
 .rodata.__func__.0
                0x0000677c       0x10 ./src/liblcp/inputs/input_manager.o
 .rodata.get_inst.str1.4
                0x0000678c       0x3d ./src/liblcp/gpio/gpio_interrupts.o
 .rodata.gpio_int_init.str1.4
                0x0000678c       0x2d ./src/liblcp/gpio/gpio_interrupts.o
 .rodata.gpio_int_set_fn.str1.4
                0x0000678c       0x39 ./src/liblcp/gpio/gpio_interrupts.o
 .rodata.__func__.2
                0x0000678c        0x9 ./src/liblcp/gpio/gpio_interrupts.o
 *fill*         0x00006795        0x3 ff
 .rodata.__func__.1
                0x00006798        0xe ./src/liblcp/gpio/gpio_interrupts.o
 *fill*         0x000067a6        0x2 ff
 .rodata.__func__.0
                0x000067a8       0x10 ./src/liblcp/gpio/gpio_interrupts.o
 .rodata.__sprite_credit_data__
                0x000067b8    0x1cf36 ./src/game/scene/scenes/credit_scene.o
 *fill*         0x000236ee        0x2 ff
 .rodata.SPRITE_CREDIT
                0x000236f0        0x8 ./src/game/scene/scenes/credit_scene.o
                0x000236f0                SPRITE_CREDIT
 .rodata.credit_scene_api
                0x000236f8        0xc ./src/game/scene/scenes/credit_scene.o
                0x000236f8                credit_scene_api
 .rodata.btn_back_rect.0
                0x00023704        0x8 ./src/game/scene/scenes/credit_scene.o
 .rodata.game_scene_api
                0x0002370c        0xc ./src/game/scene/scenes/game_scene.o
                0x0002370c                game_scene_api
 .rodata.__sprite_new_game_bg_data__
                0x00023718    0x25800 ./src/game/scene/scenes/new_game_scene.o
 .rodata.SPRITE_NEW_GAME_BG
                0x00048f18        0x8 ./src/game/scene/scenes/new_game_scene.o
                0x00048f18                SPRITE_NEW_GAME_BG
 .rodata.str1.4
                0x00048f20       0x87 ./src/game/scene/scenes/new_game_scene.o
 .rodata.new_game_scene_api
                0x00048f20        0xc ./src/game/scene/scenes/new_game_scene.o
                0x00048f20                new_game_scene_api
 .rodata        0x00048f2c       0x30 ./src/game/scene/scenes/new_game_scene.o
 .rodata.__sprite_title_data__
                0x00048f5c     0x7a5c ./src/game/scene/scenes/title_screen_scene.o
 .rodata.SPRITE_TITLE
                0x000509b8        0x8 ./src/game/scene/scenes/title_screen_scene.o
                0x000509b8                SPRITE_TITLE
 .rodata.__sprite_btn_new_game_data__
                0x000509c0     0x30fc ./src/game/scene/scenes/title_screen_scene.o
 .rodata.SPRITE_BTN_NEW_GAME
                0x00053abc        0x8 ./src/game/scene/scenes/title_screen_scene.o
                0x00053abc                SPRITE_BTN_NEW_GAME
 .rodata.__sprite_btn_credit_data__
                0x00053ac4     0x30fc ./src/game/scene/scenes/title_screen_scene.o
 .rodata.SPRITE_BTN_CREDIT
                0x00056bc0        0x8 ./src/game/scene/scenes/title_screen_scene.o
                0x00056bc0                SPRITE_BTN_CREDIT
 .rodata.title_screen_scene_api
                0x00056bc8        0xc ./src/game/scene/scenes/title_screen_scene.o
                0x00056bc8                title_screen_scene_api
 .rodata.SCENE_COUNT
                0x00056bd4        0x4 ./src/game/scene/scene.o
                0x00056bd4                SCENE_COUNT
 .rodata.get_scene_api.str1.4
                0x00056bd8       0x16 ./src/game/scene/scene.o
 .rodata.__func__.0
                0x00056bd8        0xe ./src/game/scene/scene.o
 *fill*         0x00056be6        0x2 ff
 .rodata.__sprite_diamonds_data__
                0x00056be8      0x200 ./src/game/blackjack/render/blackjack_render.o
 .rodata.SPRITE_DIAMONDS
                0x00056de8        0x8 ./src/game/blackjack/render/blackjack_render.o
                0x00056de8                SPRITE_DIAMONDS
 .rodata.__sprite_hearts_data__
                0x00056df0      0x200 ./src/game/blackjack/render/blackjack_render.o
 .rodata.SPRITE_HEARTS
                0x00056ff0        0x8 ./src/game/blackjack/render/blackjack_render.o
                0x00056ff0                SPRITE_HEARTS
 .rodata.__sprite_clubs_data__
                0x00056ff8      0x200 ./src/game/blackjack/render/blackjack_render.o
 .rodata.SPRITE_CLUBS
                0x000571f8        0x8 ./src/game/blackjack/render/blackjack_render.o
                0x000571f8                SPRITE_CLUBS
 .rodata.__sprite_spades_data__
                0x00057200      0x200 ./src/game/blackjack/render/blackjack_render.o
 .rodata.SPRITE_SPADES
                0x00057400        0x8 ./src/game/blackjack/render/blackjack_render.o
                0x00057400                SPRITE_SPADES
 .rodata.game_bg_color
                0x00057408        0x2 ./src/game/blackjack/render/blackjack_render.o
                0x00057408                game_bg_color
 .rodata.draw_total.str1.4
                0x0005740a       0x10 ./src/game/blackjack/render/blackjack_render.o
 .rodata.draw_bet.str1.4
                0x0005740a        0xa ./src/game/blackjack/render/blackjack_render.o
 .rodata.draw_money.str1.4
                0x0005740a        0x7 ./src/game/blackjack/render/blackjack_render.o
 .rodata.get_big_text_text.str1.4
                0x0005740a       0x25 ./src/game/blackjack/render/blackjack_render.o
 *fill*         0x0005740a        0x2 ff
 .rodata.__sprite_btn_hit_data__
                0x0005740c     0x3a98 ./src/game/blackjack/popup/player_action_popup/player_action_popup.o
 .rodata.SPRITE_BTN_HIT
                0x0005aea4        0x8 ./src/game/blackjack/popup/player_action_popup/player_action_popup.o
                0x0005aea4                SPRITE_BTN_HIT
 .rodata.__sprite_btn_stand_data__
                0x0005aeac     0x3a98 ./src/game/blackjack/popup/player_action_popup/player_action_popup.o
 .rodata.SPRITE_BTN_STAND
                0x0005e944        0x8 ./src/game/blackjack/popup/player_action_popup/player_action_popup.o
                0x0005e944                SPRITE_BTN_STAND
 .rodata        0x0005e94c       0x20 ./src/game/blackjack/popup/player_action_popup/player_action_popup.o
 .rodata.__sprite_bet_popup_data__
                0x0005e96c    0x16180 ./src/game/blackjack/popup/bet_popup/bet_popup.o
 .rodata.SPRITE_BET_POPUP
                0x00074aec        0x8 ./src/game/blackjack/popup/bet_popup/bet_popup.o
                0x00074aec                SPRITE_BET_POPUP
 .rodata        0x00074af4       0x5c ./src/game/blackjack/popup/bet_popup/bet_popup.o
 .rodata.game_instance.str1.4
                0x00074b50       0x22 ./src/game/game.o
 .rodata.game_load_scene.str1.4
                0x00074b50       0x16 ./src/game/game.o
 .rodata.__func__.1
                0x00074b50        0xe ./src/game/game.o
 *fill*         0x00074b5e        0x2 ff
 .rodata.__func__.0
                0x00074b60       0x10 ./src/game/game.o
 .rodata._initio.str1.1
                0x00074b70        0x4 /usr/local/mcuxpressoide-24.9.25/ide/plugins/com.nxp.mcuxpresso.tools.linux_24.9.0.202407110857/tools/bin/../lib/gcc/arm-none-eabi/13.2.1/../../../../arm-none-eabi/lib/thumb/v7-m/nofp/libcr_c.a(initio.o)
 .rodata.__num_Ciob_streams
                0x00074b74        0x4 /usr/local/mcuxpressoide-24.9.25/ide/plugins/com.nxp.mcuxpresso.tools.linux_24.9.0.202407110857/tools/bin/../lib/gcc/arm-none-eabi/13.2.1/../../../../arm-none-eabi/lib/thumb/v7-m/nofp/libcr_semihost.a(__ciob.o)
                0x00074b74                __num_Ciob_streams
                0x00074b78                        . = ALIGN (0x4)

.glue_7         0x00074b78        0x0
 .glue_7        0x00074b78        0x0 linker stubs

.glue_7t        0x00074b78        0x0
 .glue_7t       0x00074b78        0x0 linker stubs

.vfp11_veneer   0x00074b78        0x0
 .vfp11_veneer  0x00074b78        0x0 linker stubs

.v4_bx          0x00074b78        0x0
 .v4_bx         0x00074b78        0x0 linker stubs

.iplt           0x00074b78        0x0
 .iplt          0x00074b78        0x0 ./src/liblcp/utils/string_utils/string_utils.o

.rel.dyn        0x00074b78        0x0
 .rel.iplt      0x00074b78        0x0 ./src/liblcp/utils/string_utils/string_utils.o

.ARM.extab
 *(.ARM.extab* .gnu.linkonce.armextab.*)

.ARM.exidx      0x00074b78        0x0
                0x00074b78                        __exidx_start = .
 *(.ARM.exidx* .gnu.linkonce.armexidx.*)
                0x00074b78                        __exidx_end = .
                0x00074b78                        _etext = .

.data_RAM2      0x2007c000        0x0 load address 0x00074b78
 FILL mask 0xff
                [!provide]                        PROVIDE (__start_data_RAM2 = .)
                [!provide]                        PROVIDE (__start_data_RamAHB32 = .)
 *(.ramfunc.$RAM2)
 *(.ramfunc.$RamAHB32)
 *(.data.$RAM2)
 *(.data.$RamAHB32)
 *(.data.$RAM2.*)
 *(.data.$RamAHB32.*)
                0x2007c000                        . = ALIGN (0x4)
                [!provide]                        PROVIDE (__end_data_RAM2 = .)
                [!provide]                        PROVIDE (__end_data_RamAHB32 = .)

.uninit_RESERVED
                0x10000000        0x0
                0x10000000                        _start_uninit_RESERVED = .
 *(.bss.$RESERVED*)
                0x10000000                        . = ALIGN (0x4)
                0x10000000                        _end_uninit_RESERVED = .

.data           0x10000000      0x124 load address 0x00074b78
 FILL mask 0xff
                0x10000000                        _data = .
                [!provide]                        PROVIDE (__start_data_RAM = .)
                [!provide]                        PROVIDE (__start_data_RamLoc32 = .)
 *(vtable)
 *(.ramfunc*)
 *(CodeQuickAccess)
 *(DataQuickAccess)
 *(RamFunction)
 *(.data*)
 .data.SystemCoreClock
                0x10000000        0x4 ./src/liblcp/utils/utils.o
                0x10000000                SystemCoreClock
 .data.character_names
                0x10000004       0x2c ./src/game/scene/scenes/new_game_scene.o
 .data.colors.0
                0x10000030       0x10 ./src/game/scene/scenes/title_screen_scene.o
 .data._random_k
                0x10000040        0x4 /usr/local/mcuxpressoide-24.9.25/ide/plugins/com.nxp.mcuxpresso.tools.linux_24.9.0.202407110857/tools/bin/../lib/gcc/arm-none-eabi/13.2.1/../../../../arm-none-eabi/lib/thumb/v7-m/nofp/libcr_c.a(stdlib.o)
 .data._random_j
                0x10000044        0x4 /usr/local/mcuxpressoide-24.9.25/ide/plugins/com.nxp.mcuxpresso.tools.linux_24.9.0.202407110857/tools/bin/../lib/gcc/arm-none-eabi/13.2.1/../../../../arm-none-eabi/lib/thumb/v7-m/nofp/libcr_c.a(stdlib.o)
 .data._random_number_seed
                0x10000048       0xdc /usr/local/mcuxpressoide-24.9.25/ide/plugins/com.nxp.mcuxpresso.tools.linux_24.9.0.202407110857/tools/bin/../lib/gcc/arm-none-eabi/13.2.1/../../../../arm-none-eabi/lib/thumb/v7-m/nofp/libcr_c.a(stdlib.o)
                0x10000124                        . = ALIGN (0x4)
                0x10000124                        _edata = .
                [!provide]                        PROVIDE (__end_data_RAM = .)
                [!provide]                        PROVIDE (__end_data_RamLoc32 = .)

.igot.plt       0x10000124        0x0 load address 0x00074c9c
 .igot.plt      0x10000124        0x0 ./src/liblcp/utils/string_utils/string_utils.o

.bss_RAM2       0x2007c000        0x0
                [!provide]                        PROVIDE (__start_bss_RAM2 = .)
                [!provide]                        PROVIDE (__start_bss_RamAHB32 = .)
 *(.bss.$RAM2)
 *(.bss.$RamAHB32)
 *(.bss.$RAM2.*)
 *(.bss.$RamAHB32.*)
                0x2007c000                        . = ALIGN ((. != 0x0)?0x4:0x1)
                [!provide]                        PROVIDE (__end_bss_RAM2 = .)
                [!provide]                        PROVIDE (__end_bss_RamAHB32 = .)

.bss            0x10000128      0x230
                0x10000128                        _bss = .
                [!provide]                        PROVIDE (__start_bss_RAM = .)
                [!provide]                        PROVIDE (__start_bss_RamLoc32 = .)
 *(.bss*)
 .bss.time_ms   0x10000128        0x4 ./src/liblcp/time/time.o
                0x10000128                time_ms
 .bss.trigger_zone_manager_singleton
                0x1000012c        0x4 ./src/liblcp/rendering/ui/elements/trigger_zone/trigger_zone.o
 .bss.input_manager_singleton
                0x10000130        0x4 ./src/liblcp/inputs/input_manager.o
 .bss.singleton
                0x10000134        0x4 ./src/liblcp/gpio/gpio_interrupts.o
 .bss.hue.4     0x10000138        0x4 ./src/game/scene/scenes/credit_scene.o
 .bss.r.3       0x1000013c        0x1 ./src/game/scene/scenes/credit_scene.o
 .bss.g.2       0x1000013d        0x1 ./src/game/scene/scenes/credit_scene.o
 .bss.b.1       0x1000013e        0x1 ./src/game/scene/scenes/credit_scene.o
 *fill*         0x1000013f        0x1 
 .bss.current_money
                0x10000140        0x8 ./src/game/scene/scenes/game_scene.o
 .bss.character_name_index
                0x10000148        0x4 ./src/game/scene/scenes/new_game_scene.o
 .bss.target_time_change_led.2
                0x1000014c        0x4 ./src/game/scene/scenes/title_screen_scene.o
 .bss.color_index.1
                0x10000150        0x1 ./src/game/scene/scenes/title_screen_scene.o
 .bss.hit_clicked
                0x10000151        0x1 ./src/game/blackjack/popup/player_action_popup/player_action_popup.o
 .bss.stand_clicked
                0x10000152        0x1 ./src/game/blackjack/popup/player_action_popup/player_action_popup.o
 *fill*         0x10000153        0x1 
 .bss.money_ptr
                0x10000154        0x4 ./src/game/blackjack/popup/bet_popup/bet_popup.o
 .bss.bet_ptr   0x10000158        0x4 ./src/game/blackjack/popup/bet_popup/bet_popup.o
 .bss.ok_clicked
                0x1000015c        0x1 ./src/game/blackjack/popup/bet_popup/bet_popup.o
 *fill*         0x1000015d        0x3 
 .bss.game_singleton
                0x10000160        0x4 ./src/game/game.o
 .bss.i2c_handle
                0x10000164        0x4 /home/wihler/labs/micro/project_workspace/myLab2_blackjack/src/libs/libMyLab_lib.a(I2C.o)
                0x10000164                i2c_handle
 .bss.ledrgb_init
                0x10000168        0x4 /home/wihler/labs/micro/project_workspace/myLab2_blackjack/src/libs/libMyLab_lib.a(ledrgb.o)
 .bss.errno     0x1000016c        0x4 /usr/local/mcuxpressoide-24.9.25/ide/plugins/com.nxp.mcuxpresso.tools.linux_24.9.0.202407110857/tools/bin/../lib/gcc/arm-none-eabi/13.2.1/../../../../arm-none-eabi/lib/thumb/v7-m/nofp/libcr_c.a(errno.o)
                0x1000016c                errno
 .bss.__end_of_heap
                0x10000170        0x4 /usr/local/mcuxpressoide-24.9.25/ide/plugins/com.nxp.mcuxpresso.tools.linux_24.9.0.202407110857/tools/bin/../lib/gcc/arm-none-eabi/13.2.1/../../../../arm-none-eabi/lib/thumb/v7-m/nofp/libcr_c.a(__init_alloc.o)
                0x10000170                __end_of_heap
 .bss.__heaps   0x10000174        0x4 /usr/local/mcuxpressoide-24.9.25/ide/plugins/com.nxp.mcuxpresso.tools.linux_24.9.0.202407110857/tools/bin/../lib/gcc/arm-none-eabi/13.2.1/../../../../arm-none-eabi/lib/thumb/v7-m/nofp/libcr_c.a(__init_alloc.o)
                0x10000174                __heaps
 .bss.__Ciob    0x10000178      0x1e0 /usr/local/mcuxpressoide-24.9.25/ide/plugins/com.nxp.mcuxpresso.tools.linux_24.9.0.202407110857/tools/bin/../lib/gcc/arm-none-eabi/13.2.1/../../../../arm-none-eabi/lib/thumb/v7-m/nofp/libcr_semihost.a(__ciob.o)
                0x10000178                __Ciob
 *(COMMON)
                0x10000358                        . = ALIGN (0x4)
                0x10000358                        _ebss = .
                [!provide]                        PROVIDE (__end_bss_RAM = .)
                [!provide]                        PROVIDE (__end_bss_RamLoc32 = .)
                [!provide]                        PROVIDE (end = .)

.noinit_RAM2    0x2007c000        0x0
                [!provide]                        PROVIDE (__start_noinit_RAM2 = .)
                [!provide]                        PROVIDE (__start_noinit_RamAHB32 = .)
 *(.noinit.$RAM2)
 *(.noinit.$RamAHB32)
 *(.noinit.$RAM2.*)
 *(.noinit.$RamAHB32.*)
                0x2007c000                        . = ALIGN (0x4)
                [!provide]                        PROVIDE (__end_noinit_RAM2 = .)
                [!provide]                        PROVIDE (__end_noinit_RamAHB32 = .)

.noinit         0x10000358        0x0
                0x10000358                        _noinit = .
                [!provide]                        PROVIDE (__start_noinit_RAM = .)
                [!provide]                        PROVIDE (__start_noinit_RamLoc32 = .)
 *(.noinit*)
                0x10000358                        . = ALIGN (0x4)
                0x10000358                        _end_noinit = .
                [!provide]                        PROVIDE (__end_noinit_RAM = .)
                [!provide]                        PROVIDE (__end_noinit_RamLoc32 = .)
                0x10000358                        PROVIDE (_pvHeapStart = DEFINED (__user_heap_base)?__user_heap_base:.)
                0x10008000                        PROVIDE (_vStackTop = DEFINED (__user_stack_top)?__user_stack_top:(__top_RamLoc32 - 0x0))
                0xefff74b2                        PROVIDE (__valid_user_code_checksum = (0x0 - ((((((_vStackTop + (ResetISR + 0x1)) + (NMI_Handler + 0x1)) + (HardFault_Handler + 0x1)) + (DEFINED (MemManage_Handler)?MemManage_Handler:0x0 + 0x1)) + (DEFINED (BusFault_Handler)?BusFault_Handler:0x0 + 0x1)) + (DEFINED (UsageFault_Handler)?UsageFault_Handler:0x0 + 0x1))))
                0x00000000                        _image_start = LOADADDR (.text)
                0x00074c9c                        _image_end = (LOADADDR (.data) + SIZEOF (.data))
                0x00074c9c                        _image_size = (_image_end - _image_start)
OUTPUT(myLab2_blackjack.axf elf32-littlearm)
LOAD linker stubs

.debug_info     0x00000000     0xe9af
 .debug_info    0x00000000      0x1f4 ./src/liblcp/utils/string_utils/string_utils.o
 .debug_info    0x000001f4      0x7d7 ./src/liblcp/utils/dyn_array/dyn_array.o
 .debug_info    0x000009cb       0xb5 ./src/liblcp/utils/utils.o
 .debug_info    0x00000a80      0x118 ./src/liblcp/time/time.o
 .debug_info    0x00000b98       0xaa ./src/liblcp/spi/spi.o
 .debug_info    0x00000c42      0x170 ./src/liblcp/rendering/utils/color_utils.o
 .debug_info    0x00000db2      0x113 ./src/liblcp/rendering/utils/rect.o
 .debug_info    0x00000ec5      0x119 ./src/liblcp/rendering/ui/fonts/fonts.o
 .debug_info    0x00000fde      0x34c ./src/liblcp/rendering/ui/elements/trigger_zone/trigger_zone.o
 .debug_info    0x0000132a      0x3fb ./src/liblcp/rendering/ui/elements/textbox/textbox.o
 .debug_info    0x00001725      0x21b ./src/liblcp/rendering/sprite/sprite.o
 .debug_info    0x00001940      0x274 ./src/liblcp/rendering/screen/screen.o
 .debug_info    0x00001bb4      0x291 ./src/liblcp/rendering/drawing/draw_utils.o
 .debug_info    0x00001e45      0x3a3 ./src/liblcp/log/log.o
 .debug_info    0x000021e8      0x1f0 ./src/liblcp/ledrgb/ledrgb.o
 .debug_info    0x000023d8      0x1e7 ./src/liblcp/inputs/touch_screen/touch_screen.o
 .debug_info    0x000025bf      0x658 ./src/liblcp/inputs/input_manager.o
 .debug_info    0x00002c17      0x552 ./src/liblcp/gpio/gpio_interrupts.o
 .debug_info    0x00003169      0x3ea ./src/game/scene/scenes/credit_scene.o
 .debug_info    0x00003553      0x33f ./src/game/scene/scenes/game_scene.o
 .debug_info    0x00003892      0x465 ./src/game/scene/scenes/new_game_scene.o
 .debug_info    0x00003cf7      0x455 ./src/game/scene/scenes/title_screen_scene.o
 .debug_info    0x0000414c      0x27e ./src/game/scene/scene.o
 .debug_info    0x000043ca      0xa0b ./src/game/blackjack/render/blackjack_render.o
 .debug_info    0x00004dd5      0x302 ./src/game/blackjack/popup/player_action_popup/player_action_popup.o
 .debug_info    0x000050d7      0x487 ./src/game/blackjack/popup/bet_popup/bet_popup.o
 .debug_info    0x0000555e      0x228 ./src/game/blackjack/card/card.o
 .debug_info    0x00005786      0x5e0 ./src/game/blackjack/blackjack.o
 .debug_info    0x00005d66      0x3bb ./src/game/game.o
 .debug_info    0x00006121      0x2a0 ./src/cr_startup_lpc175x_6x.o
 .debug_info    0x000063c1       0x40 ./src/crp.o
 .debug_info    0x00006401      0x3ce ./src/main.o
 .debug_info    0x000067cf      0x794 /home/wihler/labs/micro/project_workspace/myLab2_blackjack/src/libs/libMyLab_lib.a(I2C.o)
 .debug_info    0x00006f63      0xb37 /home/wihler/labs/micro/project_workspace/myLab2_blackjack/src/libs/libMyLab_lib.a(ledrgb.o)
 .debug_info    0x00007a9a       0x85 /usr/local/mcuxpressoide-24.9.25/ide/plugins/com.nxp.mcuxpresso.tools.linux_24.9.0.202407110857/tools/bin/../lib/gcc/arm-none-eabi/13.2.1/../../../../arm-none-eabi/lib/thumb/v7-m/nofp/libcr_semihost.a(_cr__main.o)
 .debug_info    0x00007b1f       0x8f /usr/local/mcuxpressoide-24.9.25/ide/plugins/com.nxp.mcuxpresso.tools.linux_24.9.0.202407110857/tools/bin/../lib/gcc/arm-none-eabi/13.2.1/../../../../arm-none-eabi/lib/thumb/v7-m/nofp/libcr_c.a(fabsf.o)
 .debug_info    0x00007bae      0x1cc /usr/local/mcuxpressoide-24.9.25/ide/plugins/com.nxp.mcuxpresso.tools.linux_24.9.0.202407110857/tools/bin/../lib/gcc/arm-none-eabi/13.2.1/../../../../arm-none-eabi/lib/thumb/v7-m/nofp/libcr_c.a(fmodf.o)
 .debug_info    0x00007d7a      0x125 /usr/local/mcuxpressoide-24.9.25/ide/plugins/com.nxp.mcuxpresso.tools.linux_24.9.0.202407110857/tools/bin/../lib/gcc/arm-none-eabi/13.2.1/../../../../arm-none-eabi/lib/thumb/v7-m/nofp/libcr_c.a(modff.o)
 .debug_info    0x00007e9f      0x12b /usr/local/mcuxpressoide-24.9.25/ide/plugins/com.nxp.mcuxpresso.tools.linux_24.9.0.202407110857/tools/bin/../lib/gcc/arm-none-eabi/13.2.1/../../../../arm-none-eabi/lib/thumb/v7-m/nofp/libcr_c.a(memcpy.o)
 .debug_info    0x00007fca       0xfc /usr/local/mcuxpressoide-24.9.25/ide/plugins/com.nxp.mcuxpresso.tools.linux_24.9.0.202407110857/tools/bin/../lib/gcc/arm-none-eabi/13.2.1/../../../../arm-none-eabi/lib/thumb/v7-m/nofp/libcr_c.a(memset.o)
 .debug_info    0x000080c6      0x520 /usr/local/mcuxpressoide-24.9.25/ide/plugins/com.nxp.mcuxpresso.tools.linux_24.9.0.202407110857/tools/bin/../lib/gcc/arm-none-eabi/13.2.1/../../../../arm-none-eabi/lib/thumb/v7-m/nofp/libcr_c.a(alloc.o)
 .debug_info    0x000085e6       0x95 /usr/local/mcuxpressoide-24.9.25/ide/plugins/com.nxp.mcuxpresso.tools.linux_24.9.0.202407110857/tools/bin/../lib/gcc/arm-none-eabi/13.2.1/../../../../arm-none-eabi/lib/thumb/v7-m/nofp/libcr_c.a(cr_time.o)
 .debug_info    0x0000867b       0x44 /usr/local/mcuxpressoide-24.9.25/ide/plugins/com.nxp.mcuxpresso.tools.linux_24.9.0.202407110857/tools/bin/../lib/gcc/arm-none-eabi/13.2.1/../../../../arm-none-eabi/lib/thumb/v7-m/nofp/libcr_c.a(errno.o)
 .debug_info    0x000086bf      0x339 /usr/local/mcuxpressoide-24.9.25/ide/plugins/com.nxp.mcuxpresso.tools.linux_24.9.0.202407110857/tools/bin/../lib/gcc/arm-none-eabi/13.2.1/../../../../arm-none-eabi/lib/thumb/v7-m/nofp/libcr_c.a(initio.o)
 .debug_info    0x000089f8      0x1fd /usr/local/mcuxpressoide-24.9.25/ide/plugins/com.nxp.mcuxpresso.tools.linux_24.9.0.202407110857/tools/bin/../lib/gcc/arm-none-eabi/13.2.1/../../../../arm-none-eabi/lib/thumb/v7-m/nofp/libcr_c.a(setvbuf.o)
 .debug_info    0x00008bf5      0x4bb /usr/local/mcuxpressoide-24.9.25/ide/plugins/com.nxp.mcuxpresso.tools.linux_24.9.0.202407110857/tools/bin/../lib/gcc/arm-none-eabi/13.2.1/../../../../arm-none-eabi/lib/thumb/v7-m/nofp/libcr_c.a(stdlib.o)
 .debug_info    0x000090b0       0xe0 /usr/local/mcuxpressoide-24.9.25/ide/plugins/com.nxp.mcuxpresso.tools.linux_24.9.0.202407110857/tools/bin/../lib/gcc/arm-none-eabi/13.2.1/../../../../arm-none-eabi/lib/thumb/v7-m/nofp/libcr_c.a(strcpy.o)
 .debug_info    0x00009190       0xe1 /usr/local/mcuxpressoide-24.9.25/ide/plugins/com.nxp.mcuxpresso.tools.linux_24.9.0.202407110857/tools/bin/../lib/gcc/arm-none-eabi/13.2.1/../../../../arm-none-eabi/lib/thumb/v7-m/nofp/libcr_c.a(strlen.o)
 .debug_info    0x00009271       0xd4 /usr/local/mcuxpressoide-24.9.25/ide/plugins/com.nxp.mcuxpresso.tools.linux_24.9.0.202407110857/tools/bin/../lib/gcc/arm-none-eabi/13.2.1/../../../../arm-none-eabi/lib/thumb/v7-m/nofp/libcr_c.a(__init_alloc.o)
 .debug_info    0x00009345      0x107 /usr/local/mcuxpressoide-24.9.25/ide/plugins/com.nxp.mcuxpresso.tools.linux_24.9.0.202407110857/tools/bin/../lib/gcc/arm-none-eabi/13.2.1/../../../../arm-none-eabi/lib/thumb/v7-m/nofp/libcr_c.a(_cr_sbrk.o)
 .debug_info    0x0000944c      0x24b /usr/local/mcuxpressoide-24.9.25/ide/plugins/com.nxp.mcuxpresso.tools.linux_24.9.0.202407110857/tools/bin/../lib/gcc/arm-none-eabi/13.2.1/../../../../arm-none-eabi/lib/thumb/v7-m/nofp/libcr_c.a(_fdopen.o)
 .debug_info    0x00009697      0x318 /usr/local/mcuxpressoide-24.9.25/ide/plugins/com.nxp.mcuxpresso.tools.linux_24.9.0.202407110857/tools/bin/../lib/gcc/arm-none-eabi/13.2.1/../../../../arm-none-eabi/lib/thumb/v7-m/nofp/libcr_c.a(fclose.o)
 .debug_info    0x000099af      0x209 /usr/local/mcuxpressoide-24.9.25/ide/plugins/com.nxp.mcuxpresso.tools.linux_24.9.0.202407110857/tools/bin/../lib/gcc/arm-none-eabi/13.2.1/../../../../arm-none-eabi/lib/thumb/v7-m/nofp/libcr_c.a(fflush.o)
 .debug_info    0x00009bb8      0x276 /usr/local/mcuxpressoide-24.9.25/ide/plugins/com.nxp.mcuxpresso.tools.linux_24.9.0.202407110857/tools/bin/../lib/gcc/arm-none-eabi/13.2.1/../../../../arm-none-eabi/lib/thumb/v7-m/nofp/libcr_c.a(fseek.o)
 .debug_info    0x00009e2e      0x197 /usr/local/mcuxpressoide-24.9.25/ide/plugins/com.nxp.mcuxpresso.tools.linux_24.9.0.202407110857/tools/bin/../lib/gcc/arm-none-eabi/13.2.1/../../../../arm-none-eabi/lib/thumb/v7-m/nofp/libcr_c.a(ftell.o)
 .debug_info    0x00009fc5      0x1d7 /usr/local/mcuxpressoide-24.9.25/ide/plugins/com.nxp.mcuxpresso.tools.linux_24.9.0.202407110857/tools/bin/../lib/gcc/arm-none-eabi/13.2.1/../../../../arm-none-eabi/lib/thumb/v7-m/nofp/libcr_c.a(remove.o)
 .debug_info    0x0000a19c       0x78 /usr/local/mcuxpressoide-24.9.25/ide/plugins/com.nxp.mcuxpresso.tools.linux_24.9.0.202407110857/tools/bin/../lib/gcc/arm-none-eabi/13.2.1/../../../../arm-none-eabi/lib/thumb/v7-m/nofp/libcr_c.a(_cr_check_heap.o)
 .debug_info    0x0000a214      0x23a /usr/local/mcuxpressoide-24.9.25/ide/plugins/com.nxp.mcuxpresso.tools.linux_24.9.0.202407110857/tools/bin/../lib/gcc/arm-none-eabi/13.2.1/../../../../arm-none-eabi/lib/thumb/v7-m/nofp/libcr_c.a(_do_fflush.o)
 .debug_info    0x0000a44e      0x1e3 /usr/local/mcuxpressoide-24.9.25/ide/plugins/com.nxp.mcuxpresso.tools.linux_24.9.0.202407110857/tools/bin/../lib/gcc/arm-none-eabi/13.2.1/../../../../arm-none-eabi/lib/thumb/v7-m/nofp/libcr_c.a(_fflush.o)
 .debug_info    0x0000a631      0x289 /usr/local/mcuxpressoide-24.9.25/ide/plugins/com.nxp.mcuxpresso.tools.linux_24.9.0.202407110857/tools/bin/../lib/gcc/arm-none-eabi/13.2.1/../../../../arm-none-eabi/lib/thumb/v7-m/nofp/libcr_c.a(_writebuf.o)
 .debug_info    0x0000a8ba      0x369 /usr/local/mcuxpressoide-24.9.25/ide/plugins/com.nxp.mcuxpresso.tools.linux_24.9.0.202407110857/tools/bin/../lib/gcc/arm-none-eabi/13.2.1/../../../../arm-none-eabi/lib/thumb/v7-m/nofp/libcr_c.a(_deferredlazyseek.o)
 .debug_info    0x0000ac23     0x2131 /usr/local/mcuxpressoide-24.9.25/ide/plugins/com.nxp.mcuxpresso.tools.linux_24.9.0.202407110857/tools/bin/../lib/gcc/arm-none-eabi/13.2.1/thumb/v7-m/nofp/libcr_eabihelpers.a(double.o)
 .debug_info    0x0000cd54     0x1ad0 /usr/local/mcuxpressoide-24.9.25/ide/plugins/com.nxp.mcuxpresso.tools.linux_24.9.0.202407110857/tools/bin/../lib/gcc/arm-none-eabi/13.2.1/thumb/v7-m/nofp/libcr_eabihelpers.a(float.o)
 .debug_info    0x0000e824      0x18b /usr/local/mcuxpressoide-24.9.25/ide/plugins/com.nxp.mcuxpresso.tools.linux_24.9.0.202407110857/tools/bin/../lib/gcc/arm-none-eabi/13.2.1/../../../../arm-none-eabi/lib/thumb/v7-m/nofp/libcr_semihost.a(__ciob.o)

.debug_abbrev   0x00000000     0x4f49
 .debug_abbrev  0x00000000       0xe4 ./src/liblcp/utils/string_utils/string_utils.o
 .debug_abbrev  0x000000e4      0x24b ./src/liblcp/utils/dyn_array/dyn_array.o
 .debug_abbrev  0x0000032f       0x83 ./src/liblcp/utils/utils.o
 .debug_abbrev  0x000003b2       0xd5 ./src/liblcp/time/time.o
 .debug_abbrev  0x00000487       0x67 ./src/liblcp/spi/spi.o
 .debug_abbrev  0x000004ee       0xa1 ./src/liblcp/rendering/utils/color_utils.o
 .debug_abbrev  0x0000058f       0xa3 ./src/liblcp/rendering/utils/rect.o
 .debug_abbrev  0x00000632       0x8d ./src/liblcp/rendering/ui/fonts/fonts.o
 .debug_abbrev  0x000006bf      0x191 ./src/liblcp/rendering/ui/elements/trigger_zone/trigger_zone.o
 .debug_abbrev  0x00000850      0x147 ./src/liblcp/rendering/ui/elements/textbox/textbox.o
 .debug_abbrev  0x00000997      0x10d ./src/liblcp/rendering/sprite/sprite.o
 .debug_abbrev  0x00000aa4      0x150 ./src/liblcp/rendering/screen/screen.o
 .debug_abbrev  0x00000bf4      0x14d ./src/liblcp/rendering/drawing/draw_utils.o
 .debug_abbrev  0x00000d41      0x14d ./src/liblcp/log/log.o
 .debug_abbrev  0x00000e8e      0x12e ./src/liblcp/ledrgb/ledrgb.o
 .debug_abbrev  0x00000fbc      0x10f ./src/liblcp/inputs/touch_screen/touch_screen.o
 .debug_abbrev  0x000010cb      0x1fc ./src/liblcp/inputs/input_manager.o
 .debug_abbrev  0x000012c7      0x21c ./src/liblcp/gpio/gpio_interrupts.o
 .debug_abbrev  0x000014e3      0x1ab ./src/game/scene/scenes/credit_scene.o
 .debug_abbrev  0x0000168e      0x18b ./src/game/scene/scenes/game_scene.o
 .debug_abbrev  0x00001819      0x16b ./src/game/scene/scenes/new_game_scene.o
 .debug_abbrev  0x00001984      0x18e ./src/game/scene/scenes/title_screen_scene.o
 .debug_abbrev  0x00001b12      0x178 ./src/game/scene/scene.o
 .debug_abbrev  0x00001c8a      0x224 ./src/game/blackjack/render/blackjack_render.o
 .debug_abbrev  0x00001eae      0x176 ./src/game/blackjack/popup/player_action_popup/player_action_popup.o
 .debug_abbrev  0x00002024      0x1a4 ./src/game/blackjack/popup/bet_popup/bet_popup.o
 .debug_abbrev  0x000021c8       0xd9 ./src/game/blackjack/card/card.o
 .debug_abbrev  0x000022a1      0x1e1 ./src/game/blackjack/blackjack.o
 .debug_abbrev  0x00002482      0x1b6 ./src/game/game.o
 .debug_abbrev  0x00002638      0x160 ./src/cr_startup_lpc175x_6x.o
 .debug_abbrev  0x00002798       0x38 ./src/crp.o
 .debug_abbrev  0x000027d0      0x195 ./src/main.o
 .debug_abbrev  0x00002965      0x1a3 /home/wihler/labs/micro/project_workspace/myLab2_blackjack/src/libs/libMyLab_lib.a(I2C.o)
 .debug_abbrev  0x00002b08      0x209 /home/wihler/labs/micro/project_workspace/myLab2_blackjack/src/libs/libMyLab_lib.a(ledrgb.o)
 .debug_abbrev  0x00002d11       0x70 /usr/local/mcuxpressoide-24.9.25/ide/plugins/com.nxp.mcuxpresso.tools.linux_24.9.0.202407110857/tools/bin/../lib/gcc/arm-none-eabi/13.2.1/../../../../arm-none-eabi/lib/thumb/v7-m/nofp/libcr_semihost.a(_cr__main.o)
 .debug_abbrev  0x00002d81       0x74 /usr/local/mcuxpressoide-24.9.25/ide/plugins/com.nxp.mcuxpresso.tools.linux_24.9.0.202407110857/tools/bin/../lib/gcc/arm-none-eabi/13.2.1/../../../../arm-none-eabi/lib/thumb/v7-m/nofp/libcr_c.a(fabsf.o)
 .debug_abbrev  0x00002df5       0xf3 /usr/local/mcuxpressoide-24.9.25/ide/plugins/com.nxp.mcuxpresso.tools.linux_24.9.0.202407110857/tools/bin/../lib/gcc/arm-none-eabi/13.2.1/../../../../arm-none-eabi/lib/thumb/v7-m/nofp/libcr_c.a(fmodf.o)
 .debug_abbrev  0x00002ee8       0xd4 /usr/local/mcuxpressoide-24.9.25/ide/plugins/com.nxp.mcuxpresso.tools.linux_24.9.0.202407110857/tools/bin/../lib/gcc/arm-none-eabi/13.2.1/../../../../arm-none-eabi/lib/thumb/v7-m/nofp/libcr_c.a(modff.o)
 .debug_abbrev  0x00002fbc       0xb6 /usr/local/mcuxpressoide-24.9.25/ide/plugins/com.nxp.mcuxpresso.tools.linux_24.9.0.202407110857/tools/bin/../lib/gcc/arm-none-eabi/13.2.1/../../../../arm-none-eabi/lib/thumb/v7-m/nofp/libcr_c.a(memcpy.o)
 .debug_abbrev  0x00003072       0xa8 /usr/local/mcuxpressoide-24.9.25/ide/plugins/com.nxp.mcuxpresso.tools.linux_24.9.0.202407110857/tools/bin/../lib/gcc/arm-none-eabi/13.2.1/../../../../arm-none-eabi/lib/thumb/v7-m/nofp/libcr_c.a(memset.o)
 .debug_abbrev  0x0000311a      0x284 /usr/local/mcuxpressoide-24.9.25/ide/plugins/com.nxp.mcuxpresso.tools.linux_24.9.0.202407110857/tools/bin/../lib/gcc/arm-none-eabi/13.2.1/../../../../arm-none-eabi/lib/thumb/v7-m/nofp/libcr_c.a(alloc.o)
 .debug_abbrev  0x0000339e       0x9d /usr/local/mcuxpressoide-24.9.25/ide/plugins/com.nxp.mcuxpresso.tools.linux_24.9.0.202407110857/tools/bin/../lib/gcc/arm-none-eabi/13.2.1/../../../../arm-none-eabi/lib/thumb/v7-m/nofp/libcr_c.a(cr_time.o)
 .debug_abbrev  0x0000343b       0x44 /usr/local/mcuxpressoide-24.9.25/ide/plugins/com.nxp.mcuxpresso.tools.linux_24.9.0.202407110857/tools/bin/../lib/gcc/arm-none-eabi/13.2.1/../../../../arm-none-eabi/lib/thumb/v7-m/nofp/libcr_c.a(errno.o)
 .debug_abbrev  0x0000347f      0x169 /usr/local/mcuxpressoide-24.9.25/ide/plugins/com.nxp.mcuxpresso.tools.linux_24.9.0.202407110857/tools/bin/../lib/gcc/arm-none-eabi/13.2.1/../../../../arm-none-eabi/lib/thumb/v7-m/nofp/libcr_c.a(initio.o)
 .debug_abbrev  0x000035e8       0xe1 /usr/local/mcuxpressoide-24.9.25/ide/plugins/com.nxp.mcuxpresso.tools.linux_24.9.0.202407110857/tools/bin/../lib/gcc/arm-none-eabi/13.2.1/../../../../arm-none-eabi/lib/thumb/v7-m/nofp/libcr_c.a(setvbuf.o)
 .debug_abbrev  0x000036c9      0x2b7 /usr/local/mcuxpressoide-24.9.25/ide/plugins/com.nxp.mcuxpresso.tools.linux_24.9.0.202407110857/tools/bin/../lib/gcc/arm-none-eabi/13.2.1/../../../../arm-none-eabi/lib/thumb/v7-m/nofp/libcr_c.a(stdlib.o)
 .debug_abbrev  0x00003980       0xa9 /usr/local/mcuxpressoide-24.9.25/ide/plugins/com.nxp.mcuxpresso.tools.linux_24.9.0.202407110857/tools/bin/../lib/gcc/arm-none-eabi/13.2.1/../../../../arm-none-eabi/lib/thumb/v7-m/nofp/libcr_c.a(strcpy.o)
 .debug_abbrev  0x00003a29       0xa7 /usr/local/mcuxpressoide-24.9.25/ide/plugins/com.nxp.mcuxpresso.tools.linux_24.9.0.202407110857/tools/bin/../lib/gcc/arm-none-eabi/13.2.1/../../../../arm-none-eabi/lib/thumb/v7-m/nofp/libcr_c.a(strlen.o)
 .debug_abbrev  0x00003ad0       0xaf /usr/local/mcuxpressoide-24.9.25/ide/plugins/com.nxp.mcuxpresso.tools.linux_24.9.0.202407110857/tools/bin/../lib/gcc/arm-none-eabi/13.2.1/../../../../arm-none-eabi/lib/thumb/v7-m/nofp/libcr_c.a(__init_alloc.o)
 .debug_abbrev  0x00003b7f       0xd3 /usr/local/mcuxpressoide-24.9.25/ide/plugins/com.nxp.mcuxpresso.tools.linux_24.9.0.202407110857/tools/bin/../lib/gcc/arm-none-eabi/13.2.1/../../../../arm-none-eabi/lib/thumb/v7-m/nofp/libcr_c.a(_cr_sbrk.o)
 .debug_abbrev  0x00003c52      0x119 /usr/local/mcuxpressoide-24.9.25/ide/plugins/com.nxp.mcuxpresso.tools.linux_24.9.0.202407110857/tools/bin/../lib/gcc/arm-none-eabi/13.2.1/../../../../arm-none-eabi/lib/thumb/v7-m/nofp/libcr_c.a(_fdopen.o)
 .debug_abbrev  0x00003d6b      0x155 /usr/local/mcuxpressoide-24.9.25/ide/plugins/com.nxp.mcuxpresso.tools.linux_24.9.0.202407110857/tools/bin/../lib/gcc/arm-none-eabi/13.2.1/../../../../arm-none-eabi/lib/thumb/v7-m/nofp/libcr_c.a(fclose.o)
 .debug_abbrev  0x00003ec0      0x125 /usr/local/mcuxpressoide-24.9.25/ide/plugins/com.nxp.mcuxpresso.tools.linux_24.9.0.202407110857/tools/bin/../lib/gcc/arm-none-eabi/13.2.1/../../../../arm-none-eabi/lib/thumb/v7-m/nofp/libcr_c.a(fflush.o)
 .debug_abbrev  0x00003fe5      0x11b /usr/local/mcuxpressoide-24.9.25/ide/plugins/com.nxp.mcuxpresso.tools.linux_24.9.0.202407110857/tools/bin/../lib/gcc/arm-none-eabi/13.2.1/../../../../arm-none-eabi/lib/thumb/v7-m/nofp/libcr_c.a(fseek.o)
 .debug_abbrev  0x00004100       0xc2 /usr/local/mcuxpressoide-24.9.25/ide/plugins/com.nxp.mcuxpresso.tools.linux_24.9.0.202407110857/tools/bin/../lib/gcc/arm-none-eabi/13.2.1/../../../../arm-none-eabi/lib/thumb/v7-m/nofp/libcr_c.a(ftell.o)
 .debug_abbrev  0x000041c2       0xfb /usr/local/mcuxpressoide-24.9.25/ide/plugins/com.nxp.mcuxpresso.tools.linux_24.9.0.202407110857/tools/bin/../lib/gcc/arm-none-eabi/13.2.1/../../../../arm-none-eabi/lib/thumb/v7-m/nofp/libcr_c.a(remove.o)
 .debug_abbrev  0x000042bd       0x6b /usr/local/mcuxpressoide-24.9.25/ide/plugins/com.nxp.mcuxpresso.tools.linux_24.9.0.202407110857/tools/bin/../lib/gcc/arm-none-eabi/13.2.1/../../../../arm-none-eabi/lib/thumb/v7-m/nofp/libcr_c.a(_cr_check_heap.o)
 .debug_abbrev  0x00004328      0x12c /usr/local/mcuxpressoide-24.9.25/ide/plugins/com.nxp.mcuxpresso.tools.linux_24.9.0.202407110857/tools/bin/../lib/gcc/arm-none-eabi/13.2.1/../../../../arm-none-eabi/lib/thumb/v7-m/nofp/libcr_c.a(_do_fflush.o)
 .debug_abbrev  0x00004454       0xf1 /usr/local/mcuxpressoide-24.9.25/ide/plugins/com.nxp.mcuxpresso.tools.linux_24.9.0.202407110857/tools/bin/../lib/gcc/arm-none-eabi/13.2.1/../../../../arm-none-eabi/lib/thumb/v7-m/nofp/libcr_c.a(_fflush.o)
 .debug_abbrev  0x00004545      0x126 /usr/local/mcuxpressoide-24.9.25/ide/plugins/com.nxp.mcuxpresso.tools.linux_24.9.0.202407110857/tools/bin/../lib/gcc/arm-none-eabi/13.2.1/../../../../arm-none-eabi/lib/thumb/v7-m/nofp/libcr_c.a(_writebuf.o)
 .debug_abbrev  0x0000466b      0x152 /usr/local/mcuxpressoide-24.9.25/ide/plugins/com.nxp.mcuxpresso.tools.linux_24.9.0.202407110857/tools/bin/../lib/gcc/arm-none-eabi/13.2.1/../../../../arm-none-eabi/lib/thumb/v7-m/nofp/libcr_c.a(_deferredlazyseek.o)
 .debug_abbrev  0x000047bd      0x378 /usr/local/mcuxpressoide-24.9.25/ide/plugins/com.nxp.mcuxpresso.tools.linux_24.9.0.202407110857/tools/bin/../lib/gcc/arm-none-eabi/13.2.1/thumb/v7-m/nofp/libcr_eabihelpers.a(double.o)
 .debug_abbrev  0x00004b35      0x35f /usr/local/mcuxpressoide-24.9.25/ide/plugins/com.nxp.mcuxpresso.tools.linux_24.9.0.202407110857/tools/bin/../lib/gcc/arm-none-eabi/13.2.1/thumb/v7-m/nofp/libcr_eabihelpers.a(float.o)
 .debug_abbrev  0x00004e94       0xb5 /usr/local/mcuxpressoide-24.9.25/ide/plugins/com.nxp.mcuxpresso.tools.linux_24.9.0.202407110857/tools/bin/../lib/gcc/arm-none-eabi/13.2.1/../../../../arm-none-eabi/lib/thumb/v7-m/nofp/libcr_semihost.a(__ciob.o)

.debug_aranges  0x00000000      0xe70
 .debug_aranges
                0x00000000       0x28 ./src/liblcp/utils/string_utils/string_utils.o
 .debug_aranges
                0x00000028       0xd8 ./src/liblcp/utils/dyn_array/dyn_array.o
 .debug_aranges
                0x00000100       0x28 ./src/liblcp/utils/utils.o
 .debug_aranges
                0x00000128       0x30 ./src/liblcp/time/time.o
 .debug_aranges
                0x00000158       0x20 ./src/liblcp/spi/spi.o
 .debug_aranges
                0x00000178       0x20 ./src/liblcp/rendering/utils/color_utils.o
 .debug_aranges
                0x00000198       0x20 ./src/liblcp/rendering/utils/rect.o
 .debug_aranges
                0x000001b8       0x18 ./src/liblcp/rendering/ui/fonts/fonts.o
 .debug_aranges
                0x000001d0       0x38 ./src/liblcp/rendering/ui/elements/trigger_zone/trigger_zone.o
 .debug_aranges
                0x00000208       0x28 ./src/liblcp/rendering/ui/elements/textbox/textbox.o
 .debug_aranges
                0x00000230       0x20 ./src/liblcp/rendering/sprite/sprite.o
 .debug_aranges
                0x00000250       0x60 ./src/liblcp/rendering/screen/screen.o
 .debug_aranges
                0x000002b0       0x28 ./src/liblcp/rendering/drawing/draw_utils.o
 .debug_aranges
                0x000002d8       0x28 ./src/liblcp/log/log.o
 .debug_aranges
                0x00000300       0x28 ./src/liblcp/ledrgb/ledrgb.o
 .debug_aranges
                0x00000328       0x28 ./src/liblcp/inputs/touch_screen/touch_screen.o
 .debug_aranges
                0x00000350       0x60 ./src/liblcp/inputs/input_manager.o
 .debug_aranges
                0x000003b0       0x58 ./src/liblcp/gpio/gpio_interrupts.o
 .debug_aranges
                0x00000408       0x38 ./src/game/scene/scenes/credit_scene.o
 .debug_aranges
                0x00000440       0x38 ./src/game/scene/scenes/game_scene.o
 .debug_aranges
                0x00000478       0x58 ./src/game/scene/scenes/new_game_scene.o
 .debug_aranges
                0x000004d0       0x40 ./src/game/scene/scenes/title_screen_scene.o
 .debug_aranges
                0x00000510       0x40 ./src/game/scene/scene.o
 .debug_aranges
                0x00000550       0x78 ./src/game/blackjack/render/blackjack_render.o
 .debug_aranges
                0x000005c8       0x48 ./src/game/blackjack/popup/player_action_popup/player_action_popup.o
 .debug_aranges
                0x00000610       0x78 ./src/game/blackjack/popup/bet_popup/bet_popup.o
 .debug_aranges
                0x00000688       0x48 ./src/game/blackjack/card/card.o
 .debug_aranges
                0x000006d0       0x40 ./src/game/blackjack/blackjack.o
 .debug_aranges
                0x00000710       0x50 ./src/game/game.o
 .debug_aranges
                0x00000760       0x80 ./src/cr_startup_lpc175x_6x.o
 .debug_aranges
                0x000007e0       0x18 ./src/crp.o
 .debug_aranges
                0x000007f8       0x30 ./src/main.o
 .debug_aranges
                0x00000828       0x38 /home/wihler/labs/micro/project_workspace/myLab2_blackjack/src/libs/libMyLab_lib.a(I2C.o)
 .debug_aranges
                0x00000860       0x40 /home/wihler/labs/micro/project_workspace/myLab2_blackjack/src/libs/libMyLab_lib.a(ledrgb.o)
 .debug_aranges
                0x000008a0       0x20 /usr/local/mcuxpressoide-24.9.25/ide/plugins/com.nxp.mcuxpresso.tools.linux_24.9.0.202407110857/tools/bin/../lib/gcc/arm-none-eabi/13.2.1/../../../../arm-none-eabi/lib/thumb/v7-m/nofp/libcr_semihost.a(_cr__main.o)
 .debug_aranges
                0x000008c0       0x20 /usr/local/mcuxpressoide-24.9.25/ide/plugins/com.nxp.mcuxpresso.tools.linux_24.9.0.202407110857/tools/bin/../lib/gcc/arm-none-eabi/13.2.1/../../../../arm-none-eabi/lib/thumb/v7-m/nofp/libcr_c.a(fabsf.o)
 .debug_aranges
                0x000008e0       0x20 /usr/local/mcuxpressoide-24.9.25/ide/plugins/com.nxp.mcuxpresso.tools.linux_24.9.0.202407110857/tools/bin/../lib/gcc/arm-none-eabi/13.2.1/../../../../arm-none-eabi/lib/thumb/v7-m/nofp/libcr_c.a(fmodf.o)
 .debug_aranges
                0x00000900       0x20 /usr/local/mcuxpressoide-24.9.25/ide/plugins/com.nxp.mcuxpresso.tools.linux_24.9.0.202407110857/tools/bin/../lib/gcc/arm-none-eabi/13.2.1/../../../../arm-none-eabi/lib/thumb/v7-m/nofp/libcr_c.a(modff.o)
 .debug_aranges
                0x00000920       0x20 /usr/local/mcuxpressoide-24.9.25/ide/plugins/com.nxp.mcuxpresso.tools.linux_24.9.0.202407110857/tools/bin/../lib/gcc/arm-none-eabi/13.2.1/../../../../arm-none-eabi/lib/thumb/v7-m/nofp/libcr_c.a(memcpy.o)
 .debug_aranges
                0x00000940       0x20 /usr/local/mcuxpressoide-24.9.25/ide/plugins/com.nxp.mcuxpresso.tools.linux_24.9.0.202407110857/tools/bin/../lib/gcc/arm-none-eabi/13.2.1/../../../../arm-none-eabi/lib/thumb/v7-m/nofp/libcr_c.a(memset.o)
 .debug_aranges
                0x00000960       0x40 /usr/local/mcuxpressoide-24.9.25/ide/plugins/com.nxp.mcuxpresso.tools.linux_24.9.0.202407110857/tools/bin/../lib/gcc/arm-none-eabi/13.2.1/../../../../arm-none-eabi/lib/thumb/v7-m/nofp/libcr_c.a(alloc.o)
 .debug_aranges
                0x000009a0       0x20 /usr/local/mcuxpressoide-24.9.25/ide/plugins/com.nxp.mcuxpresso.tools.linux_24.9.0.202407110857/tools/bin/../lib/gcc/arm-none-eabi/13.2.1/../../../../arm-none-eabi/lib/thumb/v7-m/nofp/libcr_c.a(cr_time.o)
 .debug_aranges
                0x000009c0       0x18 /usr/local/mcuxpressoide-24.9.25/ide/plugins/com.nxp.mcuxpresso.tools.linux_24.9.0.202407110857/tools/bin/../lib/gcc/arm-none-eabi/13.2.1/../../../../arm-none-eabi/lib/thumb/v7-m/nofp/libcr_c.a(errno.o)
 .debug_aranges
                0x000009d8       0x28 /usr/local/mcuxpressoide-24.9.25/ide/plugins/com.nxp.mcuxpresso.tools.linux_24.9.0.202407110857/tools/bin/../lib/gcc/arm-none-eabi/13.2.1/../../../../arm-none-eabi/lib/thumb/v7-m/nofp/libcr_c.a(initio.o)
 .debug_aranges
                0x00000a00       0x20 /usr/local/mcuxpressoide-24.9.25/ide/plugins/com.nxp.mcuxpresso.tools.linux_24.9.0.202407110857/tools/bin/../lib/gcc/arm-none-eabi/13.2.1/../../../../arm-none-eabi/lib/thumb/v7-m/nofp/libcr_c.a(setvbuf.o)
 .debug_aranges
                0x00000a20       0x88 /usr/local/mcuxpressoide-24.9.25/ide/plugins/com.nxp.mcuxpresso.tools.linux_24.9.0.202407110857/tools/bin/../lib/gcc/arm-none-eabi/13.2.1/../../../../arm-none-eabi/lib/thumb/v7-m/nofp/libcr_c.a(stdlib.o)
 .debug_aranges
                0x00000aa8       0x20 /usr/local/mcuxpressoide-24.9.25/ide/plugins/com.nxp.mcuxpresso.tools.linux_24.9.0.202407110857/tools/bin/../lib/gcc/arm-none-eabi/13.2.1/../../../../arm-none-eabi/lib/thumb/v7-m/nofp/libcr_c.a(strcpy.o)
 .debug_aranges
                0x00000ac8       0x20 /usr/local/mcuxpressoide-24.9.25/ide/plugins/com.nxp.mcuxpresso.tools.linux_24.9.0.202407110857/tools/bin/../lib/gcc/arm-none-eabi/13.2.1/../../../../arm-none-eabi/lib/thumb/v7-m/nofp/libcr_c.a(strlen.o)
 .debug_aranges
                0x00000ae8       0x20 /usr/local/mcuxpressoide-24.9.25/ide/plugins/com.nxp.mcuxpresso.tools.linux_24.9.0.202407110857/tools/bin/../lib/gcc/arm-none-eabi/13.2.1/../../../../arm-none-eabi/lib/thumb/v7-m/nofp/libcr_c.a(__init_alloc.o)
 .debug_aranges
                0x00000b08       0x20 /usr/local/mcuxpressoide-24.9.25/ide/plugins/com.nxp.mcuxpresso.tools.linux_24.9.0.202407110857/tools/bin/../lib/gcc/arm-none-eabi/13.2.1/../../../../arm-none-eabi/lib/thumb/v7-m/nofp/libcr_c.a(_cr_sbrk.o)
 .debug_aranges
                0x00000b28       0x20 /usr/local/mcuxpressoide-24.9.25/ide/plugins/com.nxp.mcuxpresso.tools.linux_24.9.0.202407110857/tools/bin/../lib/gcc/arm-none-eabi/13.2.1/../../../../arm-none-eabi/lib/thumb/v7-m/nofp/libcr_c.a(_fdopen.o)
 .debug_aranges
                0x00000b48       0x20 /usr/local/mcuxpressoide-24.9.25/ide/plugins/com.nxp.mcuxpresso.tools.linux_24.9.0.202407110857/tools/bin/../lib/gcc/arm-none-eabi/13.2.1/../../../../arm-none-eabi/lib/thumb/v7-m/nofp/libcr_c.a(fclose.o)
 .debug_aranges
                0x00000b68       0x20 /usr/local/mcuxpressoide-24.9.25/ide/plugins/com.nxp.mcuxpresso.tools.linux_24.9.0.202407110857/tools/bin/../lib/gcc/arm-none-eabi/13.2.1/../../../../arm-none-eabi/lib/thumb/v7-m/nofp/libcr_c.a(fflush.o)
 .debug_aranges
                0x00000b88       0x20 /usr/local/mcuxpressoide-24.9.25/ide/plugins/com.nxp.mcuxpresso.tools.linux_24.9.0.202407110857/tools/bin/../lib/gcc/arm-none-eabi/13.2.1/../../../../arm-none-eabi/lib/thumb/v7-m/nofp/libcr_c.a(fseek.o)
 .debug_aranges
                0x00000ba8       0x20 /usr/local/mcuxpressoide-24.9.25/ide/plugins/com.nxp.mcuxpresso.tools.linux_24.9.0.202407110857/tools/bin/../lib/gcc/arm-none-eabi/13.2.1/../../../../arm-none-eabi/lib/thumb/v7-m/nofp/libcr_c.a(ftell.o)
 .debug_aranges
                0x00000bc8       0x28 /usr/local/mcuxpressoide-24.9.25/ide/plugins/com.nxp.mcuxpresso.tools.linux_24.9.0.202407110857/tools/bin/../lib/gcc/arm-none-eabi/13.2.1/../../../../arm-none-eabi/lib/thumb/v7-m/nofp/libcr_c.a(remove.o)
 .debug_aranges