Archive member included to satisfy reference by file (symbol)

/usr/local/mcuxpressoide-24.9.25/ide/plugins/com.nxp.mcuxpresso.tools.linux_24.9.0.202407110857/tools/bin/../lib/gcc/arm-none-eabi/13.2.1/../../../../arm-none-eabi/lib/thumb/v7-m/nofp/libcr_semihost.a(_cr__main.o)
                              ./src/cr_startup_lpc175x_6x.o (__main)
/usr/local/mcuxpressoide-24.9.25/ide/plugins/com.nxp.mcuxpresso.tools.linux_24.9.0.202407110857/tools/bin/../lib/gcc/arm-none-eabi/13.2.1/../../../../arm-none-eabi/lib/thumb/v7-m/nofp/libcr_c.a(initio.o)
                              /usr/local/mcuxpressoide-24.9.25/ide/plugins/com.nxp.mcuxpresso.tools.linux_24.9.0.202407110857/tools/bin/../lib/gcc/arm-none-eabi/13.2.1/../../../../arm-none-eabi/lib/thumb/v7-m/nofp/libcr_semihost.a(_cr__main.o) (_initio)
/usr/local/mcuxpressoide-24.9.25/ide/plugins/com.nxp.mcuxpresso.tools.linux_24.9.0.202407110857/tools/bin/../lib/gcc/arm-none-eabi/13.2.1/../../../../arm-none-eabi/lib/thumb/v7-m/nofp/libcr_c.a(setvbuf.o)
                              /usr/local/mcuxpressoide-24.9.25/ide/plugins/com.nxp.mcuxpresso.tools.linux_24.9.0.202407110857/tools/bin/../lib/gcc/arm-none-eabi/13.2.1/../../../../arm-none-eabi/lib/thumb/v7-m/nofp/libcr_c.a(initio.o) (setvbuf)
/usr/local/mcuxpressoide-24.9.25/ide/plugins/com.nxp.mcuxpresso.tools.linux_24.9.0.202407110857/tools/bin/../lib/gcc/arm-none-eabi/13.2.1/../../../../arm-none-eabi/lib/thumb/v7-m/nofp/libcr_c.a(_fdopen.o)
                              /usr/local/mcuxpressoide-24.9.25/ide/plugins/com.nxp.mcuxpresso.tools.linux_24.9.0.202407110857/tools/bin/../lib/gcc/arm-none-eabi/13.2.1/../../../../arm-none-eabi/lib/thumb/v7-m/nofp/libcr_c.a(initio.o) (_fdopen)
/usr/local/mcuxpressoide-24.9.25/ide/plugins/com.nxp.mcuxpresso.tools.linux_24.9.0.202407110857/tools/bin/../lib/gcc/arm-none-eabi/13.2.1/../../../../arm-none-eabi/lib/thumb/v7-m/nofp/libcr_c.a(fclose.o)
                              /usr/local/mcuxpressoide-24.9.25/ide/plugins/com.nxp.mcuxpresso.tools.linux_24.9.0.202407110857/tools/bin/../lib/gcc/arm-none-eabi/13.2.1/../../../../arm-none-eabi/lib/thumb/v7-m/nofp/libcr_c.a(initio.o) (fclose)
/usr/local/mcuxpressoide-24.9.25/ide/plugins/com.nxp.mcuxpresso.tools.linux_24.9.0.202407110857/tools/bin/../lib/gcc/arm-none-eabi/13.2.1/../../../../arm-none-eabi/lib/thumb/v7-m/nofp/libcr_c.a(fflush.o)
                              /usr/local/mcuxpressoide-24.9.25/ide/plugins/com.nxp.mcuxpresso.tools.linux_24.9.0.202407110857/tools/bin/../lib/gcc/arm-none-eabi/13.2.1/../../../../arm-none-eabi/lib/thumb/v7-m/nofp/libcr_c.a(fclose.o) (fflush)
/usr/local/mcuxpressoide-24.9.25/ide/plugins/com.nxp.mcuxpresso.tools.linux_24.9.0.202407110857/tools/bin/../lib/gcc/arm-none-eabi/13.2.1/../../../../arm-none-eabi/lib/thumb/v7-m/nofp/libcr_c.a(fseek.o)
                              /usr/local/mcuxpressoide-24.9.25/ide/plugins/com.nxp.mcuxpresso.tools.linux_24.9.0.202407110857/tools/bin/../lib/gcc/arm-none-eabi/13.2.1/../../../../arm-none-eabi/lib/thumb/v7-m/nofp/libcr_c.a(_fdopen.o) (fseek)
/usr/local/mcuxpressoide-24.9.25/ide/plugins/com.nxp.mcuxpresso.tools.linux_24.9.0.202407110857/tools/bin/../lib/gcc/arm-none-eabi/13.2.1/../../../../arm-none-eabi/lib/thumb/v7-m/nofp/libcr_c.a(ftell.o)
                              /usr/local/mcuxpressoide-24.9.25/ide/plugins/com.nxp.mcuxpresso.tools.linux_24.9.0.202407110857/tools/bin/../lib/gcc/arm-none-eabi/13.2.1/../../../../arm-none-eabi/lib/thumb/v7-m/nofp/libcr_c.a(fseek.o) (ftell)
/usr/local/mcuxpressoide-24.9.25/ide/plugins/com.nxp.mcuxpresso.tools.linux_24.9.0.202407110857/tools/bin/../lib/gcc/arm-none-eabi/13.2.1/../../../../arm-none-eabi/lib/thumb/v7-m/nofp/libcr_c.a(remove.o)
                              /usr/local/mcuxpressoide-24.9.25/ide/plugins/com.nxp.mcuxpresso.tools.linux_24.9.0.202407110857/tools/bin/../lib/gcc/arm-none-eabi/13.2.1/../../../../arm-none-eabi/lib/thumb/v7-m/nofp/libcr_c.a(fclose.o) (remove)
/usr/local/mcuxpressoide-24.9.25/ide/plugins/com.nxp.mcuxpresso.tools.linux_24.9.0.202407110857/tools/bin/../lib/gcc/arm-none-eabi/13.2.1/../../../../arm-none-eabi/lib/thumb/v7-m/nofp/libcr_c.a(strlen.o)
                              /usr/local/mcuxpressoide-24.9.25/ide/plugins/com.nxp.mcuxpresso.tools.linux_24.9.0.202407110857/tools/bin/../lib/gcc/arm-none-eabi/13.2.1/../../../../arm-none-eabi/lib/thumb/v7-m/nofp/libcr_c.a(remove.o) (strlen)
/usr/local/mcuxpressoide-24.9.25/ide/plugins/com.nxp.mcuxpresso.tools.linux_24.9.0.202407110857/tools/bin/../lib/gcc/arm-none-eabi/13.2.1/../../../../arm-none-eabi/lib/thumb/v7-m/nofp/libcr_c.a(memset.o)
                              /usr/local/mcuxpressoide-24.9.25/ide/plugins/com.nxp.mcuxpresso.tools.linux_24.9.0.202407110857/tools/bin/../lib/gcc/arm-none-eabi/13.2.1/../../../../arm-none-eabi/lib/thumb/v7-m/nofp/libcr_c.a(fclose.o) (memset)
[...]
Memory Configuration

Name             Origin             Length             Attributes
MFlash512        0x00000000         0x00080000         xr
RamLoc32         0x10000000         0x00008000         xrw
RamAHB32         0x2007c000         0x00008000         xrw
*default*        0x00000000         0xffffffff

Linker script and memory map

LOAD ./src/cr_startup_lpc175x_6x.o
LOAD ./src/crp.o
LOAD ./src/main_project.o
LOAD ./src/utils.o
LOAD /home/wihler/labs/micro/project_workspace/Project_empty_with_Mylab_lib/src/libMyLab_lib.a
START GROUP
LOAD /usr/local/mcuxpressoide-24.9.25/ide/plugins/com.nxp.mcuxpresso.tools.linux_24.9.0.202407110857/tools/bin/../lib/gcc/arm-none-eabi/13.2.1/../../../../arm-none-eabi/lib/thumb/v7-m/nofp/libcr_semihost.a
LOAD /usr/local/mcuxpressoide-24.9.25/ide/plugins/com.nxp.mcuxpresso.tools.linux_24.9.0.202407110857/tools/bin/../lib/gcc/arm-none-eabi/13.2.1/../../../../arm-none-eabi/lib/thumb/v7-m/nofp/libcr_c.a
LOAD /usr/local/mcuxpressoide-24.9.25/ide/plugins/com.nxp.mcuxpresso.tools.linux_24.9.0.202407110857/tools/bin/../lib/gcc/arm-none-eabi/13.2.1/thumb/v7-m/nofp/libcr_eabihelpers.a
LOAD /usr/local/mcuxpressoide-24.9.25/ide/plugins/com.nxp.mcuxpresso.tools.linux_24.9.0.202407110857/tools/bin/../lib/gcc/arm-none-eabi/13.2.1/thumb/v7-m/nofp/libgcc.a
END GROUP
                0x00000000                        __base_MFlash512 = 0x0
                0x00000000                        __base_Flash = 0x0
                0x00080000                        __top_MFlash512 = 0x80000
                0x00080000                        __top_Flash = 0x80000
                0x10000000                        __base_RamLoc32 = 0x10000000
                0x10000000                        __base_RAM = 0x10000000
                0x10008000                        __top_RamLoc32 = 0x10008000
                0x10008000                        __top_RAM = 0x10008000
                0x2007c000                        __base_RamAHB32 = 0x2007c000
                0x2007c000                        __base_RAM2 = 0x2007c000
                0x20084000                        __top_RamAHB32 = 0x20084000
                0x20084000                        __top_RAM2 = 0x20084000

.text           0x00000000      0x9b4
 FILL mask 0xff
                0x00000000                        __vectors_start__ = ABSOLUTE (.)
 *(.isr_vector)
 .isr_vector    0x00000000       0xcc ./src/cr_startup_lpc175x_6x.o
                0x00000000                g_pfnVectors
                0x000000cc                        . = ALIGN (0x4)
                0x000000cc                        __section_table_start = .
                0x000000cc                        __data_section_table = .
                0x000000cc        0x4 LONG 0x9b4 LOADADDR (.data)
                0x000000d0        0x4 LONG 0x10000000 ADDR (.data)
                0x000000d4        0x4 LONG 0x0 SIZEOF (.data)
                0x000000d8        0x4 LONG 0x9b4 LOADADDR (.data_RAM2)
                0x000000dc        0x4 LONG 0x2007c000 ADDR (.data_RAM2)
                0x000000e0        0x4 LONG 0x0 SIZEOF (.data_RAM2)
                0x000000e4                        __data_section_table_end = .
                0x000000e4                        __bss_section_table = .
                0x000000e4        0x4 LONG 0x10000000 ADDR (.bss)
                0x000000e8        0x4 LONG 0x1e4 SIZEOF (.bss)
                0x000000ec        0x4 LONG 0x2007c000 ADDR (.bss_RAM2)
                0x000000f0        0x4 LONG 0x0 SIZEOF (.bss_RAM2)
                0x000000f4                        __bss_section_table_end = .
                0x000000f4                        __section_table_end = .
 *(.after_vectors*)
 .after_vectors
                0x000000f4      0x144 ./src/cr_startup_lpc175x_6x.o
                0x000000f4                data_init
                0x00000138                bss_init
                0x00000170                ResetISR
                0x000001e8                NMI_Handler
                0x000001f0                HardFault_Handler
                0x000001f8                MemManage_Handler
                0x00000200                BusFault_Handler
                0x00000208                UsageFault_Handler
                0x00000210                SVC_Handler
                0x00000218                DebugMon_Handler
                0x00000220                PendSV_Handler
                0x00000228                SysTick_Handler
                0x00000230                TIMER2_IRQHandler
                0x00000230                RIT_IRQHandler
                0x00000230                I2C0_IRQHandler
                0x00000230                USBActivity_IRQHandler
                0x00000230                PWM1_IRQHandler
                0x00000230                I2C1_IRQHandler
                0x00000230                EINT2_IRQHandler
                0x00000230                UART1_IRQHandler
                0x00000230                EINT3_IRQHandler
                0x00000230                CANActivity_IRQHandler
                0x00000230                TIMER3_IRQHandler
                0x00000230                UART0_IRQHandler
                0x00000230                IntDefaultHandler
                0x00000230                PLL0_IRQHandler
                0x00000230                CAN_IRQHandler
                0x00000230                PLL1_IRQHandler
                0x00000230                SSP0_IRQHandler
                0x00000230                I2S_IRQHandler
                0x00000230                I2C2_IRQHandler
                0x00000230                RTC_IRQHandler
                0x00000230                TIMER0_IRQHandler
                0x00000230                SPI_IRQHandler
                0x00000230                EINT1_IRQHandler
                0x00000230                TIMER1_IRQHandler
                0x00000230                UART2_IRQHandler
                0x00000230                ADC_IRQHandler
                0x00000230                SSP1_IRQHandler
                0x00000230                USB_IRQHandler
                0x00000230                BOD_IRQHandler
                0x00000230                WDT_IRQHandler
                0x00000230                QEI_IRQHandler
                0x00000230                EINT0_IRQHandler
                0x00000230                DMA_IRQHandler
                0x00000230                UART3_IRQHandler
                0x00000230                MCPWM_IRQHandler
                0x00000230                ENET_IRQHandler
                0x000002fc                        . = 0x2fc
 *fill*         0x00000238       0xc4 ff
                0x000002fc                        PROVIDE (__CRP_WORD_START__ = .)
 *(.crp)
 .crp           0x000002fc        0x4 ./src/crp.o
                0x000002fc                CRP_WORD
                0x00000300                        PROVIDE (__CRP_WORD_END__ = .)
                0x00000001                        ASSERT (! ((__CRP_WORD_START__ == __CRP_WORD_END__)), Linker CRP Enabled, but no CRP_WORD provided within application)
 *(.text*)
 .text.main     0x00000300        0xc ./src/main_project.o
                0x00000300                main
 .text.SystemInit
                0x0000030c      0x144 ./src/utils.o
                0x0000030c                SystemInit
 .text.__main   0x00000450        0xe /usr/local/mcuxpressoide-24.9.25/ide/plugins/com.nxp.mcuxpresso.tools.linux_24.9.0.202407110857/tools/bin/../lib/gcc/arm-none-eabi/13.2.1/../../../../arm-none-eabi/lib/thumb/v7-m/nofp/libcr_semihost.a(_cr__main.o)
                0x00000450                __main
                0x00000450                __CR_SEMIHOST
 *fill*         0x0000045e        0x2 ff
 .text._initio  0x00000460       0x78 /usr/local/mcuxpressoide-24.9.25/ide/plugins/com.nxp.mcuxpresso.tools.linux_24.9.0.202407110857/tools/bin/../lib/gcc/arm-none-eabi/13.2.1/../../../../arm-none-eabi/lib/thumb/v7-m/nofp/libcr_c.a(initio.o)
                0x00000460                _initio
 .text.setvbuf  0x000004d8       0x3e /usr/local/mcuxpressoide-24.9.25/ide/plugins/com.nxp.mcuxpresso.tools.linux_24.9.0.202407110857/tools/bin/../lib/gcc/arm-none-eabi/13.2.1/../../../../arm-none-eabi/lib/thumb/v7-m/nofp/libcr_c.a(setvbuf.o)
                0x000004d8                setvbuf
 .text._fdopen  0x00000516       0x68 /usr/local/mcuxpressoide-24.9.25/ide/plugins/com.nxp.mcuxpresso.tools.linux_24.9.0.202407110857/tools/bin/../lib/gcc/arm-none-eabi/13.2.1/../../../../arm-none-eabi/lib/thumb/v7-m/nofp/libcr_c.a(_fdopen.o)
                0x00000516                _fdopen
 .text.fclose   0x0000057e       0x58 /usr/local/mcuxpressoide-24.9.25/ide/plugins/com.nxp.mcuxpresso.tools.linux_24.9.0.202407110857/tools/bin/../lib/gcc/arm-none-eabi/13.2.1/../../../../arm-none-eabi/lib/thumb/v7-m/nofp/libcr_c.a(fclose.o)
                0x0000057e                fclose
 *fill*         0x000005d6        0x2 ff
 .text.fflush   0x000005d8       0x3c /usr/local/mcuxpressoide-24.9.25/ide/plugins/com.nxp.mcuxpresso.tools.linux_24.9.0.202407110857/tools/bin/../lib/gcc/arm-none-eabi/13.2.1/../../../../arm-none-eabi/lib/thumb/v7-m/nofp/libcr_c.a(fflush.o)
                0x000005d8                fflush
 .text.fseek    0x00000614       0xf8 /usr/local/mcuxpressoide-24.9.25/ide/plugins/com.nxp.mcuxpresso.tools.linux_24.9.0.202407110857/tools/bin/../lib/gcc/arm-none-eabi/13.2.1/../../../../arm-none-eabi/lib/thumb/v7-m/nofp/libcr_c.a(fseek.o)
                0x00000614                fseek
 .text.ftell    0x0000070c       0x44 /usr/local/mcuxpressoide-24.9.25/ide/plugins/com.nxp.mcuxpresso.tools.linux_24.9.0.202407110857/tools/bin/../lib/gcc/arm-none-eabi/13.2.1/../../../../arm-none-eabi/lib/thumb/v7-m/nofp/libcr_c.a(ftell.o)
                0x0000070c                ftell
 .text.remove   0x00000750       0x14 /usr/local/mcuxpressoide-24.9.25/ide/plugins/com.nxp.mcuxpresso.tools.linux_24.9.0.202407110857/tools/bin/../lib/gcc/arm-none-eabi/13.2.1/../../../../arm-none-eabi/lib/thumb/v7-m/nofp/libcr_c.a(remove.o)
                0x00000750                remove
 .text.strlen   0x00000764       0x4e /usr/local/mcuxpressoide-24.9.25/ide/plugins/com.nxp.mcuxpresso.tools.linux_24.9.0.202407110857/tools/bin/../lib/gcc/arm-none-eabi/13.2.1/../../../../arm-none-eabi/lib/thumb/v7-m/nofp/libcr_c.a(strlen.o)
                0x00000764                strlen
 .text.memset   0x000007b2        0x4 /usr/local/mcuxpressoide-24.9.25/ide/plugins/com.nxp.mcuxpresso.tools.linux_24.9.0.202407110857/tools/bin/../lib/gcc/arm-none-eabi/13.2.1/../../../../arm-none-eabi/lib/thumb/v7-m/nofp/libcr_c.a(memset.o)
                0x000007b2                memset
 .text._do_fflush
                0x000007b6       0x40 /usr/local/mcuxpressoide-24.9.25/ide/plugins/com.nxp.mcuxpresso.tools.linux_24.9.0.202407110857/tools/bin/../lib/gcc/arm-none-eabi/13.2.1/../../../../arm-none-eabi/lib/thumb/v7-m/nofp/libcr_c.a(_do_fflush.o)
                0x000007b6                _do_fflush
 .text._fflush  0x000007f6       0x52 /usr/local/mcuxpressoide-24.9.25/ide/plugins/com.nxp.mcuxpresso.tools.linux_24.9.0.202407110857/tools/bin/../lib/gcc/arm-none-eabi/13.2.1/../../../../arm-none-eabi/lib/thumb/v7-m/nofp/libcr_c.a(_fflush.o)
                0x000007f6                _fflush
 .text._Cwritebuf
                0x00000848       0x6c /usr/local/mcuxpressoide-24.9.25/ide/plugins/com.nxp.mcuxpresso.tools.linux_24.9.0.202407110857/tools/bin/../lib/gcc/arm-none-eabi/13.2.1/../../../../arm-none-eabi/lib/thumb/v7-m/nofp/libcr_c.a(_writebuf.o)
                0x00000848                _Cwritebuf
 .text.free     0x000008b4       0x30 /usr/local/mcuxpressoide-24.9.25/ide/plugins/com.nxp.mcuxpresso.tools.linux_24.9.0.202407110857/tools/bin/../lib/gcc/arm-none-eabi/13.2.1/../../../../arm-none-eabi/lib/thumb/v7-m/nofp/libcr_c.a(alloc.o)
                0x000008b4                free
 .text._deferredlazyseek
                0x000008e4       0x40 /usr/local/mcuxpressoide-24.9.25/ide/plugins/com.nxp.mcuxpresso.tools.linux_24.9.0.202407110857/tools/bin/../lib/gcc/arm-none-eabi/13.2.1/../../../../arm-none-eabi/lib/thumb/v7-m/nofp/libcr_c.a(_deferredlazyseek.o)
                0x000008e4                _deferredlazyseek
 .text.__aeabi_memset_lowlevel
                0x00000924       0x32 /usr/local/mcuxpressoide-24.9.25/ide/plugins/com.nxp.mcuxpresso.tools.linux_24.9.0.202407110857/tools/bin/../lib/gcc/arm-none-eabi/13.2.1/thumb/v7-m/nofp/libcr_eabihelpers.a(memcpy.o)
                0x00000924                __aeabi_lowlevel_memset
 .text.__sys_close
                0x00000956        0xc /usr/local/mcuxpressoide-24.9.25/ide/plugins/com.nxp.mcuxpresso.tools.linux_24.9.0.202407110857/tools/bin/../lib/gcc/arm-none-eabi/13.2.1/../../../../arm-none-eabi/lib/thumb/v7-m/nofp/libcr_semihost.a(__sys_close.o)
                0x00000956                __sys_close
 .text.__sys_flen
                0x00000962        0xc /usr/local/mcuxpressoide-24.9.25/ide/plugins/com.nxp.mcuxpresso.tools.linux_24.9.0.202407110857/tools/bin/../lib/gcc/arm-none-eabi/13.2.1/../../../../arm-none-eabi/lib/thumb/v7-m/nofp/libcr_semihost.a(__sys_flen.o)
                0x00000962                __sys_flen
 .text.__sys_istty
                0x0000096e        0xc /usr/local/mcuxpressoide-24.9.25/ide/plugins/com.nxp.mcuxpresso.tools.linux_24.9.0.202407110857/tools/bin/../lib/gcc/arm-none-eabi/13.2.1/../../../../arm-none-eabi/lib/thumb/v7-m/nofp/libcr_semihost.a(__sys_istty.o)
                0x0000096e                __sys_istty
 .text.__sys_remove
                0x0000097a        0xc /usr/local/mcuxpressoide-24.9.25/ide/plugins/com.nxp.mcuxpresso.tools.linux_24.9.0.202407110857/tools/bin/../lib/gcc/arm-none-eabi/13.2.1/../../../../arm-none-eabi/lib/thumb/v7-m/nofp/libcr_semihost.a(__sys_remove.o)
                0x0000097a                __sys_remove
 .text.__sys_seek
                0x00000986        0xc /usr/local/mcuxpressoide-24.9.25/ide/plugins/com.nxp.mcuxpresso.tools.linux_24.9.0.202407110857/tools/bin/../lib/gcc/arm-none-eabi/13.2.1/../../../../arm-none-eabi/lib/thumb/v7-m/nofp/libcr_semihost.a(__sys_seek.o)
                0x00000986                __sys_seek
 .text.__sys_tmpnam
                0x00000992        0xc /usr/local/mcuxpressoide-24.9.25/ide/plugins/com.nxp.mcuxpresso.tools.linux_24.9.0.202407110857/tools/bin/../lib/gcc/arm-none-eabi/13.2.1/../../../../arm-none-eabi/lib/thumb/v7-m/nofp/libcr_semihost.a(__sys_tmpnam.o)
                0x00000992                __sys_tmpnam
 .text.__sys_write
                0x0000099e        0xc /usr/local/mcuxpressoide-24.9.25/ide/plugins/com.nxp.mcuxpresso.tools.linux_24.9.0.202407110857/tools/bin/../lib/gcc/arm-none-eabi/13.2.1/../../../../arm-none-eabi/lib/thumb/v7-m/nofp/libcr_semihost.a(__sys_write.o)
                0x0000099e                __sys_write
 *(.rodata .rodata.* .constdata .constdata.*)
 .rodata._initio.str1.1
                0x000009aa        0x4 /usr/local/mcuxpressoide-24.9.25/ide/plugins/com.nxp.mcuxpresso.tools.linux_24.9.0.202407110857/tools/bin/../lib/gcc/arm-none-eabi/13.2.1/../../../../arm-none-eabi/lib/thumb/v7-m/nofp/libcr_c.a(initio.o)
 *fill*         0x000009ae        0x2 ff
 .rodata.__num_Ciob_streams
                0x000009b0        0x4 /usr/local/mcuxpressoide-24.9.25/ide/plugins/com.nxp.mcuxpresso.tools.linux_24.9.0.202407110857/tools/bin/../lib/gcc/arm-none-eabi/13.2.1/../../../../arm-none-eabi/lib/thumb/v7-m/nofp/libcr_semihost.a(__ciob.o)
                0x000009b0                __num_Ciob_streams
                0x000009b4                        . = ALIGN (0x4)

.glue_7         0x000009b4        0x0
 .glue_7        0x000009b4        0x0 linker stubs

.glue_7t        0x000009b4        0x0
 .glue_7t       0x000009b4        0x0 linker stubs

.vfp11_veneer   0x000009b4        0x0
 .vfp11_veneer  0x000009b4        0x0 linker stubs

.v4_bx          0x000009b4        0x0
 .v4_bx         0x000009b4        0x0 linker stubs

.iplt           0x000009b4        0x0
 .iplt          0x000009b4        0x0 ./src/cr_startup_lpc175x_6x.o

.rel.dyn        0x000009b4        0x0
 .rel.iplt      0x000009b4        0x0 ./src/cr_startup_lpc175x_6x.o

.ARM.extab
 *(.ARM.extab* .gnu.linkonce.armextab.*)

.ARM.exidx      0x000009b4        0x0
                0x000009b4                        __exidx_start = .
 *(.ARM.exidx* .gnu.linkonce.armexidx.*)
                0x000009b4                        __exidx_end = .
                0x000009b4                        _etext = .

.data_RAM2      0x2007c000        0x0 load address 0x000009b4
 FILL mask 0xff
                [!provide]                        PROVIDE (__start_data_RAM2 = .)
                [!provide]                        PROVIDE (__start_data_RamAHB32 = .)
 *(.ramfunc.$RAM2)
 *(.ramfunc.$RamAHB32)
 *(.data.$RAM2)
 *(.data.$RamAHB32)
 *(.data.$RAM2.*)
 *(.data.$RamAHB32.*)
                0x2007c000                        . = ALIGN (0x4)
                [!provide]                        PROVIDE (__end_data_RAM2 = .)
                [!provide]                        PROVIDE (__end_data_RamAHB32 = .)

.uninit_RESERVED
                0x10000000        0x0
                0x10000000                        _start_uninit_RESERVED = .
 *(.bss.$RESERVED*)
                0x10000000                        . = ALIGN (0x4)
                0x10000000                        _end_uninit_RESERVED = .

.data           0x10000000        0x0 load address 0x000009b4
 FILL mask 0xff
                0x10000000                        _data = .
                [!provide]                        PROVIDE (__start_data_RAM = .)
                [!provide]                        PROVIDE (__start_data_RamLoc32 = .)
 *(vtable)
 *(.ramfunc*)
 *(CodeQuickAccess)
 *(DataQuickAccess)
 *(RamFunction)
 *(.data*)
                0x10000000                        . = ALIGN (0x4)
                0x10000000                        _edata = .
                [!provide]                        PROVIDE (__end_data_RAM = .)
                [!provide]                        PROVIDE (__end_data_RamLoc32 = .)

.igot.plt       0x10000000        0x0 load address 0x000009b4
 .igot.plt      0x10000000        0x0 ./src/cr_startup_lpc175x_6x.o

.bss_RAM2       0x2007c000        0x0
                [!provide]                        PROVIDE (__start_bss_RAM2 = .)
                [!provide]                        PROVIDE (__start_bss_RamAHB32 = .)
 *(.bss.$RAM2)
 *(.bss.$RamAHB32)
 *(.bss.$RAM2.*)
 *(.bss.$RamAHB32.*)
                0x2007c000                        . = ALIGN ((. != 0x0)?0x4:0x1)
                [!provide]                        PROVIDE (__end_bss_RAM2 = .)
                [!provide]                        PROVIDE (__end_bss_RamAHB32 = .)

.bss            0x10000000      0x1e4
                0x10000000                        _bss = .
                [!provide]                        PROVIDE (__start_bss_RAM = .)
                [!provide]                        PROVIDE (__start_bss_RamLoc32 = .)
 *(.bss*)
 .bss.errno     0x10000000        0x4 /usr/local/mcuxpressoide-24.9.25/ide/plugins/com.nxp.mcuxpresso.tools.linux_24.9.0.202407110857/tools/bin/../lib/gcc/arm-none-eabi/13.2.1/../../../../arm-none-eabi/lib/thumb/v7-m/nofp/libcr_c.a(errno.o)
                0x10000000                errno
 .bss.__Ciob    0x10000004      0x1e0 /usr/local/mcuxpressoide-24.9.25/ide/plugins/com.nxp.mcuxpresso.tools.linux_24.9.0.202407110857/tools/bin/../lib/gcc/arm-none-eabi/13.2.1/../../../../arm-none-eabi/lib/thumb/v7-m/nofp/libcr_semihost.a(__ciob.o)
                0x10000004                __Ciob
 *(COMMON)
                0x100001e4                        . = ALIGN (0x4)
                0x100001e4                        _ebss = .
                [!provide]                        PROVIDE (__end_bss_RAM = .)
                [!provide]                        PROVIDE (__end_bss_RamLoc32 = .)
                [!provide]                        PROVIDE (end = .)

.noinit_RAM2    0x2007c000        0x0
                [!provide]                        PROVIDE (__start_noinit_RAM2 = .)
                [!provide]                        PROVIDE (__start_noinit_RamAHB32 = .)
 *(.noinit.$RAM2)
 *(.noinit.$RamAHB32)
 *(.noinit.$RAM2.*)
 *(.noinit.$RamAHB32.*)
                0x2007c000                        . = ALIGN (0x4)
                [!provide]                        PROVIDE (__end_noinit_RAM2 = .)
                [!provide]                        PROVIDE (__end_noinit_RamAHB32 = .)

.noinit         0x100001e4        0x0
                0x100001e4                        _noinit = .
                [!provide]                        PROVIDE (__start_noinit_RAM = .)
                [!provide]                        PROVIDE (__start_noinit_RamLoc32 = .)
 *(.noinit*)
                0x100001e4                        . = ALIGN (0x4)
                0x100001e4                        _end_noinit = .
                [!provide]                        PROVIDE (__end_noinit_RAM = .)
                [!provide]                        PROVIDE (__end_noinit_RamLoc32 = .)
                0x100001e4                        PROVIDE (_pvHeapStart = DEFINED (__user_heap_base)?__user_heap_base:.)
                0x10008000                        PROVIDE (_vStackTop = DEFINED (__user_stack_top)?__user_stack_top:(__top_RamLoc32 - 0x0))
                0xefff74b2                        PROVIDE (__valid_user_code_checksum = (0x0 - ((((((_vStackTop + (ResetISR + 0x1)) + (NMI_Handler + 0x1)) + (HardFault_Handler + 0x1)) + (DEFINED (MemManage_Handler)?MemManage_Handler:0x0 + 0x1)) + (DEFINED (BusFault_Handler)?BusFault_Handler:0x0 + 0x1)) + (DEFINED (UsageFault_Handler)?UsageFault_Handler:0x0 + 0x1))))
                0x00000000                        _image_start = LOADADDR (.text)
                0x000009b4                        _image_end = (LOADADDR (.data) + SIZEOF (.data))
                0x000009b4                        _image_size = (_image_end - _image_start)
OUTPUT(Project_empty_with_Mylab_lib.axf elf32-littlearm)
LOAD linker stubs

.debug_info     0x00000000     0x2a09
 .debug_info    0x00000000      0x2a0 ./src/cr_startup_lpc175x_6x.o
 .debug_info    0x000002a0       0x40 ./src/crp.o
 .debug_info    0x000002e0       0x8e ./src/main_project.o
 .debug_info    0x0000036e       0xb5 ./src/utils.o
 .debug_info    0x00000423       0x85 /usr/local/mcuxpressoide-24.9.25/ide/plugins/com.nxp.mcuxpresso.tools.linux_24.9.0.202407110857/tools/bin/../lib/gcc/arm-none-eabi/13.2.1/../../../../arm-none-eabi/lib/thumb/v7-m/nofp/libcr_semihost.a(_cr__main.o)
 .debug_info    0x000004a8      0x339 /usr/local/mcuxpressoide-24.9.25/ide/plugins/com.nxp.mcuxpresso.tools.linux_24.9.0.202407110857/tools/bin/../lib/gcc/arm-none-eabi/13.2.1/../../../../arm-none-eabi/lib/thumb/v7-m/nofp/libcr_c.a(initio.o)
 .debug_info    0x000007e1      0x1fd /usr/local/mcuxpressoide-24.9.25/ide/plugins/com.nxp.mcuxpresso.tools.linux_24.9.0.202407110857/tools/bin/../lib/gcc/arm-none-eabi/13.2.1/../../../../arm-none-eabi/lib/thumb/v7-m/nofp/libcr_c.a(setvbuf.o)
 .debug_info    0x000009de      0x24b /usr/local/mcuxpressoide-24.9.25/ide/plugins/com.nxp.mcuxpresso.tools.linux_24.9.0.202407110857/tools/bin/../lib/gcc/arm-none-eabi/13.2.1/../../../../arm-none-eabi/lib/thumb/v7-m/nofp/libcr_c.a(_fdopen.o)
 .debug_info    0x00000c29      0x318 /usr/local/mcuxpressoide-24.9.25/ide/plugins/com.nxp.mcuxpresso.tools.linux_24.9.0.202407110857/tools/bin/../lib/gcc/arm-none-eabi/13.2.1/../../../../arm-none-eabi/lib/thumb/v7-m/nofp/libcr_c.a(fclose.o)
 .debug_info    0x00000f41      0x209 /usr/local/mcuxpressoide-24.9.25/ide/plugins/com.nxp.mcuxpresso.tools.linux_24.9.0.202407110857/tools/bin/../lib/gcc/arm-none-eabi/13.2.1/../../../../arm-none-eabi/lib/thumb/v7-m/nofp/libcr_c.a(fflush.o)
 .debug_info    0x0000114a      0x276 /usr/local/mcuxpressoide-24.9.25/ide/plugins/com.nxp.mcuxpresso.tools.linux_24.9.0.202407110857/tools/bin/../lib/gcc/arm-none-eabi/13.2.1/../../../../arm-none-eabi/lib/thumb/v7-m/nofp/libcr_c.a(fseek.o)
 .debug_info    0x000013c0      0x197 /usr/local/mcuxpressoide-24.9.25/ide/plugins/com.nxp.mcuxpresso.tools.linux_24.9.0.202407110857/tools/bin/../lib/gcc/arm-none-eabi/13.2.1/../../../../arm-none-eabi/lib/thumb/v7-m/nofp/libcr_c.a(ftell.o)
 .debug_info    0x00001557      0x1d7 /usr/local/mcuxpressoide-24.9.25/ide/plugins/com.nxp.mcuxpresso.tools.linux_24.9.0.202407110857/tools/bin/../lib/gcc/arm-none-eabi/13.2.1/../../../../arm-none-eabi/lib/thumb/v7-m/nofp/libcr_c.a(remove.o)
 .debug_info    0x0000172e       0xe1 /usr/local/mcuxpressoide-24.9.25/ide/plugins/com.nxp.mcuxpresso.tools.linux_24.9.0.202407110857/tools/bin/../lib/gcc/arm-none-eabi/13.2.1/../../../../arm-none-eabi/lib/thumb/v7-m/nofp/libcr_c.a(strlen.o)
 .debug_info    0x0000180f       0xfc /usr/local/mcuxpressoide-24.9.25/ide/plugins/com.nxp.mcuxpresso.tools.linux_24.9.0.202407110857/tools/bin/../lib/gcc/arm-none-eabi/13.2.1/../../../../arm-none-eabi/lib/thumb/v7-m/nofp/libcr_c.a(memset.o)
 .debug_info    0x0000190b      0x23a /usr/local/mcuxpressoide-24.9.25/ide/plugins/com.nxp.mcuxpresso.tools.linux_24.9.0.202407110857/tools/bin/../lib/gcc/arm-none-eabi/13.2.1/../../../../arm-none-eabi/lib/thumb/v7-m/nofp/libcr_c.a(_do_fflush.o)
 .debug_info    0x00001b45      0x1e3 /usr/local/mcuxpressoide-24.9.25/ide/plugins/com.nxp.mcuxpresso.tools.linux_24.9.0.202407110857/tools/bin/../lib/gcc/arm-none-eabi/13.2.1/../../../../arm-none-eabi/lib/thumb/v7-m/nofp/libcr_c.a(_fflush.o)
 .debug_info    0x00001d28      0x289 /usr/local/mcuxpressoide-24.9.25/ide/plugins/com.nxp.mcuxpresso.tools.linux_24.9.0.202407110857/tools/bin/../lib/gcc/arm-none-eabi/13.2.1/../../../../arm-none-eabi/lib/thumb/v7-m/nofp/libcr_c.a(_writebuf.o)
 .debug_info    0x00001fb1      0x520 /usr/local/mcuxpressoide-24.9.25/ide/plugins/com.nxp.mcuxpresso.tools.linux_24.9.0.202407110857/tools/bin/../lib/gcc/arm-none-eabi/13.2.1/../../../../arm-none-eabi/lib/thumb/v7-m/nofp/libcr_c.a(alloc.o)
 .debug_info    0x000024d1       0x44 /usr/local/mcuxpressoide-24.9.25/ide/plugins/com.nxp.mcuxpresso.tools.linux_24.9.0.202407110857/tools/bin/../lib/gcc/arm-none-eabi/13.2.1/../../../../arm-none-eabi/lib/thumb/v7-m/nofp/libcr_c.a(errno.o)
 .debug_info    0x00002515      0x369 /usr/local/mcuxpressoide-24.9.25/ide/plugins/com.nxp.mcuxpresso.tools.linux_24.9.0.202407110857/tools/bin/../lib/gcc/arm-none-eabi/13.2.1/../../../../arm-none-eabi/lib/thumb/v7-m/nofp/libcr_c.a(_deferredlazyseek.o)
 .debug_info    0x0000287e      0x18b /usr/local/mcuxpressoide-24.9.25/ide/plugins/com.nxp.mcuxpresso.tools.linux_24.9.0.202407110857/tools/bin/../lib/gcc/arm-none-eabi/13.2.1/../../../../arm-none-eabi/lib/thumb/v7-m/nofp/libcr_semihost.a(__ciob.o)

.debug_abbrev   0x00000000     0x14fd
 .debug_abbrev  0x00000000      0x160 ./src/cr_startup_lpc175x_6x.o
 .debug_abbrev  0x00000160       0x38 ./src/crp.o
 .debug_abbrev  0x00000198       0x5c ./src/main_project.o
 .debug_abbrev  0x000001f4       0x83 ./src/utils.o
 .debug_abbrev  0x00000277       0x70 /usr/local/mcuxpressoide-24.9.25/ide/plugins/com.nxp.mcuxpresso.tools.linux_24.9.0.202407110857/tools/bin/../lib/gcc/arm-none-eabi/13.2.1/../../../../arm-none-eabi/lib/thumb/v7-m/nofp/libcr_semihost.a(_cr__main.o)
 .debug_abbrev  0x000002e7      0x169 /usr/local/mcuxpressoide-24.9.25/ide/plugins/com.nxp.mcuxpresso.tools.linux_24.9.0.202407110857/tools/bin/../lib/gcc/arm-none-eabi/13.2.1/../../../../arm-none-eabi/lib/thumb/v7-m/nofp/libcr_c.a(initio.o)
 .debug_abbrev  0x00000450       0xe1 /usr/local/mcuxpressoide-24.9.25/ide/plugins/com.nxp.mcuxpresso.tools.linux_24.9.0.202407110857/tools/bin/../lib/gcc/arm-none-eabi/13.2.1/../../../../arm-none-eabi/lib/thumb/v7-m/nofp/libcr_c.a(setvbuf.o)
 .debug_abbrev  0x00000531      0x119 /usr/local/mcuxpressoide-24.9.25/ide/plugins/com.nxp.mcuxpresso.tools.linux_24.9.0.202407110857/tools/bin/../lib/gcc/arm-none-eabi/13.2.1/../../../../arm-none-eabi/lib/thumb/v7-m/nofp/libcr_c.a(_fdopen.o)
 .debug_abbrev  0x0000064a      0x155 /usr/local/mcuxpressoide-24.9.25/ide/plugins/com.nxp.mcuxpresso.tools.linux_24.9.0.202407110857/tools/bin/../lib/gcc/arm-none-eabi/13.2.1/../../../../arm-none-eabi/lib/thumb/v7-m/nofp/libcr_c.a(fclose.o)
 .debug_abbrev  0x0000079f      0x125 /usr/local/mcuxpressoide-24.9.25/ide/plugins/com.nxp.mcuxpresso.tools.linux_24.9.0.202407110857/tools/bin/../lib/gcc/arm-none-eabi/13.2.1/../../../../arm-none-eabi/lib/thumb/v7-m/nofp/libcr_c.a(fflush.o)
 .debug_abbrev  0x000008c4      0x11b /usr/local/mcuxpressoide-24.9.25/ide/plugins/com.nxp.mcuxpresso.tools.linux_24.9.0.202407110857/tools/bin/../lib/gcc/arm-none-eabi/13.2.1/../../../../arm-none-eabi/lib/thumb/v7-m/nofp/libcr_c.a(fseek.o)
 .debug_abbrev  0x000009df       0xc2 /usr/local/mcuxpressoide-24.9.25/ide/plugins/com.nxp.mcuxpresso.tools.linux_24.9.0.202407110857/tools/bin/../lib/gcc/arm-none-eabi/13.2.1/../../../../arm-none-eabi/lib/thumb/v7-m/nofp/libcr_c.a(ftell.o)
 .debug_abbrev  0x00000aa1       0xfb /usr/local/mcuxpressoide-24.9.25/ide/plugins/com.nxp.mcuxpresso.tools.linux_24.9.0.202407110857/tools/bin/../lib/gcc/arm-none-eabi/13.2.1/../../../../arm-none-eabi/lib/thumb/v7-m/nofp/libcr_c.a(remove.o)
 .debug_abbrev  0x00000b9c       0xa7 /usr/local/mcuxpressoide-24.9.25/ide/plugins/com.nxp.mcuxpresso.tools.linux_24.9.0.202407110857/tools/bin/../lib/gcc/arm-none-eabi/13.2.1/../../../../arm-none-eabi/lib/thumb/v7-m/nofp/libcr_c.a(strlen.o)
 .debug_abbrev  0x00000c43       0xa8 /usr/local/mcuxpressoide-24.9.25/ide/plugins/com.nxp.mcuxpresso.tools.linux_24.9.0.202407110857/tools/bin/../lib/gcc/arm-none-eabi/13.2.1/../../../../arm-none-eabi/lib/thumb/v7-m/nofp/libcr_c.a(memset.o)
 .debug_abbrev  0x00000ceb      0x12c /usr/local/mcuxpressoide-24.9.25/ide/plugins/com.nxp.mcuxpresso.tools.linux_24.9.0.202407110857/tools/bin/../lib/gcc/arm-none-eabi/13.2.1/../../../../arm-none-eabi/lib/thumb/v7-m/nofp/libcr_c.a(_do_fflush.o)
 .debug_abbrev  0x00000e17       0xf1 /usr/local/mcuxpressoide-24.9.25/ide/plugins/com.nxp.mcuxpresso.tools.linux_24.9.0.202407110857/tools/bin/../lib/gcc/arm-none-eabi/13.2.1/../../../../arm-none-eabi/lib/thumb/v7-m/nofp/libcr_c.a(_fflush.o)
 .debug_abbrev  0x00000f08      0x126 /usr/local/mcuxpressoide-24.9.25/ide/plugins/com.nxp.mcuxpresso.tools.linux_24.9.0.202407110857/tools/bin/../lib/gcc/arm-none-eabi/13.2.1/../../../../arm-none-eabi/lib/thumb/v7-m/nofp/libcr_c.a(_writebuf.o)
 .debug_abbrev  0x0000102e      0x284 /usr/local/mcuxpressoide-24.9.25/ide/plugins/com.nxp.mcuxpresso.tools.linux_24.9.0.202407110857/tools/bin/../lib/gcc/arm-none-eabi/13.2.1/../../../../arm-none-eabi/lib/thumb/v7-m/nofp/libcr_c.a(alloc.o)
 .debug_abbrev  0x000012b2       0x44 /usr/local/mcuxpressoide-24.9.25/ide/plugins/com.nxp.mcuxpresso.tools.linux_24.9.0.202407110857/tools/bin/../lib/gcc/arm-none-eabi/13.2.1/../../../../arm-none-eabi/lib/thumb/v7-m/nofp/libcr_c.a(errno.o)
 .debug_abbrev  0x000012f6      0x152 /usr/local/mcuxpressoide-24.9.25/ide/plugins/com.nxp.mcuxpresso.tools.linux_24.9.0.202407110857/tools/bin/../lib/gcc/arm-none-eabi/13.2.1/../../../../arm-none-eabi/lib/thumb/v7-m/nofp/libcr_c.a(_deferredlazyseek.o)
 .debug_abbrev  0x00001448       0xb5 /usr/local/mcuxpressoide-24.9.25/ide/plugins/com.nxp.mcuxpresso.tools.linux_24.9.0.202407110857/tools/bin/../lib/gcc/arm-none-eabi/13.2.1/../../../../arm-none-eabi/lib/thumb/v7-m/nofp/libcr_semihost.a(__ciob.o)

.debug_aranges  0x00000000      0x348
 .debug_aranges
                0x00000000       0x80 ./src/cr_startup_lpc175x_6x.o
 .debug_aranges
                0x00000080       0x18 ./src/crp.o
 .debug_aranges
                0x00000098       0x20 ./src/main_project.o
 .debug_aranges
                0x000000b8       0x28 ./src/utils.o
 .debug_aranges
                0x000000e0       0x20 /usr/local/mcuxpressoide-24.9.25/ide/plugins/com.nxp.mcuxpresso.tools.linux_24.9.0.202407110857/tools/bin/../lib/gcc/arm-none-eabi/13.2.1/../../../../arm-none-eabi/lib/thumb/v7-m/nofp/libcr_semihost.a(_cr__main.o)
 .debug_aranges
                0x00000100       0x28 /usr/local/mcuxpressoide-24.9.25/ide/plugins/com.nxp.mcuxpresso.tools.linux_24.9.0.202407110857/tools/bin/../lib/gcc/arm-none-eabi/13.2.1/../../../../arm-none-eabi/lib/thumb/v7-m/nofp/libcr_c.a(initio.o)
 .debug_aranges
                0x00000128       0x20 /usr/local/mcuxpressoide-24.9.25/ide/plugins/com.nxp.mcuxpresso.tools.linux_24.9.0.202407110857/tools/bin/../lib/gcc/arm-none-eabi/13.2.1/../../../../arm-none-eabi/lib/thumb/v7-m/nofp/libcr_c.a(setvbuf.o)
 .debug_aranges
                0x00000148       0x20 /usr/local/mcuxpressoide-24.9.25/ide/plugins/com.nxp.mcuxpresso.tools.linux_24.9.0.202407110857/tools/bin/../lib/gcc/arm-none-eabi/13.2.1/../../../../arm-none-eabi/lib/thumb/v7-m/nofp/libcr_c.a(_fdopen.o)
 .debug_aranges
                0x00000168       0x20 /usr/local/mcuxpressoide-24.9.25/ide/plugins/com.nxp.mcuxpresso.tools.linux_24.9.0.202407110857/tools/bin/../lib/gcc/arm-none-eabi/13.2.1/../../../../arm-none-eabi/lib/thumb/v7-m/nofp/libcr_c.a(fclose.o)
 .debug_aranges
                0x00000188       0x20 /usr/local/mcuxpressoide-24.9.25/ide/plugins/com.nxp.mcuxpresso.tools.linux_24.9.0.202407110857/tools/bin/../lib/gcc/arm-none-eabi/13.2.1/../../../../arm-none-eabi/lib/thumb/v7-m/nofp/libcr_c.a(fflush.o)
 .debug_aranges
                0x000001a8       0x20 /usr/local/mcuxpressoide-24.9.25/ide/plugins/com.nxp.mcuxpresso.tools.linux_24.9.0.202407110857/tools/bin/../lib/gcc/arm-none-eabi/13.2.1/../../../../arm-none-eabi/lib/thumb/v7-m/nofp/libcr_c.a(fseek.o)
 .debug_aranges
                0x000001c8       0x20 /usr/local/mcuxpressoide-24.9.25/ide/plugins/com.nxp.mcuxpresso.tools.linux_24.9.0.202407110857/tools/bin/../lib/gcc/arm-none-eabi/13.2.1/../../../../arm-none-eabi/lib/thumb/v7-m/nofp/libcr_c.a(ftell.o)
 .debug_aranges
                0x000001e8       0x28 /usr/local/mcuxpressoide-24.9.25/ide/plugins/com.nxp.mcuxpresso.tools.linux_24.9.0.202407110857/tools/bin/../lib/gcc/arm-none-eabi/13.2.1/../../../../arm-none-eabi/lib/thumb/v7-m/nofp/libcr_c.a(remove.o)
 .debug_aranges
                0x00000210       0x20 /usr/local/mcuxpressoide-24.9.25/ide/plugins/com.nxp.mcuxpresso.tools.linux_24.9.0.202407110857/tools/bin/../lib/gcc/arm-none-eabi/13.2.1/../../../../arm-none-eabi/lib/thumb/v7-m/nofp/libcr_c.a(strlen.o)
 .debug_aranges
                0x00000230       0x20 /usr/local/mcuxpressoide-24.9.25/ide/plugins/com.nxp.mcuxpresso.tools.linux_24.9.0.202407110857/tools/bin/../lib/gcc/arm-none-eabi/13.2.1/../../../../arm-none-eabi/lib/thumb/v7-m/nofp/libcr_c.a(memset.o)
 .debug_aranges
                0x00000250       0x20 /usr/local/mcuxpressoide-24.9.25/ide/plugins/com.nxp.mcuxpresso.tools.linux_24.9.0.202407110857/tools/bin/../lib/gcc/arm-none-eabi/13.2.1/../../../../arm-none-eabi/lib/thumb/v7-m/nofp/libcr_c.a(_do_fflush.o)
 .debug_aranges
                0x00000270       0x20 /usr/local/mcuxpressoide-24.9.25/ide/plugins/com.nxp.mcuxpresso.tools.linux_24.9.0.202407110857/tools/bin/../lib/gcc/arm-none-eabi/13.2.1/../../../../arm-none-eabi/lib/thumb/v7-m/nofp/libcr_c.a(_fflush.o)
 .debug_aranges
                0x00000290       0x20 /usr/local/mcuxpressoide-24.9.25/ide/plugins/com.nxp.mcuxpresso.tools.linux_24.9.0.202407110857/tools/bin/../lib/gcc/arm-none-eabi/13.2.1/../../../../arm-none-eabi/lib/thumb/v7-m/nofp/libcr_c.a(_writebuf.o)
 .debug_aranges
                0x000002b0       0x40 /usr/local/mcuxpressoide-24.9.25/ide/plugins/com.nxp.mcuxpresso.tools.linux_24.9.0.202407110857/tools/bin/../lib/gcc/arm-none-eabi/13.2.1/../../../../arm-none-eabi/lib/thumb/v7-m/nofp/libcr_c.a(alloc.o)
 .debug_aranges
                0x000002f0       0x18 /usr/local/mcuxpressoide-24.9.25/ide/plugins/com.nxp.mcuxpresso.tools.linux_24.9.0.202407110857/tools/bin/../lib/gcc/arm-none-eabi/13.2.1/../../../../arm-none-eabi/lib/thumb/v7-m/nofp/libcr_c.a(errno.o)
 .debug_aranges
                0x00000308       0x28 /usr/local/mcuxpressoide-24.9.25/ide/plugins/com.nxp.mcuxpresso.tools.linux_24.9.0.202407110857/tools/bin/../lib/gcc/arm-none-eabi/13.2.1/../../../../arm-none-eabi/lib/thumb/v7-m/nofp/libcr_c.a(_deferredlazyseek.o)
 .debug_aranges
                0x00000330       0x18 /usr/local/mcuxpressoide-24.9.25/ide/plugins/com.nxp.mcuxpresso.tools.linux_24.9.0.202407110857/tools/bin/../lib/gcc/arm-none-eabi/13.2.1/../../../../arm-none-eabi/lib/thumb/v7-m/nofp/libcr_semihost.a(__ciob.o)

.debug_ranges   0x00000000      0x230
 .debug_ranges  0x00000000       0x70 ./src/cr_startup_lpc175x_6x.o
 .debug_ranges  0x00000070       0x10 ./src/main_project.o
 .debug_ranges  0x00000080       0x18 ./src/utils.o
 .debug_ranges  0x00000098       0x10 /usr/local/mcuxpressoide-24.9.25/ide/plugins/com.nxp.mcuxpresso.tools.linux_24.9.0.202407110857/tools/bin/../lib/gcc/arm-none-eabi/13.2.1/../../../../arm-none-eabi/lib/thumb/v7-m/nofp/libcr_semihost.a(_cr__main.o)
 .debug_ranges  0x000000a8       0x18 /usr/local/mcuxpressoide-24.9.25/ide/plugins/com.nxp.mcuxpresso.tools.linux_24.9.0.202407110857/tools/bin/../lib/gcc/arm-none-eabi/13.2.1/../../../../arm-none-eabi/lib/thumb/v7-m/nofp/libcr_c.a(initio.o)
 .debug_ranges  0x000000c0       0x10 /usr/local/mcuxpressoide-24.9.25/ide/plugins/com.nxp.mcuxpresso.tools.linux_24.9.0.202407110857/tools/bin/../lib/gcc/arm-none-eabi/13.2.1/../../../../arm-none-eabi/lib/thumb/v7-m/nofp/libcr_c.a(setvbuf.o)
 .debug_ranges  0x000000d0       0x10 /usr/local/mcuxpressoide-24.9.25/ide/plugins/com.nxp.mcuxpresso.tools.linux_24.9.0.202407110857/tools/bin/../lib/gcc/arm-none-eabi/13.2.1/../../../../arm-none-eabi/lib/thumb/v7-m/nofp/libcr_c.a(_fdopen.o)
 .debug_ranges  0x000000e0       0x10 /usr/local/mcuxpressoide-24.9.25/ide/plugins/com.nxp.mcuxpresso.tools.linux_24.9.0.202407110857/tools/bin/../lib/gcc/arm-none-eabi/13.2.1/../../../../arm-none-eabi/lib/thumb/v7-m/nofp/libcr_c.a(fclose.o)
 .debug_ranges  0x000000f0       0x28 /usr/local/mcuxpressoide-24.9.25/ide/plugins/com.nxp.mcuxpresso.tools.linux_24.9.0.202407110857/tools/bin/../lib/gcc/arm-none-eabi/13.2.1/../../../../arm-none-eabi/lib/thumb/v7-m/nofp/libcr_c.a(fflush.o)
 .debug_ranges  0x00000118       0x10 /usr/local/mcuxpressoide-24.9.25/ide/plugins/com.nxp.mcuxpresso.tools.linux_24.9.0.202407110857/tools/bin/../lib/gcc/arm-none-eabi/13.2.1/../../../../arm-none-eabi/lib/thumb/v7-m/nofp/libcr_c.a(fseek.o)
 .debug_ranges  0x00000128       0x10 /usr/local/mcuxpressoide-24.9.25/ide/plugins/com.nxp.mcuxpresso.tools.linux_24.9.0.202407110857/tools/bin/../lib/gcc/arm-none-eabi/13.2.1/../../../../arm-none-eabi/lib/thumb/v7-m/nofp/libcr_c.a(ftell.o)
 .debug_ranges  0x00000138       0x18 /usr/local/mcuxpressoide-24.9.25/ide/plugins/com.nxp.mcuxpresso.tools.linux_24.9.0.202407110857/tools/bin/../lib/gcc/arm-none-eabi/13.2.1/../../../../arm-none-eabi/lib/thumb/v7-m/nofp/libcr_c.a(remove.o)
 .debug_ranges  0x00000150       0x10 /usr/local/mcuxpressoide-24.9.25/ide/plugins/com.nxp.mcuxpresso.tools.linux_24.9.0.202407110857/tools/bin/../lib/gcc/arm-none-eabi/13.2.1/../../../../arm-none-eabi/lib/thumb/v7-m/nofp/libcr_c.a(strlen.o)
 .debug_ranges  0x00000160       0x10 /usr/local/mcuxpressoide-24.9.25/ide/plugins/com.nxp.mcuxpresso.tools.linux_24.9.0.202407110857/tools/bin/../lib/gcc/arm-none-eabi/13.2.1/../../../../arm-none-eabi/lib/thumb/v7-m/nofp/libcr_c.a(memset.o)
 .debug_ranges  0x00000170       0x28 /usr/local/mcuxpressoide-24.9.25/ide/plugins/com.nxp.mcuxpresso.tools.linux_24.9.0.202407110857/tools/bin/../lib/gcc/arm-none-eabi/13.2.1/../../../../arm-none-eabi/lib/thumb/v7-m/nofp/libcr_c.a(_do_fflush.o)
 .debug_ranges  0x00000198       0x10 /usr/local/mcuxpressoide-24.9.25/ide/plugins/com.nxp.mcuxpresso.tools.linux_24.9.0.202407110857/tools/bin/../lib/gcc/arm-none-eabi/13.2.1/../../../../arm-none-eabi/lib/thumb/v7-m/nofp/libcr_c.a(_fflush.o)
 .debug_ranges  0x000001a8       0x10 /usr/local/mcuxpressoide-24.9.25/ide/plugins/com.nxp.mcuxpresso.tools.linux_24.9.0.202407110857/tools/bin/../lib/gcc/arm-none-eabi/13.2.1/../../../../arm-none-eabi/lib/thumb/v7-m/nofp/libcr_c.a(_writebuf.o)
 .debug_ranges  0x000001b8       0x48 /usr/local/mcuxpressoide-24.9.25/ide/plugins/com.nxp.mcuxpresso.tools.linux_24.9.0.202407110857/tools/bin/../lib/gcc/arm-none-eabi/13.2.1/../../../../arm-none-eabi/lib/thumb/v7-m/nofp/libcr_c.a(alloc.o)
 .debug_ranges  0x00000200       0x30 /usr/local/mcuxpressoide-24.9.25/ide/plugins/com.nxp.mcuxpresso.tools.linux_24.9.0.202407110857/tools/bin/../lib/gcc/arm-none-eabi/13.2.1/../../../../arm-none-eabi/lib/thumb/v7-m/nofp/libcr_c.a(_deferredlazyseek.o)

.debug_macro    0x00000000     0x14e2
 .debug_macro   0x00000000       0x1d ./src/cr_startup_lpc175x_6x.o
 .debug_macro   0x0000001d      0xade ./src/cr_startup_lpc175x_6x.o
 .debug_macro   0x00000afb       0x1a ./src/crp.o
 .debug_macro   0x00000b15       0x34 ./src/crp.o
 .debug_macro   0x00000b49       0x4f ./src/main_project.o
 .debug_macro   0x00000b98      0x154 ./src/main_project.o
 .debug_macro   0x00000cec       0x10 ./src/main_project.o
 .debug_macro   0x00000cfc      0x12e ./src/main_project.o
 .debug_macro   0x00000e2a      0x5b3 ./src/main_project.o
 .debug_macro   0x000013dd      0x105 ./src/utils.o

.debug_line     0x00000000     0x1dac
 .debug_line    0x00000000      0x11d ./src/cr_startup_lpc175x_6x.o
 .debug_line    0x0000011d       0xb1 ./src/crp.o
 .debug_line    0x000001ce      0x199 ./src/main_project.o
 .debug_line    0x00000367      0x39f ./src/utils.o
 .debug_line    0x00000706       0xc9 /usr/local/mcuxpressoide-24.9.25/ide/plugins/com.nxp.mcuxpresso.tools.linux_24.9.0.202407110857/tools/bin/../lib/gcc/arm-none-eabi/13.2.1/../../../../arm-none-eabi/lib/thumb/v7-m/nofp/libcr_semihost.a(_cr__main.o)
 .debug_line    0x000007cf      0x149 /usr/local/mcuxpressoide-24.9.25/ide/plugins/com.nxp.mcuxpresso.tools.linux_24.9.0.202407110857/tools/bin/../lib/gcc/arm-none-eabi/13.2.1/../../../../arm-none-eabi/lib/thumb/v7-m/nofp/libcr_c.a(initio.o)
 .debug_line    0x00000918       0xec /usr/local/mcuxpressoide-24.9.25/ide/plugins/com.nxp.mcuxpresso.tools.linux_24.9.0.202407110857/tools/bin/../lib/gcc/arm-none-eabi/13.2.1/../../../../arm-none-eabi/lib/thumb/v7-m/nofp/libcr_c.a(setvbuf.o)
 .debug_line    0x00000a04      0x11c /usr/local/mcuxpressoide-24.9.25/ide/plugins/com.nxp.mcuxpresso.tools.linux_24.9.0.202407110857/tools/bin/../lib/gcc/arm-none-eabi/13.2.1/../../../../arm-none-eabi/lib/thumb/v7-m/nofp/libcr_c.a(_fdopen.o)
 .debug_line    0x00000b20      0x10f /usr/local/mcuxpressoide-24.9.25/ide/plugins/com.nxp.mcuxpresso.tools.linux_24.9.0.202407110857/tools/bin/../lib/gcc/arm-none-eabi/13.2.1/../../../../arm-none-eabi/lib/thumb/v7-m/nofp/libcr_c.a(fclose.o)
 .debug_line    0x00000c2f       0xe1 /usr/local/mcuxpressoide-24.9.25/ide/plugins/com.nxp.mcuxpresso.tools.linux_24.9.0.202407110857/tools/bin/../lib/gcc/arm-none-eabi/13.2.1/../../../../arm-none-eabi/lib/thumb/v7-m/nofp/libcr_c.a(fflush.o)
 .debug_line    0x00000d10      0x232 /usr/local/mcuxpressoide-24.9.25/ide/plugins/com.nxp.mcuxpresso.tools.linux_24.9.0.202407110857/tools/bin/../lib/gcc/arm-none-eabi/13.2.1/../../../../arm-none-eabi/lib/thumb/v7-m/nofp/libcr_c.a(fseek.o)
 .debug_line    0x00000f42      0x10a /usr/local/mcuxpressoide-24.9.25/ide/plugins/com.nxp.mcuxpresso.tools.linux_24.9.0.202407110857/tools/bin/../lib/gcc/arm-none-eabi/13.2.1/../../../../arm-none-eabi/lib/thumb/v7-m/nofp/libcr_c.a(ftell.o)
 .debug_line    0x0000104c       0xec /usr/local/mcuxpressoide-24.9.25/ide/plugins/com.nxp.mcuxpresso.tools.linux_24.9.0.202407110857/tools/bin/../lib/gcc/arm-none-eabi/13.2.1/../../../../arm-none-eabi/lib/thumb/v7-m/nofp/libcr_c.a(remove.o)
 .debug_line    0x00001138      0x109 /usr/local/mcuxpressoide-24.9.25/ide/plugins/com.nxp.mcuxpresso.tools.linux_24.9.0.202407110857/tools/bin/../lib/gcc/arm-none-eabi/13.2.1/../../../../arm-none-eabi/lib/thumb/v7-m/nofp/libcr_c.a(strlen.o)
 .debug_line    0x00001241       0x7b /usr/local/mcuxpressoide-24.9.25/ide/plugins/com.nxp.mcuxpresso.tools.linux_24.9.0.202407110857/tools/bin/../lib/gcc/arm-none-eabi/13.2.1/../../../../arm-none-eabi/lib/thumb/v7-m/nofp/libcr_c.a(memset.o)
 .debug_line    0x000012bc       0xfc /usr/local/mcuxpressoide-24.9.25/ide/plugins/com.nxp.mcuxpresso.tools.linux_24.9.0.202407110857/tools/bin/../lib/gcc/arm-none-eabi/13.2.1/../../../../arm-none-eabi/lib/thumb/v7-m/nofp/libcr_c.a(_do_fflush.o)
 .debug_line    0x000013b8      0x11f /usr/local/mcuxpressoide-24.9.25/ide/plugins/com.nxp.mcuxpresso.tools.linux_24.9.0.202407110857/tools/bin/../lib/gcc/arm-none-eabi/13.2.1/../../../../arm-none-eabi/lib/thumb/v7-m/nofp/libcr_c.a(_fflush.o)
 .debug_line    0x000014d7      0x12d /usr/local/mcuxpressoide-24.9.25/ide/plugins/com.nxp.mcuxpresso.tools.linux_24.9.0.202407110857/tools/bin/../lib/gcc/arm-none-eabi/13.2.1/../../../../arm-none-eabi/lib/thumb/v7-m/nofp/libcr_c.a(_writebuf.o)
 .debug_line    0x00001604      0x37d /usr/local/mcuxpressoide-24.9.25/ide/plugins/com.nxp.mcuxpresso.tools.linux_24.9.0.202407110857/tools/bin/../lib/gcc/arm-none-eabi/13.2.1/../../../../arm-none-eabi/lib/thumb/v7-m/nofp/libcr_c.a(alloc.o)
 .debug_line    0x00001981       0x4e /usr/local/mcuxpressoide-24.9.25/ide/plugins/com.nxp.mcuxpresso.tools.linux_24.9.0.202407110857/tools/bin/../lib/gcc/arm-none-eabi/13.2.1/../../../../arm-none-eabi/lib/thumb/v7-m/nofp/libcr_c.a(errno.o)
 .debug_line    0x000019cf      0x2e9 /usr/local/mcuxpressoide-24.9.25/ide/plugins/com.nxp.mcuxpresso.tools.linux_24.9.0.202407110857/tools/bin/../lib/gcc/arm-none-eabi/13.2.1/../../../../arm-none-eabi/lib/thumb/v7-m/nofp/libcr_c.a(_deferredlazyseek.o)
 .debug_line    0x00001cb8       0xf4 /usr/local/mcuxpressoide-24.9.25/ide/plugins/com.nxp.mcuxpresso.tools.linux_24.9.0.202407110857/tools/bin/../lib/gcc/arm-none-eabi/13.2.1/../../../../arm-none-eabi/lib/thumb/v7-m/nofp/libcr_semihost.a(__ciob.o)

.debug_str      0x00000000     0x59e0
 .debug_str     0x00000000     0x59e0 ./src/cr_startup_lpc175x_6x.o
                               0x306a (size before relaxing)
 .debug_str     0x000059e0     0x2f5e ./src/crp.o
 .debug_str     0x000059e0     0x4f58 ./src/main_project.o
 .debug_str     0x000059e0     0x5224 ./src/utils.o
 .debug_str     0x000059e0      0x16d /usr/local/mcuxpressoide-24.9.25/ide/plugins/com.nxp.mcuxpresso.tools.linux_24.9.0.202407110857/tools/bin/../lib/gcc/arm-none-eabi/13.2.1/../../../../arm-none-eabi/lib/thumb/v7-m/nofp/libcr_semihost.a(_cr__main.o)
 .debug_str     0x000059e0      0x242 /usr/local/mcuxpressoide-24.9.25/ide/plugins/com.nxp.mcuxpresso.tools.linux_24.9.0.202407110857/tools/bin/../lib/gcc/arm-none-eabi/13.2.1/../../../../arm-none-eabi/lib/thumb/v7-m/nofp/libcr_c.a(initio.o)
 .debug_str     0x000059e0      0x238 /usr/local/mcuxpressoide-24.9.25/ide/plugins/com.nxp.mcuxpresso.tools.linux_24.9.0.202407110857/tools/bin/../lib/gcc/arm-none-eabi/13.2.1/../../../../arm-none-eabi/lib/thumb/v7-m/nofp/libcr_c.a(setvbuf.o)
 .debug_str     0x000059e0      0x235 /usr/local/mcuxpressoide-24.9.25/ide/plugins/com.nxp.mcuxpresso.tools.linux_24.9.0.202407110857/tools/bin/../lib/gcc/arm-none-eabi/13.2.1/../../../../arm-none-eabi/lib/thumb/v7-m/nofp/libcr_c.a(_fdopen.o)
 .debug_str     0x000059e0      0x24c /usr/local/mcuxpressoide-24.9.25/ide/plugins/com.nxp.mcuxpresso.tools.linux_24.9.0.202407110857/tools/bin/../lib/gcc/arm-none-eabi/13.2.1/../../../../arm-none-eabi/lib/thumb/v7-m/nofp/libcr_c.a(fclose.o)
 .debug_str     0x000059e0      0x23a /usr/local/mcuxpressoide-24.9.25/ide/plugins/com.nxp.mcuxpresso.tools.linux_24.9.0.202407110857/tools/bin/../lib/gcc/arm-none-eabi/13.2.1/../../../../arm-none-eabi/lib/thumb/v7-m/nofp/libcr_c.a(fflush.o)
 .debug_str     0x000059e0      0x23c /usr/local/mcuxpressoide-24.9.25/ide/plugins/com.nxp.mcuxpresso.tools.linux_24.9.0.202407110857/tools/bin/../lib/gcc/arm-none-eabi/13.2.1/../../../../arm-none-eabi/lib/thumb/v7-m/nofp/libcr_c.a(fseek.o)
 .debug_str     0x000059e0      0x219 /usr/local/mcuxpressoide-24.9.25/ide/plugins/com.nxp.mcuxpresso.tools.linux_24.9.0.202407110857/tools/bin/../lib/gcc/arm-none-eabi/13.2.1/../../../../arm-none-eabi/lib/thumb/v7-m/nofp/libcr_c.a(ftell.o)
 .debug_str     0x000059e0      0x1d8 /usr/local/mcuxpressoide-24.9.25/ide/plugins/com.nxp.mcuxpresso.tools.linux_24.9.0.202407110857/tools/bin/../lib/gcc/arm-none-eabi/13.2.1/../../../../arm-none-eabi/lib/thumb/v7-m/nofp/libcr_c.a(remove.o)
 .debug_str     0x000059e0      0x17f /usr/local/mcuxpressoide-24.9.25/ide/plugins/com.nxp.mcuxpresso.tools.linux_24.9.0.202407110857/tools/bin/../lib/gcc/arm-none-eabi/13.2.1/../../../../arm-none-eabi/lib/thumb/v7-m/nofp/libcr_c.a(strlen.o)
 .debug_str     0x000059e0      0x185 /usr/local/mcuxpressoide-24.9.25/ide/plugins/com.nxp.mcuxpresso.tools.linux_24.9.0.202407110857/tools/bin/../lib/gcc/arm-none-eabi/13.2.1/../../../../arm-none-eabi/lib/thumb/v7-m/nofp/libcr_c.a(memset.o)
 .debug_str     0x000059e0      0x22d /usr/local/mcuxpressoide-24.9.25/ide/plugins/com.nxp.mcuxpresso.tools.linux_24.9.0.202407110857/tools/bin/../lib/gcc/arm-none-eabi/13.2.1/../../../../arm-none-eabi/lib/thumb/v7-m/nofp/libcr_c.a(_do_fflush.o)
 .debug_str     0x000059e0      0x217 /usr/local/mcuxpressoide-24.9.25/ide/plugins/com.nxp.mcuxpresso.tools.linux_24.9.0.202407110857/tools/bin/../lib/gcc/arm-none-eabi/13.2.1/../../../../arm-none-eabi/lib/thumb/v7-m/nofp/libcr_c.a(_fflush.o)
 .debug_str     0x000059e0      0x248 /usr/local/mcuxpressoide-24.9.25/ide/plugins/com.nxp.mcuxpresso.tools.linux_24.9.0.202407110857/tools/bin/../lib/gcc/arm-none-eabi/13.2.1/../../../../arm-none-eabi/lib/thumb/v7-m/nofp/libcr_c.a(_writebuf.o)
 .debug_str     0x000059e0      0x238 /usr/local/mcuxpressoide-24.9.25/ide/plugins/com.nxp.mcuxpresso.tools.linux_24.9.0.202407110857/tools/bin/../lib/gcc/arm-none-eabi/13.2.1/../../../../arm-none-eabi/lib/thumb/v7-m/nofp/libcr_c.a(alloc.o)
 .debug_str     0x000059e0      0x119 /usr/local/mcuxpressoide-24.9.25/ide/plugins/com.nxp.mcuxpresso.tools.linux_24.9.0.202407110857/tools/bin/../lib/gcc/arm-none-eabi/13.2.1/../../../../arm-none-eabi/lib/thumb/v7-m/nofp/libcr_c.a(errno.o)
 .debug_str     0x000059e0      0x27c /usr/local/mcuxpressoide-24.9.25/ide/plugins/com.nxp.mcuxpresso.tools.linux_24.9.0.202407110857/tools/bin/../lib/gcc/arm-none-eabi/13.2.1/../../../../arm-none-eabi/lib/thumb/v7-m/nofp/libcr_c.a(_deferredlazyseek.o)
 .debug_str     0x000059e0      0x205 /usr/local/mcuxpressoide-24.9.25/ide/plugins/com.nxp.mcuxpresso.tools.linux_24.9.0.202407110857/tools/bin/../lib/gcc/arm-none-eabi/13.2.1/../../../../arm-none-eabi/lib/thumb/v7-m/nofp/libcr_semihost.a(__ciob.o)

.comment        0x00000000       0x44
 .comment       0x00000000       0x44 ./src/cr_startup_lpc175x_6x.o
                                 0x45 (size before relaxing)
 .comment       0x00000044       0x45 ./src/crp.o
 .comment       0x00000044       0x45 ./src/main_project.o
 .comment       0x00000044       0x45 ./src/utils.o
 .comment       0x00000044       0x45 /usr/local/mcuxpressoide-24.9.25/ide/plugins/com.nxp.mcuxpresso.tools.linux_24.9.0.202407110857/tools/bin/../lib/gcc/arm-none-eabi/13.2.1/../../../../arm-none-eabi/lib/thumb/v7-m/nofp/libcr_semihost.a(_cr__main.o)
 .comment       0x00000044       0x45 /usr/local/mcuxpressoide-24.9.25/ide/plugins/com.nxp.mcuxpresso.tools.linux_24.9.0.202407110857/tools/bin/../lib/gcc/arm-none-eabi/13.2.1/../../../../arm-none-eabi/lib/thumb/v7-m/nofp/libcr_c.a(initio.o)
 .comment       0x00000044       0x45 /usr/local/mcuxpressoide-24.9.25/ide/plugins/com.nxp.mcuxpresso.tools.linux_24.9.0.202407110857/tools/bin/../lib/gcc/arm-none-eabi/13.2.1/../../../../arm-none-eabi/lib/thumb/v7-m/nofp/libcr_c.a(setvbuf.o)
 .comment       0x00000044       0x45 /usr/local/mcuxpressoide-24.9.25/ide/plugins/com.nxp.mcuxpresso.tools.linux_24.9.0.202407110857/tools/bin/../lib/gcc/arm-none-eabi/13.2.1/../../../../arm-none-eabi/lib/thumb/v7-m/nofp/libcr_c.a(_fdopen.o)
 .comment       0x00000044       0x45 /usr/local/mcuxpressoide-24.9.25/ide/plugins/com.nxp.mcuxpresso.tools.linux_24.9.0.202407110857/tools/bin/../lib/gcc/arm-none-eabi/13.2.1/../../../../arm-none-eabi/lib/thumb/v7-m/nofp/libcr_c.a(fclose.o)
 .comment       0x00000044       0x45 /usr/local/mcuxpressoide-24.9.25/ide/plugins/com.nxp.mcuxpresso.tools.linux_24.9.0.202407110857/tools/bin/../lib/gcc/arm-none-eabi/13.2.1/../../../../arm-none-eabi/lib/thumb/v7-m/nofp/libcr_c.a(fflush.o)
 .comment       0x00000044       0x45 /usr/local/mcuxpressoide-24.9.25/ide/plugins/com.nxp.mcuxpresso.tools.linux_24.9.0.202407110857/tools/bin/../lib/gcc/arm-none-eabi/13.2.1/../../../../arm-none-eabi/lib/thumb/v7-m/nofp/libcr_c.a(fseek.o)
 .comment       0x00000044       0x45 /usr/local/mcuxpressoide-24.9.25/ide/plugins/com.nxp.mcuxpresso.tools.linux_24.9.0.202407110857/tools/bin/../lib/gcc/arm-none-eabi/13.2.1/../../../../arm-none-eabi/lib/thumb/v7-m/nofp/libcr_c.a(ftell.o)
 .comment       0x00000044       0x45 /usr/local/mcuxpressoide-24.9.25/ide/plugins/com.nxp.mcuxpresso.tools.linux_24.9.0.202407110857/tools/bin/../lib/gcc/arm-none-eabi/13.2.1/../../../../arm-none-eabi/lib/thumb/v7-m/nofp/libcr_c.a(remove.o)
 .comment       0x00000044       0x45 /usr/local/mcuxpressoide-24.9.25/ide/plugins/com.nxp.mcuxpresso.tools.linux_24.9.0.202407110857/tools/bin/../lib/gcc/arm-none-eabi/13.2.1/../../../../arm-none-eabi/lib/thumb/v7-m/nofp/libcr_c.a(strlen.o)
 .comment       0x00000044       0x45 /usr/local/mcuxpressoide-24.9.25/ide/plugins/com.nxp.mcuxpresso.tools.linux_24.9.0.202407110857/tools/bin/../lib/gcc/arm-none-eabi/13.2.1/../../../../arm-none-eabi/lib/thumb/v7-m/nofp/libcr_c.a(memset.o)
 .comment       0x00000044       0x45 /usr/local/mcuxpressoide-24.9.25/ide/plugins/com.nxp.mcuxpresso.tools.linux_24.9.0.202407110857/tools/bin/../lib/gcc/arm-none-eabi/13.2.1/../../../../arm-none-eabi/lib/thumb/v7-m/nofp/libcr_c.a(_do_fflush.o)
 .comment       0x00000044       0x45 /usr/local/mcuxpressoide-24.9.25/ide/plugins/com.nxp.mcuxpresso.tools.linux_24.9.0.202407110857/tools/bin/../lib/gcc/arm-none-eabi/13.2.1/../../../../arm-none-eabi/lib/thumb/v7-m/nofp/libcr_c.a(_fflush.o)
 .comment       0x00000044       0x45 /usr/local/mcuxpressoide-24.9.25/ide/plugins/com.nxp.mcuxpresso.tools.linux_24.9.0.202407110857/tools/bin/../lib/gcc/arm-none-eabi/13.2.1/../../../../arm-none-eabi/lib/thumb/v7-m/nofp/libcr_c.a(_writebuf.o)
 .comment       0x00000044       0x45 /usr/local/mcuxpressoide-24.9.25/ide/plugins/com.nxp.mcuxpresso.tools.linux_24.9.0.202407110857/tools/bin/../lib/gcc/arm-none-eabi/13.2.1/../../../../arm-none-eabi/lib/thumb/v7-m/nofp/libcr_c.a(alloc.o)
 .comment       0x00000044       0x45 /usr/local/mcuxpressoide-24.9.25/ide/plugins/com.nxp.mcuxpresso.tools.linux_24.9.0.202407110857/tools/bin/../lib/gcc/arm-none-eabi/13.2.1/../../../../arm-none-eabi/lib/thumb/v7-m/nofp/libcr_c.a(errno.o)
 .comment       0x00000044       0x45 /usr/local/mcuxpressoide-24.9.25/ide/plugins/com.nxp.mcuxpresso.tools.linux_24.9.0.202407110857/tools/bin/../lib/gcc/arm-none-eabi/13.2.1/../../../../arm-none-eabi/lib/thumb/v7-m/nofp/libcr_c.a(_deferredlazyseek.o)
 .comment       0x00000044       0x45 /usr/local/mcuxpressoide-24.9.25/ide/plugins/com.nxp.mcuxpresso.tools.linux_24.9.0.202407110857/tools/bin/../lib/gcc/arm-none-eabi/13.2.1/../../../../arm-none-eabi/lib/thumb/v7-m/nofp/libcr_semihost.a(__ciob.o)

.ARM.attributes
                0x00000000       0x2b
 .ARM.attributes
                0x00000000       0x2d ./src/cr_startup_lpc175x_6x.o
 .ARM.attributes
                0x0000002d       0x2d ./src/crp.o
 .ARM.attributes
                0x0000005a       0x2d ./src/main_project.o
 .ARM.attributes
                0x00000087       0x2d ./src/utils.o
 .ARM.attributes
                0x000000b4       0x2d /usr/local/mcuxpressoide-24.9.25/ide/plugins/com.nxp.mcuxpresso.tools.linux_24.9.0.202407110857/tools/bin/../lib/gcc/arm-none-eabi/13.2.1/../../../../arm-none-eabi/lib/thumb/v7-m/nofp/libcr_semihost.a(_cr__main.o)
 .ARM.attributes
                0x000000e1       0x2d /usr/local/mcuxpressoide-24.9.25/ide/plugins/com.nxp.mcuxpresso.tools.linux_24.9.0.202407110857/tools/bin/../lib/gcc/arm-none-eabi/13.2.1/../../../../arm-none-eabi/lib/thumb/v7-m/nofp/libcr_c.a(initio.o)
 .ARM.attributes
                0x0000010e       0x2d /usr/local/mcuxpressoide-24.9.25/ide/plugins/com.nxp.mcuxpresso.tools.linux_24.9.0.202407110857/tools/bin/../lib/gcc/arm-none-eabi/13.2.1/../../../../arm-none-eabi/lib/thumb/v7-m/nofp/libcr_c.a(setvbuf.o)
 .ARM.attributes
                0x0000013b       0x2d /usr/local/mcuxpressoide-24.9.25/ide/plugins/com.nxp.mcuxpresso.tools.linux_24.9.0.202407110857/tools/bin/../lib/gcc/arm-none-eabi/13.2.1/../../../../arm-none-eabi/lib/thumb/v7-m/nofp/libcr_c.a(_fdopen.o)
 .ARM.attributes
                0x00000168       0x2d /usr/local/mcuxpressoide-24.9.25/ide/plugins/com.nxp.mcuxpresso.tools.linux_24.9.0.202407110857/tools/bin/../lib/gcc/arm-none-eabi/13.2.1/../../../../arm-none-eabi/lib/thumb/v7-m/nofp/libcr_c.a(fclose.o)
 .ARM.attributes
                0x00000195       0x2d /usr/local/mcuxpressoide-24.9.25/ide/plugins/com.nxp.mcuxpresso.tools.linux_24.9.0.202407110857/tools/bin/../lib/gcc/arm-none-eabi/13.2.1/../../../../arm-none-eabi/lib/thumb/v7-m/nofp/libcr_c.a(fflush.o)
 .ARM.attributes
                0x000001c2       0x2d /usr/local/mcuxpressoide-24.9.25/ide/plugins/com.nxp.mcuxpresso.tools.linux_24.9.0.202407110857/tools/bin/../lib/gcc/arm-none-eabi/13.2.1/../../../../arm-none-eabi/lib/thumb/v7-m/nofp/libcr_c.a(fseek.o)
 .ARM.attributes
                0x000001ef       0x2d /usr/local/mcuxpressoide-24.9.25/ide/plugins/com.nxp.mcuxpresso.tools.linux_24.9.0.202407110857/tools/bin/../lib/gcc/arm-none-eabi/13.2.1/../../../../arm-none-eabi/lib/thumb/v7-m/nofp/libcr_c.a(ftell.o)
 .ARM.attributes
                0x0000021c       0x2d /usr/local/mcuxpressoide-24.9.25/ide/plugins/com.nxp.mcuxpresso.tools.linux_24.9.0.202407110857/tools/bin/../lib/gcc/arm-none-eabi/13.2.1/../../../../arm-none-eabi/lib/thumb/v7-m/nofp/libcr_c.a(remove.o)
 .ARM.attributes
                0x00000249       0x2d /usr/local/mcuxpressoide-24.9.25/ide/plugins/com.nxp.mcuxpresso.tools.linux_24.9.0.202407110857/tools/bin/../lib/gcc/arm-none-eabi/13.2.1/../../../../arm-none-eabi/lib/thumb/v7-m/nofp/libcr_c.a(strlen.o)
 .ARM.attributes
                0x00000276       0x2d /usr/local/mcuxpressoide-24.9.25/ide/plugins/com.nxp.mcuxpresso.tools.linux_24.9.0.202407110857/tools/bin/../lib/gcc/arm-none-eabi/13.2.1/../../../../arm-none-eabi/lib/thumb/v7-m/nofp/libcr_c.a(memset.o)
 .ARM.attributes
                0x000002a3       0x2d /usr/local/mcuxpressoide-24.9.25/ide/plugins/com.nxp.mcuxpresso.tools.linux_24.9.0.202407110857/tools/bin/../lib/gcc/arm-none-eabi/13.2.1/../../../../arm-none-eabi/lib/thumb/v7-m/nofp/libcr_c.a(_do_fflush.o)
 .ARM.attributes
                0x000002d0       0x2d /usr/local/mcuxpressoide-24.9.25/ide/plugins/com.nxp.mcuxpresso.tools.linux_24.9.0.202407110857/tools/bin/../lib/gcc/arm-none-eabi/13.2.1/../../../../arm-none-eabi/lib/thumb/v7-m/nofp/libcr_c.a(_fflush.o)
 .ARM.attributes
                0x000002fd       0x2d /usr/local/mcuxpressoide-24.9.25/ide/plugins/com.nxp.mcuxpresso.tools.linux_24.9.0.202407110857/tools/bin/../lib/gcc/arm-none-eabi/13.2.1/../../../../arm-none-eabi/lib/thumb/v7-m/nofp/libcr_c.a(_writebuf.o)
 .ARM.attributes
                0x0000032a       0x2d /usr/local/mcuxpressoide-24.9.25/ide/plugins/com.nxp.mcuxpresso.tools.linux_24.9.0.202407110857/tools/bin/../lib/gcc/arm-none-eabi/13.2.1/../../../../arm-none-eabi/lib/thumb/v7-m/nofp/libcr_c.a(alloc.o)
 .ARM.attributes
                0x00000357       0x2d /usr/local/mcuxpressoide-24.9.25/ide/plugins/com.nxp.mcuxpresso.tools.linux_24.9.0.202407110857/tools/bin/../lib/gcc/arm-none-eabi/13.2.1/../../../../arm-none-eabi/lib/thumb/v7-m/nofp/libcr_c.a(errno.o)
 .ARM.attributes
                0x00000384       0x2d /usr/local/mcuxpressoide-24.9.25/ide/plugins/com.nxp.mcuxpresso.tools.linux_24.9.0.202407110857/tools/bin/../lib/gcc/arm-none-eabi/13.2.1/../../../../arm-none-eabi/lib/thumb/v7-m/nofp/libcr_c.a(_deferredlazyseek.o)
 .ARM.attributes
                0x000003b1       0x1b /usr/local/mcuxpressoide-24.9.25/ide/plugins/com.nxp.mcuxpresso.tools.linux_24.9.0.202407110857/tools/bin/../lib/gcc/arm-none-eabi/13.2.1/thumb/v7-m/nofp/libcr_eabihelpers.a(memcpy.o)
 .ARM.attributes
                0x000003cc       0x2d /usr/local/mcuxpressoide-24.9.25/ide/plugins/com.nxp.mcuxpresso.tools.linux_24.9.0.202407110857/tools/bin/../lib/gcc/arm-none-eabi/13.2.1/../../../../arm-none-eabi/lib/thumb/v7-m/nofp/libcr_semihost.a(__ciob.o)
 .ARM.attributes
                0x000003f9       0x1b /usr/local/mcuxpressoide-24.9.25/ide/plugins/com.nxp.mcuxpresso.tools.linux_24.9.0.202407110857/tools/bin/../lib/gcc/arm-none-eabi/13.2.1/../../../../arm-none-eabi/lib/thumb/v7-m/nofp/libcr_semihost.a(__sys_close.o)
 .ARM.attributes
                0x00000414       0x1b /usr/local/mcuxpressoide-24.9.25/ide/plugins/com.nxp.mcuxpresso.tools.linux_24.9.0.202407110857/tools/bin/../lib/gcc/arm-none-eabi/13.2.1/../../../../arm-none-eabi/lib/thumb/v7-m/nofp/libcr_semihost.a(__sys_flen.o)
 .ARM.attributes
                0x0000042f       0x1b /usr/local/mcuxpressoide-24.9.25/ide/plugins/com.nxp.mcuxpresso.tools.linux_24.9.0.202407110857/tools/bin/../lib/gcc/arm-none-eabi/13.2.1/../../../../arm-none-eabi/lib/thumb/v7-m/nofp/libcr_semihost.a(__sys_istty.o)
 .ARM.attributes
                0x0000044a       0x1b /usr/local/mcuxpressoide-24.9.25/ide/plugins/com.nxp.mcuxpresso.tools.linux_24.9.0.202407110857/tools/bin/../lib/gcc/arm-none-eabi/13.2.1/../../../../arm-none-eabi/lib/thumb/v7-m/nofp/libcr_semihost.a(__sys_remove.o)
 .ARM.attributes
                0x00000465       0x1b /usr/local/mcuxpressoide-24.9.25/ide/plugins/com.nxp.mcuxpresso.tools.linux_24.9.0.202407110857/tools/bin/../lib/gcc/arm-none-eabi/13.2.1/../../../../arm-none-eabi/lib/thumb/v7-m/nofp/libcr_semihost.a(__sys_seek.o)
 .ARM.attributes
                0x00000480       0x1b /usr/local/mcuxpressoide-24.9.25/ide/plugins/com.nxp.mcuxpresso.tools.linux_24.9.0.202407110857/tools/bin/../lib/gcc/arm-none-eabi/13.2.1/../../../../arm-none-eabi/lib/thumb/v7-m/nofp/libcr_semihost.a(__sys_tmpnam.o)
 .ARM.attributes
                0x0000049b       0x1b /usr/local/mcuxpressoide-24.9.25/ide/plugins/com.nxp.mcuxpresso.tools.linux_24.9.0.202407110857/tools/bin/../lib/gcc/arm-none-eabi/13.2.1/../../../../arm-none-eabi/lib/thumb/v7-m/nofp/libcr_semihost.a(__sys_write.o)

.debug_frame    0x00000000      0x590
 .debug_frame   0x00000000      0x170 ./src/cr_startup_lpc175x_6x.o
 .debug_frame   0x00000170       0x2c ./src/main_project.o
 .debug_frame   0x0000019c       0x64 ./src/utils.o
 .debug_frame   0x00000200       0x2c /usr/local/mcuxpressoide-24.9.25/ide/plugins/com.nxp.mcuxpresso.tools.linux_24.9.0.202407110857/tools/bin/../lib/gcc/arm-none-eabi/13.2.1/../../../../arm-none-eabi/lib/thumb/v7-m/nofp/libcr_semihost.a(_cr__main.o)
 .debug_frame   0x0000022c       0x58 /usr/local/mcuxpressoide-24.9.25/ide/plugins/com.nxp.mcuxpresso.tools.linux_24.9.0.202407110857/tools/bin/../lib/gcc/arm-none-eabi/13.2.1/../../../../arm-none-eabi/lib/thumb/v7-m/nofp/libcr_c.a(initio.o)
 .debug_frame   0x00000284       0x2c /usr/local/mcuxpressoide-24.9.25/ide/plugins/com.nxp.mcuxpresso.tools.linux_24.9.0.202407110857/tools/bin/../lib/gcc/arm-none-eabi/13.2.1/../../../../arm-none-eabi/lib/thumb/v7-m/nofp/libcr_c.a(setvbuf.o)
 .debug_frame   0x000002b0       0x2c /usr/local/mcuxpressoide-24.9.25/ide/plugins/com.nxp.mcuxpresso.tools.linux_24.9.0.202407110857/tools/bin/../lib/gcc/arm-none-eabi/13.2.1/../../../../arm-none-eabi/lib/thumb/v7-m/nofp/libcr_c.a(_fdopen.o)
 .debug_frame   0x000002dc       0x38 /usr/local/mcuxpressoide-24.9.25/ide/plugins/com.nxp.mcuxpresso.tools.linux_24.9.0.202407110857/tools/bin/../lib/gcc/arm-none-eabi/13.2.1/../../../../arm-none-eabi/lib/thumb/v7-m/nofp/libcr_c.a(fclose.o)
 .debug_frame   0x00000314       0x3c /usr/local/mcuxpressoide-24.9.25/ide/plugins/com.nxp.mcuxpresso.tools.linux_24.9.0.202407110857/tools/bin/../lib/gcc/arm-none-eabi/13.2.1/../../../../arm-none-eabi/lib/thumb/v7-m/nofp/libcr_c.a(fflush.o)
 .debug_frame   0x00000350       0x34 /usr/local/mcuxpressoide-24.9.25/ide/plugins/com.nxp.mcuxpresso.tools.linux_24.9.0.202407110857/tools/bin/../lib/gcc/arm-none-eabi/13.2.1/../../../../arm-none-eabi/lib/thumb/v7-m/nofp/libcr_c.a(fseek.o)
 .debug_frame   0x00000384       0x20 /usr/local/mcuxpressoide-24.9.25/ide/plugins/com.nxp.mcuxpresso.tools.linux_24.9.0.202407110857/tools/bin/../lib/gcc/arm-none-eabi/13.2.1/../../../../arm-none-eabi/lib/thumb/v7-m/nofp/libcr_c.a(ftell.o)
 .debug_frame   0x000003a4       0x48 /usr/local/mcuxpressoide-24.9.25/ide/plugins/com.nxp.mcuxpresso.tools.linux_24.9.0.202407110857/tools/bin/../lib/gcc/arm-none-eabi/13.2.1/../../../../arm-none-eabi/lib/thumb/v7-m/nofp/libcr_c.a(remove.o)
 .debug_frame   0x000003ec       0x28 /usr/local/mcuxpressoide-24.9.25/ide/plugins/com.nxp.mcuxpresso.tools.linux_24.9.0.202407110857/tools/bin/../lib/gcc/arm-none-eabi/13.2.1/../../../../arm-none-eabi/lib/thumb/v7-m/nofp/libcr_c.a(strlen.o)
 .debug_frame   0x00000414       0x20 /usr/local/mcuxpressoide-24.9.25/ide/plugins/com.nxp.mcuxpresso.tools.linux_24.9.0.202407110857/tools/bin/../lib/gcc/arm-none-eabi/13.2.1/../../../../arm-none-eabi/lib/thumb/v7-m/nofp/libcr_c.a(memset.o)
 .debug_frame   0x00000434       0x2c /usr/local/mcuxpressoide-24.9.25/ide/plugins/com.nxp.mcuxpresso.tools.linux_24.9.0.202407110857/tools/bin/../lib/gcc/arm-none-eabi/13.2.1/../../../../arm-none-eabi/lib/thumb/v7-m/nofp/libcr_c.a(_do_fflush.o)
 .debug_frame   0x00000460       0x2c /usr/local/mcuxpressoide-24.9.25/ide/plugins/com.nxp.mcuxpresso.tools.linux_24.9.0.202407110857/tools/bin/../lib/gcc/arm-none-eabi/13.2.1/../../../../arm-none-eabi/lib/thumb/v7-m/nofp/libcr_c.a(_fflush.o)
 .debug_frame   0x0000048c       0x30 /usr/local/mcuxpressoide-24.9.25/ide/plugins/com.nxp.mcuxpresso.tools.linux_24.9.0.202407110857/tools/bin/../lib/gcc/arm-none-eabi/13.2.1/../../../../arm-none-eabi/lib/thumb/v7-m/nofp/libcr_c.a(_writebuf.o)
 .debug_frame   0x000004bc       0x90 /usr/local/mcuxpressoide-24.9.25/ide/plugins/com.nxp.mcuxpresso.tools.linux_24.9.0.202407110857/tools/bin/../lib/gcc/arm-none-eabi/13.2.1/../../../../arm-none-eabi/lib/thumb/v7-m/nofp/libcr_c.a(alloc.o)
 .debug_frame   0x0000054c       0x44 /usr/local/mcuxpressoide-24.9.25/ide/plugins/com.nxp.mcuxpresso.tools.linux_24.9.0.202407110857/tools/bin/../lib/gcc/arm-none-eabi/13.2.1/../../../../arm-none-eabi/lib/thumb/v7-m/nofp/libcr_c.a(_deferredlazyseek.o)

.debug_loc      0x00000000     0x1477
 .debug_loc     0x00000000       0x68 /usr/local/mcuxpressoide-24.9.25/ide/plugins/com.nxp.mcuxpresso.tools.linux_24.9.0.202407110857/tools/bin/../lib/gcc/arm-none-eabi/13.2.1/../../../../arm-none-eabi/lib/thumb/v7-m/nofp/libcr_c.a(initio.o)
 .debug_loc     0x00000068      0x11e /usr/local/mcuxpressoide-24.9.25/ide/plugins/com.nxp.mcuxpresso.tools.linux_24.9.0.202407110857/tools/bin/../lib/gcc/arm-none-eabi/13.2.1/../../../../arm-none-eabi/lib/thumb/v7-m/nofp/libcr_c.a(setvbuf.o)
 .debug_loc     0x00000186      0x12d /usr/local/mcuxpressoide-24.9.25/ide/plugins/com.nxp.mcuxpresso.tools.linux_24.9.0.202407110857/tools/bin/../lib/gcc/arm-none-eabi/13.2.1/../../../../arm-none-eabi/lib/thumb/v7-m/nofp/libcr_c.a(_fdopen.o)
 .debug_loc     0x000002b3       0x73 /usr/local/mcuxpressoide-24.9.25/ide/plugins/com.nxp.mcuxpresso.tools.linux_24.9.0.202407110857/tools/bin/../lib/gcc/arm-none-eabi/13.2.1/../../../../arm-none-eabi/lib/thumb/v7-m/nofp/libcr_c.a(fclose.o)
 .debug_loc     0x00000326       0xae /usr/local/mcuxpressoide-24.9.25/ide/plugins/com.nxp.mcuxpresso.tools.linux_24.9.0.202407110857/tools/bin/../lib/gcc/arm-none-eabi/13.2.1/../../../../arm-none-eabi/lib/thumb/v7-m/nofp/libcr_c.a(fflush.o)
 .debug_loc     0x000003d4       0xee /usr/local/mcuxpressoide-24.9.25/ide/plugins/com.nxp.mcuxpresso.tools.linux_24.9.0.202407110857/tools/bin/../lib/gcc/arm-none-eabi/13.2.1/../../../../arm-none-eabi/lib/thumb/v7-m/nofp/libcr_c.a(fseek.o)
 .debug_loc     0x000004c2       0xb7 /usr/local/mcuxpressoide-24.9.25/ide/plugins/com.nxp.mcuxpresso.tools.linux_24.9.0.202407110857/tools/bin/../lib/gcc/arm-none-eabi/13.2.1/../../../../arm-none-eabi/lib/thumb/v7-m/nofp/libcr_c.a(ftell.o)
 .debug_loc     0x00000579       0xcd /usr/local/mcuxpressoide-24.9.25/ide/plugins/com.nxp.mcuxpresso.tools.linux_24.9.0.202407110857/tools/bin/../lib/gcc/arm-none-eabi/13.2.1/../../../../arm-none-eabi/lib/thumb/v7-m/nofp/libcr_c.a(remove.o)
 .debug_loc     0x00000646       0xe1 /usr/local/mcuxpressoide-24.9.25/ide/plugins/com.nxp.mcuxpresso.tools.linux_24.9.0.202407110857/tools/bin/../lib/gcc/arm-none-eabi/13.2.1/../../../../arm-none-eabi/lib/thumb/v7-m/nofp/libcr_c.a(strlen.o)
 .debug_loc     0x00000727       0x81 /usr/local/mcuxpressoide-24.9.25/ide/plugins/com.nxp.mcuxpresso.tools.linux_24.9.0.202407110857/tools/bin/../lib/gcc/arm-none-eabi/13.2.1/../../../../arm-none-eabi/lib/thumb/v7-m/nofp/libcr_c.a(memset.o)
 .debug_loc     0x000007a8       0x73 /usr/local/mcuxpressoide-24.9.25/ide/plugins/com.nxp.mcuxpresso.tools.linux_24.9.0.202407110857/tools/bin/../lib/gcc/arm-none-eabi/13.2.1/../../../../arm-none-eabi/lib/thumb/v7-m/nofp/libcr_c.a(_do_fflush.o)
 .debug_loc     0x0000081b       0xfa /usr/local/mcuxpressoide-24.9.25/ide/plugins/com.nxp.mcuxpresso.tools.linux_24.9.0.202407110857/tools/bin/../lib/gcc/arm-none-eabi/13.2.1/../../../../arm-none-eabi/lib/thumb/v7-m/nofp/libcr_c.a(_fflush.o)
 .debug_loc     0x00000915      0x12b /usr/local/mcuxpressoide-24.9.25/ide/plugins/com.nxp.mcuxpresso.tools.linux_24.9.0.202407110857/tools/bin/../lib/gcc/arm-none-eabi/13.2.1/../../../../arm-none-eabi/lib/thumb/v7-m/nofp/libcr_c.a(_writebuf.o)
 .debug_loc     0x00000a40      0x8a8 /usr/local/mcuxpressoide-24.9.25/ide/plugins/com.nxp.mcuxpresso.tools.linux_24.9.0.202407110857/tools/bin/../lib/gcc/arm-none-eabi/13.2.1/../../../../arm-none-eabi/lib/thumb/v7-m/nofp/libcr_c.a(alloc.o)
 .debug_loc     0x000012e8      0x18f /usr/local/mcuxpressoide-24.9.25/ide/plugins/com.nxp.mcuxpresso.tools.linux_24.9.0.202407110857/tools/bin/../lib/gcc/arm-none-eabi/13.2.1/../../../../arm-none-eabi/lib/thumb/v7-m/nofp/libcr_c.a(_deferredlazyseek.o)

Cross Reference Table

Symbol                                            File
ADC_IRQHandler                                    ./src/cr_startup_lpc175x_6x.o
BOD_IRQHandler                                    ./src/cr_startup_lpc175x_6x.o
BusFault_Handler                                  ./src/cr_startup_lpc175x_6x.o
CANActivity_IRQHandler                            ./src/cr_startup_lpc175x_6x.o
CAN_IRQHandler                                    ./src/cr_startup_lpc175x_6x.o
CRP_WORD                                          ./src/crp.o
DMA_IRQHandler                                    ./src/cr_startup_lpc175x_6x.o
DebugMon_Handler                                  ./src/cr_startup_lpc175x_6x.o
EINT0_IRQHandler                                  ./src/cr_startup_lpc175x_6x.o
EINT1_IRQHandler                                  ./src/cr_startup_lpc175x_6x.o
EINT2_IRQHandler                                  ./src/cr_startup_lpc175x_6x.o
EINT3_IRQHandler                                  ./src/cr_startup_lpc175x_6x.o
ENET_IRQHandler                                   ./src/cr_startup_lpc175x_6x.o
HardFault_Handler                                 ./src/cr_startup_lpc175x_6x.o
I2C0_IRQHandler                                   ./src/cr_startup_lpc175x_6x.o
I2C1_IRQHandler                                   ./src/cr_startup_lpc175x_6x.o
I2C2_IRQHandler                                   ./src/cr_startup_lpc175x_6x.o
I2S_IRQHandler                                    ./src/cr_startup_lpc175x_6x.o
IntDefaultHandler                                 ./src/cr_startup_lpc175x_6x.o
MCPWM_IRQHandler                                  ./src/cr_startup_lpc175x_6x.o
MemManage_Handler                                 ./src/cr_startup_lpc175x_6x.o
NMI_Handler                                       ./src/cr_startup_lpc175x_6x.o
PLL0_IRQHandler                                   ./src/cr_startup_lpc175x_6x.o
PLL1_IRQHandler                                   ./src/cr_startup_lpc175x_6x.o
PWM1_IRQHandler                                   ./src/cr_startup_lpc175x_6x.o
PendSV_Handler                                    ./src/cr_startup_lpc175x_6x.o
QEI_IRQHandler                                    ./src/cr_startup_lpc175x_6x.o
RIT_IRQHandler                                    ./src/cr_startup_lpc175x_6x.o
RTC_IRQHandler                                    ./src/cr_startup_lpc175x_6x.o
ResetISR                                          ./src/cr_startup_lpc175x_6x.o
SPI_IRQHandler                                    ./src/cr_startup_lpc175x_6x.o
SSP0_IRQHandler                                   ./src/cr_startup_lpc175x_6x.o
SSP1_IRQHandler                                   ./src/cr_startup_lpc175x_6x.o
SVC_Handler                                       ./src/cr_startup_lpc175x_6x.o
SysTick_Handler                                   ./src/cr_startup_lpc175x_6x.o
SystemCoreClock                                   ./src/utils.o
SystemCoreClockUpdate                             ./src/utils.o
SystemInit                                        ./src/utils.o
                                                  ./src/main_project.o
TIMER0_IRQHandler                                 ./src/cr_startup_lpc175x_6x.o
TIMER1_IRQHandler                                 ./src/cr_startup_lpc175x_6x.o
TIMER2_IRQHandler                                 ./src/cr_startup_lpc175x_6x.o
TIMER3_IRQHandler                                 ./src/cr_startup_lpc175x_6x.o
UART0_IRQHandler                                  ./src/cr_startup_lpc175x_6x.o
UART1_IRQHandler                                  ./src/cr_startup_lpc175x_6x.o
UART2_IRQHandler                                  ./src/cr_startup_lpc175x_6x.o
UART3_IRQHandler                                  ./src/cr_startup_lpc175x_6x.o
USBActivity_IRQHandler                            ./src/cr_startup_lpc175x_6x.o
USB_IRQHandler                                    ./src/cr_startup_lpc175x_6x.o
UsageFault_Handler                                ./src/cr_startup_lpc175x_6x.o
WDT_IRQHandler                                    ./src/cr_startup_lpc175x_6x.o
_Csys_alloc                                       /usr/local/mcuxpressoide-24.9.25/ide/plugins/com.nxp.mcuxpresso.tools.linux_24.9.0.202407110857/tools/bin/../lib/gcc/arm-none-eabi/13.2.1/../../../../arm-none-eabi/lib/thumb/v7-m/nofp/libcr_c.a(alloc.o)
                                                  /usr/local/mcuxpressoide-24.9.25/ide/plugins/com.nxp.mcuxpresso.tools.linux_24.9.0.202407110857/tools/bin/../lib/gcc/arm-none-eabi/13.2.1/../../../../arm-none-eabi/lib/thumb/v7-m/nofp/libcr_c.a(_deferredlazyseek.o)
_Cwritebuf                                        /usr/local/mcuxpressoide-24.9.25/ide/plugins/com.nxp.mcuxpresso.tools.linux_24.9.0.202407110857/tools/bin/../lib/gcc/arm-none-eabi/13.2.1/../../../../arm-none-eabi/lib/thumb/v7-m/nofp/libcr_c.a(_writebuf.o)
                                                  /usr/local/mcuxpressoide-24.9.25/ide/plugins/com.nxp.mcuxpresso.tools.linux_24.9.0.202407110857/tools/bin/../lib/gcc/arm-none-eabi/13.2.1/../../../../arm-none-eabi/lib/thumb/v7-m/nofp/libcr_c.a(_deferredlazyseek.o)
                                                  /usr/local/mcuxpressoide-24.9.25/ide/plugins/com.nxp.mcuxpresso.tools.linux_24.9.0.202407110857/tools/bin/../lib/gcc/arm-none-eabi/13.2.1/../../../../arm-none-eabi/lib/thumb/v7-m/nofp/libcr_c.a(_fflush.o)
__CR_SEMIHOST                                     /usr/local/mcuxpressoide-24.9.25/ide/plugins/com.nxp.mcuxpresso.tools.linux_24.9.0.202407110857/tools/bin/../lib/gcc/arm-none-eabi/13.2.1/../../../../arm-none-eabi/lib/thumb/v7-m/nofp/libcr_semihost.a(_cr__main.o)
__Ciob                                            /usr/local/mcuxpressoide-24.9.25/ide/plugins/com.nxp.mcuxpresso.tools.linux_24.9.0.202407110857/tools/bin/../lib/gcc/arm-none-eabi/13.2.1/../../../../arm-none-eabi/lib/thumb/v7-m/nofp/libcr_semihost.a(__ciob.o)
                                                  /usr/local/mcuxpressoide-24.9.25/ide/plugins/com.nxp.mcuxpresso.tools.linux_24.9.0.202407110857/tools/bin/../lib/gcc/arm-none-eabi/13.2.1/../../../../arm-none-eabi/lib/thumb/v7-m/nofp/libcr_c.a(fflush.o)
                                                  /usr/local/mcuxpressoide-24.9.25/ide/plugins/com.nxp.mcuxpresso.tools.linux_24.9.0.202407110857/tools/bin/../lib/gcc/arm-none-eabi/13.2.1/../../../../arm-none-eabi/lib/thumb/v7-m/nofp/libcr_c.a(initio.o)
__aeabi_idiv0                                     /usr/local/mcuxpressoide-24.9.25/ide/plugins/com.nxp.mcuxpresso.tools.linux_24.9.0.202407110857/tools/bin/../lib/gcc/arm-none-eabi/13.2.1/thumb/v7-m/nofp/libcr_eabihelpers.a(division_idiv0.o)
                                                  /usr/local/mcuxpressoide-24.9.25/ide/plugins/com.nxp.mcuxpresso.tools.linux_24.9.0.202407110857/tools/bin/../lib/gcc/arm-none-eabi/13.2.1/thumb/v7-m/nofp/libcr_eabihelpers.a(division_64.o)
__aeabi_ldivmod                                   /usr/local/mcuxpressoide-24.9.25/ide/plugins/com.nxp.mcuxpresso.tools.linux_24.9.0.202407110857/tools/bin/../lib/gcc/arm-none-eabi/13.2.1/thumb/v7-m/nofp/libcr_eabihelpers.a(division_64.o)
__aeabi_lowlevel_memset                           /usr/local/mcuxpressoide-24.9.25/ide/plugins/com.nxp.mcuxpresso.tools.linux_24.9.0.202407110857/tools/bin/../lib/gcc/arm-none-eabi/13.2.1/thumb/v7-m/nofp/libcr_eabihelpers.a(memcpy.o)
                                                  /usr/local/mcuxpressoide-24.9.25/ide/plugins/com.nxp.mcuxpresso.tools.linux_24.9.0.202407110857/tools/bin/../lib/gcc/arm-none-eabi/13.2.1/../../../../arm-none-eabi/lib/thumb/v7-m/nofp/libcr_c.a(memset.o)
__aeabi_memclr                                    /usr/local/mcuxpressoide-24.9.25/ide/plugins/com.nxp.mcuxpresso.tools.linux_24.9.0.202407110857/tools/bin/../lib/gcc/arm-none-eabi/13.2.1/thumb/v7-m/nofp/libcr_eabihelpers.a(memcpy.o)
__aeabi_memclr4                                   /usr/local/mcuxpressoide-24.9.25/ide/plugins/com.nxp.mcuxpresso.tools.linux_24.9.0.202407110857/tools/bin/../lib/gcc/arm-none-eabi/13.2.1/thumb/v7-m/nofp/libcr_eabihelpers.a(memcpy.o)
__aeabi_memclr8                                   /usr/local/mcuxpressoide-24.9.25/ide/plugins/com.nxp.mcuxpresso.tools.linux_24.9.0.202407110857/tools/bin/../lib/gcc/arm-none-eabi/13.2.1/thumb/v7-m/nofp/libcr_eabihelpers.a(memcpy.o)
__aeabi_memcpy                                    /usr/local/mcuxpressoide-24.9.25/ide/plugins/com.nxp.mcuxpresso.tools.linux_24.9.0.202407110857/tools/bin/../lib/gcc/arm-none-eabi/13.2.1/thumb/v7-m/nofp/libcr_eabihelpers.a(memcpy.o)
                                                  /usr/local/mcuxpressoide-24.9.25/ide/plugins/com.nxp.mcuxpresso.tools.linux_24.9.0.202407110857/tools/bin/../lib/gcc/arm-none-eabi/13.2.1/../../../../arm-none-eabi/lib/thumb/v7-m/nofp/libcr_c.a(memcpy.o)
__aeabi_memcpy4                                   /usr/local/mcuxpressoide-24.9.25/ide/plugins/com.nxp.mcuxpresso.tools.linux_24.9.0.202407110857/tools/bin/../lib/gcc/arm-none-eabi/13.2.1/thumb/v7-m/nofp/libcr_eabihelpers.a(memcpy.o)
__aeabi_memcpy8                                   /usr/local/mcuxpressoide-24.9.25/ide/plugins/com.nxp.mcuxpresso.tools.linux_24.9.0.202407110857/tools/bin/../lib/gcc/arm-none-eabi/13.2.1/thumb/v7-m/nofp/libcr_eabihelpers.a(memcpy.o)
__aeabi_memmove                                   /usr/local/mcuxpressoide-24.9.25/ide/plugins/com.nxp.mcuxpresso.tools.linux_24.9.0.202407110857/tools/bin/../lib/gcc/arm-none-eabi/13.2.1/thumb/v7-m/nofp/libcr_eabihelpers.a(memcpy.o)
__aeabi_memmove4                                  /usr/local/mcuxpressoide-24.9.25/ide/plugins/com.nxp.mcuxpresso.tools.linux_24.9.0.202407110857/tools/bin/../lib/gcc/arm-none-eabi/13.2.1/thumb/v7-m/nofp/libcr_eabihelpers.a(memcpy.o)
__aeabi_memmove8                                  /usr/local/mcuxpressoide-24.9.25/ide/plugins/com.nxp.mcuxpresso.tools.linux_24.9.0.202407110857/tools/bin/../lib/gcc/arm-none-eabi/13.2.1/thumb/v7-m/nofp/libcr_eabihelpers.a(memcpy.o)
__aeabi_memset                                    /usr/local/mcuxpressoide-24.9.25/ide/plugins/com.nxp.mcuxpresso.tools.linux_24.9.0.202407110857/tools/bin/../lib/gcc/arm-none-eabi/13.2.1/thumb/v7-m/nofp/libcr_eabihelpers.a(memcpy.o)
__aeabi_memset4                                   /usr/local/mcuxpressoide-24.9.25/ide/plugins/com.nxp.mcuxpresso.tools.linux_24.9.0.202407110857/tools/bin/../lib/gcc/arm-none-eabi/13.2.1/thumb/v7-m/nofp/libcr_eabihelpers.a(memcpy.o)
__aeabi_memset8                                   /usr/local/mcuxpressoide-24.9.25/ide/plugins/com.nxp.mcuxpresso.tools.linux_24.9.0.202407110857/tools/bin/../lib/gcc/arm-none-eabi/13.2.1/thumb/v7-m/nofp/libcr_eabihelpers.a(memcpy.o)
__aeabi_uldivmod                                  /usr/local/mcuxpressoide-24.9.25/ide/plugins/com.nxp.mcuxpresso.tools.linux_24.9.0.202407110857/tools/bin/../lib/gcc/arm-none-eabi/13.2.1/thumb/v7-m/nofp/libcr_eabihelpers.a(division_64.o)
                                                  ./src/utils.o
__bhs_ldivmod1                                    /usr/local/mcuxpressoide-24.9.25/ide/plugins/com.nxp.mcuxpresso.tools.linux_24.9.0.202407110857/tools/bin/../lib/gcc/arm-none-eabi/13.2.1/thumb/v7-m/nofp/libcr_eabihelpers.a(division_64.o)
__bss_section_table_end                           ./src/cr_startup_lpc175x_6x.o
__check_heap_overflow                             /usr/local/mcuxpressoide-24.9.25/ide/plugins/com.nxp.mcuxpresso.tools.linux_24.9.0.202407110857/tools/bin/../lib/gcc/arm-none-eabi/13.2.1/../../../../arm-none-eabi/lib/thumb/v7-m/nofp/libcr_c.a(_cr_check_heap.o)
                                                  /usr/local/mcuxpressoide-24.9.25/ide/plugins/com.nxp.mcuxpresso.tools.linux_24.9.0.202407110857/tools/bin/../lib/gcc/arm-none-eabi/13.2.1/../../../../arm-none-eabi/lib/thumb/v7-m/nofp/libcr_c.a(_cr_sbrk.o)
__data_section_table                              ./src/cr_startup_lpc175x_6x.o
__data_section_table_end                          ./src/cr_startup_lpc175x_6x.o
__end_of_heap                                     /usr/local/mcuxpressoide-24.9.25/ide/plugins/com.nxp.mcuxpresso.tools.linux_24.9.0.202407110857/tools/bin/../lib/gcc/arm-none-eabi/13.2.1/../../../../arm-none-eabi/lib/thumb/v7-m/nofp/libcr_c.a(__init_alloc.o)
                                                  /usr/local/mcuxpressoide-24.9.25/ide/plugins/com.nxp.mcuxpresso.tools.linux_24.9.0.202407110857/tools/bin/../lib/gcc/arm-none-eabi/13.2.1/../../../../arm-none-eabi/lib/thumb/v7-m/nofp/libcr_c.a(_cr_sbrk.o)
__exit                                            /usr/local/mcuxpressoide-24.9.25/ide/plugins/com.nxp.mcuxpresso.tools.linux_24.9.0.202407110857/tools/bin/../lib/gcc/arm-none-eabi/13.2.1/../../../../arm-none-eabi/lib/thumb/v7-m/nofp/libcr_semihost.a(__sys_appexit.o)
__flsbuf                                          /usr/local/mcuxpressoide-24.9.25/ide/plugins/com.nxp.mcuxpresso.tools.linux_24.9.0.202407110857/tools/bin/../lib/gcc/arm-none-eabi/13.2.1/../../../../arm-none-eabi/lib/thumb/v7-m/nofp/libcr_c.a(_deferredlazyseek.o)
__heaps                                           /usr/local/mcuxpressoide-24.9.25/ide/plugins/com.nxp.mcuxpresso.tools.linux_24.9.0.202407110857/tools/bin/../lib/gcc/arm-none-eabi/13.2.1/../../../../arm-none-eabi/lib/thumb/v7-m/nofp/libcr_c.a(__init_alloc.o)
                                                  /usr/local/mcuxpressoide-24.9.25/ide/plugins/com.nxp.mcuxpresso.tools.linux_24.9.0.202407110857/tools/bin/../lib/gcc/arm-none-eabi/13.2.1/../../../../arm-none-eabi/lib/thumb/v7-m/nofp/libcr_c.a(alloc.o)
__main                                            /usr/local/mcuxpressoide-24.9.25/ide/plugins/com.nxp.mcuxpresso.tools.linux_24.9.0.202407110857/tools/bin/../lib/gcc/arm-none-eabi/13.2.1/../../../../arm-none-eabi/lib/thumb/v7-m/nofp/libcr_semihost.a(_cr__main.o)
                                                  ./src/cr_startup_lpc175x_6x.o
__num_Ciob_streams                                /usr/local/mcuxpressoide-24.9.25/ide/plugins/com.nxp.mcuxpresso.tools.linux_24.9.0.202407110857/tools/bin/../lib/gcc/arm-none-eabi/13.2.1/../../../../arm-none-eabi/lib/thumb/v7-m/nofp/libcr_semihost.a(__ciob.o)
                                                  /usr/local/mcuxpressoide-24.9.25/ide/plugins/com.nxp.mcuxpresso.tools.linux_24.9.0.202407110857/tools/bin/../lib/gcc/arm-none-eabi/13.2.1/../../../../arm-none-eabi/lib/thumb/v7-m/nofp/libcr_c.a(fflush.o)
                                                  /usr/local/mcuxpressoide-24.9.25/ide/plugins/com.nxp.mcuxpresso.tools.linux_24.9.0.202407110857/tools/bin/../lib/gcc/arm-none-eabi/13.2.1/../../../../arm-none-eabi/lib/thumb/v7-m/nofp/libcr_c.a(initio.o)
__sys_appexit                                     /usr/local/mcuxpressoide-24.9.25/ide/plugins/com.nxp.mcuxpresso.tools.linux_24.9.0.202407110857/tools/bin/../lib/gcc/arm-none-eabi/13.2.1/../../../../arm-none-eabi/lib/thumb/v7-m/nofp/libcr_semihost.a(__sys_appexit.o)
                                                  /usr/local/mcuxpressoide-24.9.25/ide/plugins/com.nxp.mcuxpresso.tools.linux_24.9.0.202407110857/tools/bin/../lib/gcc/arm-none-eabi/13.2.1/../../../../arm-none-eabi/lib/thumb/v7-m/nofp/libcr_c.a(alloc.o)
__sys_close                                       /usr/local/mcuxpressoide-24.9.25/ide/plugins/com.nxp.mcuxpresso.tools.linux_24.9.0.202407110857/tools/bin/../lib/gcc/arm-none-eabi/13.2.1/../../../../arm-none-eabi/lib/thumb/v7-m/nofp/libcr_semihost.a(__sys_close.o)
                                                  /usr/local/mcuxpressoide-24.9.25/ide/plugins/com.nxp.mcuxpresso.tools.linux_24.9.0.202407110857/tools/bin/../lib/gcc/arm-none-eabi/13.2.1/../../../../arm-none-eabi/lib/thumb/v7-m/nofp/libcr_c.a(fclose.o)
__sys_flen                                        /usr/local/mcuxpressoide-24.9.25/ide/plugins/com.nxp.mcuxpresso.tools.linux_24.9.0.202407110857/tools/bin/../lib/gcc/arm-none-eabi/13.2.1/../../../../arm-none-eabi/lib/thumb/v7-m/nofp/libcr_semihost.a(__sys_flen.o)
                                                  /usr/local/mcuxpressoide-24.9.25/ide/plugins/com.nxp.mcuxpresso.tools.linux_24.9.0.202407110857/tools/bin/../lib/gcc/arm-none-eabi/13.2.1/../../../../arm-none-eabi/lib/thumb/v7-m/nofp/libcr_c.a(_writebuf.o)
                                                  /usr/local/mcuxpressoide-24.9.25/ide/plugins/com.nxp.mcuxpresso.tools.linux_24.9.0.202407110857/tools/bin/../lib/gcc/arm-none-eabi/13.2.1/../../../../arm-none-eabi/lib/thumb/v7-m/nofp/libcr_c.a(fseek.o)
__sys_istty                                       /usr/local/mcuxpressoide-24.9.25/ide/plugins/com.nxp.mcuxpresso.tools.linux_24.9.0.202407110857/tools/bin/../lib/gcc/arm-none-eabi/13.2.1/../../../../arm-none-eabi/lib/thumb/v7-m/nofp/libcr_semihost.a(__sys_istty.o)
                                                  /usr/local/mcuxpressoide-24.9.25/ide/plugins/com.nxp.mcuxpresso.tools.linux_24.9.0.202407110857/tools/bin/../lib/gcc/arm-none-eabi/13.2.1/../../../../arm-none-eabi/lib/thumb/v7-m/nofp/libcr_c.a(_deferredlazyseek.o)
                                                  /usr/local/mcuxpressoide-24.9.25/ide/plugins/com.nxp.mcuxpresso.tools.linux_24.9.0.202407110857/tools/bin/../lib/gcc/arm-none-eabi/13.2.1/../../../../arm-none-eabi/lib/thumb/v7-m/nofp/libcr_c.a(fseek.o)
__sys_remove                                      /usr/local/mcuxpressoide-24.9.25/ide/plugins/com.nxp.mcuxpresso.tools.linux_24.9.0.202407110857/tools/bin/../lib/gcc/arm-none-eabi/13.2.1/../../../../arm-none-eabi/lib/thumb/v7-m/nofp/libcr_semihost.a(__sys_remove.o)
                                                  /usr/local/mcuxpressoide-24.9.25/ide/plugins/com.nxp.mcuxpresso.tools.linux_24.9.0.202407110857/tools/bin/../lib/gcc/arm-none-eabi/13.2.1/../../../../arm-none-eabi/lib/thumb/v7-m/nofp/libcr_c.a(remove.o)
__sys_rename                                      /usr/local/mcuxpressoide-24.9.25/ide/plugins/com.nxp.mcuxpresso.tools.linux_24.9.0.202407110857/tools/bin/../lib/gcc/arm-none-eabi/13.2.1/../../../../arm-none-eabi/lib/thumb/v7-m/nofp/libcr_semihost.a(__sys_rename.o)
                                                  /usr/local/mcuxpressoide-24.9.25/ide/plugins/com.nxp.mcuxpresso.tools.linux_24.9.0.202407110857/tools/bin/../lib/gcc/arm-none-eabi/13.2.1/../../../../arm-none-eabi/lib/thumb/v7-m/nofp/libcr_c.a(remove.o)
__sys_seek                                        /usr/local/mcuxpressoide-24.9.25/ide/plugins/com.nxp.mcuxpresso.tools.linux_24.9.0.202407110857/tools/bin/../lib/gcc/arm-none-eabi/13.2.1/../../../../arm-none-eabi/lib/thumb/v7-m/nofp/libcr_semihost.a(__sys_seek.o)
                                                  /usr/local/mcuxpressoide-24.9.25/ide/plugins/com.nxp.mcuxpresso.tools.linux_24.9.0.202407110857/tools/bin/../lib/gcc/arm-none-eabi/13.2.1/../../../../arm-none-eabi/lib/thumb/v7-m/nofp/libcr_c.a(_writebuf.o)
__sys_tmpnam                                      /usr/local/mcuxpressoide-24.9.25/ide/plugins/com.nxp.mcuxpresso.tools.linux_24.9.0.202407110857/tools/bin/../lib/gcc/arm-none-eabi/13.2.1/../../../../arm-none-eabi/lib/thumb/v7-m/nofp/libcr_semihost.a(__sys_tmpnam.o)
                                                  /usr/local/mcuxpressoide-24.9.25/ide/plugins/com.nxp.mcuxpresso.tools.linux_24.9.0.202407110857/tools/bin/../lib/gcc/arm-none-eabi/13.2.1/../../../../arm-none-eabi/lib/thumb/v7-m/nofp/libcr_c.a(fclose.o)
__sys_write                                       /usr/local/mcuxpressoide-24.9.25/ide/plugins/com.nxp.mcuxpresso.tools.linux_24.9.0.202407110857/tools/bin/../lib/gcc/arm-none-eabi/13.2.1/../../../../arm-none-eabi/lib/thumb/v7-m/nofp/libcr_semihost.a(__sys_write.o)
                                                  /usr/local/mcuxpressoide-24.9.25/ide/plugins/com.nxp.mcuxpresso.tools.linux_24.9.0.202407110857/tools/bin/../lib/gcc/arm-none-eabi/13.2.1/../../../../arm-none-eabi/lib/thumb/v7-m/nofp/libcr_c.a(alloc.o)
                                                  /usr/local/mcuxpressoide-24.9.25/ide/plugins/com.nxp.mcuxpresso.tools.linux_24.9.0.202407110857/tools/bin/../lib/gcc/arm-none-eabi/13.2.1/../../../../arm-none-eabi/lib/thumb/v7-m/nofp/libcr_c.a(_writebuf.o)
__valid_user_code_checksum                        ./src/cr_startup_lpc175x_6x.o
_deferredlazyseek                                 /usr/local/mcuxpressoide-24.9.25/ide/plugins/com.nxp.mcuxpresso.tools.linux_24.9.0.202407110857/tools/bin/../lib/gcc/arm-none-eabi/13.2.1/../../../../arm-none-eabi/lib/thumb/v7-m/nofp/libcr_c.a(_deferredlazyseek.o)
                                                  /usr/local/mcuxpressoide-24.9.25/ide/plugins/com.nxp.mcuxpresso.tools.linux_24.9.0.202407110857/tools/bin/../lib/gcc/arm-none-eabi/13.2.1/../../../../arm-none-eabi/lib/thumb/v7-m/nofp/libcr_c.a(_do_fflush.o)
_do_fflush                                        /usr/local/mcuxpressoide-24.9.25/ide/plugins/com.nxp.mcuxpresso.tools.linux_24.9.0.202407110857/tools/bin/../lib/gcc/arm-none-eabi/13.2.1/../../../../arm-none-eabi/lib/thumb/v7-m/nofp/libcr_c.a(_do_fflush.o)
                                                  /usr/local/mcuxpressoide-24.9.25/ide/plugins/com.nxp.mcuxpresso.tools.linux_24.9.0.202407110857/tools/bin/../lib/gcc/arm-none-eabi/13.2.1/../../../../arm-none-eabi/lib/thumb/v7-m/nofp/libcr_c.a(fflush.o)
_fdopen                                           /usr/local/mcuxpressoide-24.9.25/ide/plugins/com.nxp.mcuxpresso.tools.linux_24.9.0.202407110857/tools/bin/../lib/gcc/arm-none-eabi/13.2.1/../../../../arm-none-eabi/lib/thumb/v7-m/nofp/libcr_c.a(_fdopen.o)
                                                  /usr/local/mcuxpressoide-24.9.25/ide/plugins/com.nxp.mcuxpresso.tools.linux_24.9.0.202407110857/tools/bin/../lib/gcc/arm-none-eabi/13.2.1/../../../../arm-none-eabi/lib/thumb/v7-m/nofp/libcr_c.a(initio.o)
_fflush                                           /usr/local/mcuxpressoide-24.9.25/ide/plugins/com.nxp.mcuxpresso.tools.linux_24.9.0.202407110857/tools/bin/../lib/gcc/arm-none-eabi/13.2.1/../../../../arm-none-eabi/lib/thumb/v7-m/nofp/libcr_c.a(_fflush.o)
                                                  /usr/local/mcuxpressoide-24.9.25/ide/plugins/com.nxp.mcuxpresso.tools.linux_24.9.0.202407110857/tools/bin/../lib/gcc/arm-none-eabi/13.2.1/../../../../arm-none-eabi/lib/thumb/v7-m/nofp/libcr_c.a(_deferredlazyseek.o)
                                                  /usr/local/mcuxpressoide-24.9.25/ide/plugins/com.nxp.mcuxpresso.tools.linux_24.9.0.202407110857/tools/bin/../lib/gcc/arm-none-eabi/13.2.1/../../../../arm-none-eabi/lib/thumb/v7-m/nofp/libcr_c.a(_do_fflush.o)
_init_alloc                                       /usr/local/mcuxpressoide-24.9.25/ide/plugins/com.nxp.mcuxpresso.tools.linux_24.9.0.202407110857/tools/bin/../lib/gcc/arm-none-eabi/13.2.1/../../../../arm-none-eabi/lib/thumb/v7-m/nofp/libcr_c.a(__init_alloc.o)
_initio                                           /usr/local/mcuxpressoide-24.9.25/ide/plugins/com.nxp.mcuxpresso.tools.linux_24.9.0.202407110857/tools/bin/../lib/gcc/arm-none-eabi/13.2.1/../../../../arm-none-eabi/lib/thumb/v7-m/nofp/libcr_c.a(initio.o)
                                                  /usr/local/mcuxpressoide-24.9.25/ide/plugins/com.nxp.mcuxpresso.tools.linux_24.9.0.202407110857/tools/bin/../lib/gcc/arm-none-eabi/13.2.1/../../../../arm-none-eabi/lib/thumb/v7-m/nofp/libcr_semihost.a(_cr__main.o)
_pvHeapLimit                                      /usr/local/mcuxpressoide-24.9.25/ide/plugins/com.nxp.mcuxpresso.tools.linux_24.9.0.202407110857/tools/bin/../lib/gcc/arm-none-eabi/13.2.1/../../../../arm-none-eabi/lib/thumb/v7-m/nofp/libcr_c.a(_cr_check_heap.o)
_pvHeapStart                                      /usr/local/mcuxpressoide-24.9.25/ide/plugins/com.nxp.mcuxpresso.tools.linux_24.9.0.202407110857/tools/bin/../lib/gcc/arm-none-eabi/13.2.1/../../../../arm-none-eabi/lib/thumb/v7-m/nofp/libcr_c.a(_cr_sbrk.o)
_sbrk                                             /usr/local/mcuxpressoide-24.9.25/ide/plugins/com.nxp.mcuxpresso.tools.linux_24.9.0.202407110857/tools/bin/../lib/gcc/arm-none-eabi/13.2.1/../../../../arm-none-eabi/lib/thumb/v7-m/nofp/libcr_c.a(_cr_sbrk.o)
                                                  /usr/local/mcuxpressoide-24.9.25/ide/plugins/com.nxp.mcuxpresso.tools.linux_24.9.0.202407110857/tools/bin/../lib/gcc/arm-none-eabi/13.2.1/../../../../arm-none-eabi/lib/thumb/v7-m/nofp/libcr_c.a(alloc.o)
_terminateio                                      /usr/local/mcuxpressoide-24.9.25/ide/plugins/com.nxp.mcuxpresso.tools.linux_24.9.0.202407110857/tools/bin/../lib/gcc/arm-none-eabi/13.2.1/../../../../arm-none-eabi/lib/thumb/v7-m/nofp/libcr_c.a(initio.o)
_vStackTop                                        ./src/cr_startup_lpc175x_6x.o
bss_init                                          ./src/cr_startup_lpc175x_6x.o