../src/liblcp/utils/dyn_array/dyn_array.c:66:20:auto_growth_condition	16	static
../src/liblcp/utils/dyn_array/dyn_array.c:70:20:auto_shrink_condition	16	static
../src/liblcp/utils/dyn_array/dyn_array.c:73:14:dyn_array_create	32	static
../src/liblcp/utils/dyn_array/dyn_array.c:93:6:dyn_array_destroy	16	static
../src/liblcp/utils/dyn_array/dyn_array.c:100:8:dyn_array_count	16	static
../src/liblcp/utils/dyn_array/dyn_array.c:105:8:dyn_array_size	16	static
../src/liblcp/utils/dyn_array/dyn_array.c:110:8:dyn_array_capacity	16	static
../src/liblcp/utils/dyn_array/dyn_array.c:115:6:dyn_array_is_empty	16	static
../src/liblcp/utils/dyn_array/dyn_array.c:120:7:dyn_array_get	24	static
../src/liblcp/utils/dyn_array/dyn_array.c:131:6:dyn_array_set	40	static
../src/liblcp/utils/dyn_array/dyn_array.c:148:6:dyn_array_push_back	24	static
../src/liblcp/utils/dyn_array/dyn_array.c:157:6:dyn_array_pop_back	16	static
../src/liblcp/utils/dyn_array/dyn_array.c:168:6:dyn_array_insert	40	static
../src/liblcp/utils/dyn_array/dyn_array.c:189:6:dyn_array_remove	32	static
../src/liblcp/utils/dyn_array/dyn_array.c:219:7:dyn_array_reserve	24	static
../src/liblcp/utils/dyn_array/dyn_array.c:236:6:dyn_array_clear	16	static
../src/liblcp/utils/dyn_array/dyn_array.c:242:6:dyn_array_resize	16	static
../src/liblcp/utils/dyn_array/dyn_array.c:248:6:dyn_array_shrink_to_fit	24	static
../src/liblcp/utils/dyn_array/dyn_array.c:260:8:dyn_array_sizeof	4	static
../src/liblcp/utils/dyn_array/dyn_array.c:265:21:get_at	16	static
../src/liblcp/utils/dyn_array/dyn_array.c:270:13:destroy_elements	32	static
../src/liblcp/utils/dyn_array/dyn_array.c:281:13:resize	24	static
../src/liblcp/utils/dyn_array/dyn_array.c:294:13:auto_growth	16	static
../src/liblcp/utils/dyn_array/dyn_array.c:302:13:auto_shrink	16	static
